###############################################################################
#
# IAR ELF Linker V7.40.3.8902/W32 for ARM                 27/May/2016  14:43:53
# Copyright 2007-2015 IAR Systems AB.
#
#    Output file  =  
#        C:\Users\chang\Desktop\STM32L051\Flash\EWARM\Flash\Exe\Flash.out
#    Map file     =  
#        C:\Users\chang\Desktop\STM32L051\Flash\EWARM\Flash/List\Flash.map
#    Command line =  
#        C:\Users\chang\Desktop\STM32L051\Flash\EWARM\Flash\Obj\main.o
#        C:\Users\chang\Desktop\STM32L051\Flash\EWARM\Flash\Obj\startup_stm32l051xx.o
#        C:\Users\chang\Desktop\STM32L051\Flash\EWARM\Flash\Obj\stm32l0xx_hal.o
#        C:\Users\chang\Desktop\STM32L051\Flash\EWARM\Flash\Obj\stm32l0xx_hal_cortex.o
#        C:\Users\chang\Desktop\STM32L051\Flash\EWARM\Flash\Obj\stm32l0xx_hal_dma.o
#        C:\Users\chang\Desktop\STM32L051\Flash\EWARM\Flash\Obj\stm32l0xx_hal_flash.o
#        C:\Users\chang\Desktop\STM32L051\Flash\EWARM\Flash\Obj\stm32l0xx_hal_flash_ex.o
#        C:\Users\chang\Desktop\STM32L051\Flash\EWARM\Flash\Obj\stm32l0xx_hal_flash_ramfunc.o
#        C:\Users\chang\Desktop\STM32L051\Flash\EWARM\Flash\Obj\stm32l0xx_hal_gpio.o
#        C:\Users\chang\Desktop\STM32L051\Flash\EWARM\Flash\Obj\stm32l0xx_hal_i2c.o
#        C:\Users\chang\Desktop\STM32L051\Flash\EWARM\Flash\Obj\stm32l0xx_hal_i2c_ex.o
#        C:\Users\chang\Desktop\STM32L051\Flash\EWARM\Flash\Obj\stm32l0xx_hal_msp.o
#        C:\Users\chang\Desktop\STM32L051\Flash\EWARM\Flash\Obj\stm32l0xx_hal_pwr.o
#        C:\Users\chang\Desktop\STM32L051\Flash\EWARM\Flash\Obj\stm32l0xx_hal_pwr_ex.o
#        C:\Users\chang\Desktop\STM32L051\Flash\EWARM\Flash\Obj\stm32l0xx_hal_rcc.o
#        C:\Users\chang\Desktop\STM32L051\Flash\EWARM\Flash\Obj\stm32l0xx_hal_rcc_ex.o
#        C:\Users\chang\Desktop\STM32L051\Flash\EWARM\Flash\Obj\stm32l0xx_hal_tim.o
#        C:\Users\chang\Desktop\STM32L051\Flash\EWARM\Flash\Obj\stm32l0xx_hal_tim_ex.o
#        C:\Users\chang\Desktop\STM32L051\Flash\EWARM\Flash\Obj\stm32l0xx_it.o
#        C:\Users\chang\Desktop\STM32L051\Flash\EWARM\Flash\Obj\system_stm32l0xx.o
#        --redirect _Printf=_PrintfFull --redirect _Scanf=_ScanfFull -o
#        C:\Users\chang\Desktop\STM32L051\Flash\EWARM\Flash\Exe\Flash.out --map
#        C:\Users\chang\Desktop\STM32L051\Flash\EWARM\Flash/List\Flash.map
#        --config
#        C:\Users\chang\Desktop\STM32L051\Flash\EWARM/stm32l051xx_flash.icf
#        --semihosting --entry __iar_program_start --vfe
#
###############################################################################

*******************************************************************************
*** RUNTIME MODEL ATTRIBUTES
***

CppFlavor       = *
__SystemLibrary = DLib


*******************************************************************************
*** PLACEMENT SUMMARY
***

"A1":  place at 0x08000000 { ro section .intvec };
"P1":  place in [from 0x08000000 to 0x0800ffff] { ro };
"P2":  place in [from 0x20000000 to 0x20001fff] { rw, block CSTACK, block HEAP };

  Section            Kind        Address   Size  Object
  -------            ----        -------   ----  ------
"A1":                                      0xc0
  .intvec            ro code  0x08000000   0xc0  startup_stm32l051xx.o [1]
                            - 0x080000c0   0xc0

"P1":                                     0x9e4
  .text              ro code  0x080000c0  0x5dc  stm32l0xx_hal_rcc.o [1]
  .text              ro code  0x0800069c   0x5c  stm32l0xx_hal.o [1]
  .text              ro code  0x080006f8   0xae  I32DivModFast.o [4]
  .text              ro code  0x080007a6    0x2  startup_stm32l051xx.o [1]
  .text              ro code  0x080007a8   0x38  stm32l0xx_hal_msp.o [1]
  .text              ro code  0x080007e0   0x90  stm32l0xx_hal_cortex.o [1]
  .text              ro code  0x08000870    0x2  IntDivZer.o [4]
  .text              ro code  0x08000872    0x2  startup_stm32l051xx.o [1]
  .text              ro code  0x08000874   0xa8  main.o [1]
  .text              ro code  0x0800091c   0x74  system_stm32l0xx.o [1]
  .text              ro code  0x08000990   0x30  copy_init3.o [4]
  .text              ro code  0x080009c0   0x28  data_init.o [4]
  .iar.init_table    const    0x080009e8   0x14  - Linker created -
  .text              ro code  0x080009fc   0x1a  cmain.o [4]
  .text              ro code  0x08000a16    0x4  low_level_init.o [3]
  .text              ro code  0x08000a1a    0x8  exit.o [3]
  .text              ro code  0x08000a22    0x2  startup_stm32l051xx.o [1]
  .text              ro code  0x08000a24    0xa  cexit.o [4]
  .text              ro code  0x08000a2e    0x2  startup_stm32l051xx.o [1]
  .text              ro code  0x08000a30   0x14  exit.o [5]
  .text              ro code  0x08000a44   0x14  stm32l0xx_it.o [1]
  .text              ro code  0x08000a58   0x10  startup_stm32l051xx.o [1]
  .text              ro code  0x08000a68    0xc  cstartup_M.o [4]
  .text              ro code  0x08000a74    0x2  startup_stm32l051xx.o [1]
  .text              ro code  0x08000a76    0x2  startup_stm32l051xx.o [1]
  .text              ro code  0x08000a78    0x2  startup_stm32l051xx.o [1]
  .text              ro code  0x08000a7a    0x2  startup_stm32l051xx.o [1]
  .text              ro code  0x08000a7c    0x2  startup_stm32l051xx.o [1]
  .text              ro code  0x08000a7e    0x2  startup_stm32l051xx.o [1]
  .text              ro code  0x08000a80    0x2  startup_stm32l051xx.o [1]
  .text              ro code  0x08000a82    0x2  startup_stm32l051xx.o [1]
  .text              ro code  0x08000a84    0x2  startup_stm32l051xx.o [1]
  .text              ro code  0x08000a86    0x2  startup_stm32l051xx.o [1]
  .text              ro code  0x08000a88    0x2  startup_stm32l051xx.o [1]
  .text              ro code  0x08000a8a    0x2  startup_stm32l051xx.o [1]
  .text              ro code  0x08000a8c    0x2  startup_stm32l051xx.o [1]
  .text              ro code  0x08000a8e    0x2  startup_stm32l051xx.o [1]
  .text              ro code  0x08000a90    0x2  startup_stm32l051xx.o [1]
  .text              ro code  0x08000a92    0x2  startup_stm32l051xx.o [1]
  .text              ro code  0x08000a94    0x2  startup_stm32l051xx.o [1]
  .text              ro code  0x08000a96    0x2  startup_stm32l051xx.o [1]
  .text              ro code  0x08000a98    0x2  startup_stm32l051xx.o [1]
  .text              ro code  0x08000a9a    0x2  startup_stm32l051xx.o [1]
  .rodata            const    0x08000a9c    0x0  copy_init3.o [4]
  Initializer bytes  const    0x08000a9c    0x8  <for P2 s0>
                            - 0x08000aa4  0x9e4

"P2":                                     0x408
  P2 s0                       0x20000000    0x8  <Init block>
    .data            inited   0x20000000    0x4  system_stm32l0xx.o [1]
    .bss             inited   0x20000004    0x4  stm32l0xx_hal.o [1]
  CSTACK                      0x20000008  0x400  <Block>
    CSTACK           uninit   0x20000008  0x400  <Block tail>
                            - 0x20000408  0x408


*******************************************************************************
*** INIT TABLE
***

          Address     Size
          -------     ----
Copy (__iar_copy_init3)
    1 source range, total size 0x8:
          0x08000a9c   0x8
    1 destination range, total size 0x8:
          0x20000000   0x8



*******************************************************************************
*** MODULE SUMMARY
***

    Module                  ro code  ro data  rw data
    ------                  -------  -------  -------
C:\Users\chang\Desktop\STM32L051\Flash\EWARM\Flash\Obj: [1]
    main.o                      168
    startup_stm32l051xx.o       256
    stm32l0xx_hal.o              92        4        4
    stm32l0xx_hal_cortex.o      144
    stm32l0xx_hal_msp.o          56
    stm32l0xx_hal_rcc.o       1 500
    stm32l0xx_it.o               20
    system_stm32l0xx.o          116        4        4
    -------------------------------------------------
    Total:                    2 352        8        8

command line: [2]
    -------------------------------------------------
    Total:

dl6M_tlf.a: [3]
    exit.o                        8
    low_level_init.o              4
    -------------------------------------------------
    Total:                       12

rt6M_tl.a: [4]
    I32DivModFast.o             174
    IntDivZer.o                   2
    cexit.o                      10
    cmain.o                      26
    copy_init3.o                 48
    cstartup_M.o                 12
    data_init.o                  40
    -------------------------------------------------
    Total:                      312

shb_l.a: [5]
    exit.o                       20
    -------------------------------------------------
    Total:                       20

    Linker created                        20    1 024
-----------------------------------------------------
    Grand Total:              2 696       28    1 032


*******************************************************************************
*** ENTRY LIST
***

Entry                      Address   Size  Type      Object
-----                      -------   ----  ----      ------
.iar.init_table$$Base   0x080009e8          --   Gb  - Linker created -
.iar.init_table$$Limit  0x080009fc          --   Gb  - Linker created -
?main                   0x080009fd         Code  Gb  cmain.o [4]
AHBPrescTable           0x08000974   0x10  Data  Gb  system_stm32l0xx.o [1]
CSTACK$$Base            0x20000008          --   Gb  - Linker created -
CSTACK$$Limit           0x20000408          --   Gb  - Linker created -
HAL_GetTick             0x080006e5    0x6  Code  Wk  stm32l0xx_hal.o [1]
HAL_IncTick             0x080006db    0xa  Code  Wk  stm32l0xx_hal.o [1]
HAL_Init                0x0800069d   0x1a  Code  Gb  stm32l0xx_hal.o [1]
HAL_InitTick            0x080006b7   0x24  Code  Wk  stm32l0xx_hal.o [1]
HAL_MspInit             0x080007a9   0x38  Code  Gb  stm32l0xx_hal_msp.o [1]
HAL_NVIC_SetPriority    0x08000813    0x8  Code  Gb  stm32l0xx_hal_cortex.o [1]
HAL_RCC_ClockConfig     0x08000491  0x15e  Code  Gb  stm32l0xx_hal_rcc.o [1]
HAL_RCC_GetHCLKFreq     0x08000671    0x6  Code  Gb  stm32l0xx_hal_rcc.o [1]
HAL_RCC_GetSysClockFreq
                        0x08000601   0x70  Code  Gb  stm32l0xx_hal_rcc.o [1]
HAL_RCC_OscConfig       0x080000c1  0x3ba  Code  Gb  stm32l0xx_hal_rcc.o [1]
HAL_SYSTICK_CLKSourceConfig
                        0x08000843   0x18  Code  Gb  stm32l0xx_hal_cortex.o [1]
HAL_SYSTICK_Callback    0x08000863    0x2  Code  Wk  stm32l0xx_hal_cortex.o [1]
HAL_SYSTICK_Config      0x0800081b   0x28  Code  Gb  stm32l0xx_hal_cortex.o [1]
HAL_SYSTICK_IRQHandler  0x0800085b    0x8  Code  Gb  stm32l0xx_hal_cortex.o [1]
HardFault_Handler       0x08000a47    0x2  Code  Gb  stm32l0xx_it.o [1]
NMI_Handler             0x08000a45    0x2  Code  Gb  stm32l0xx_it.o [1]
NVIC_SetPriority        0x080007e1   0x32  Code  Lc  stm32l0xx_hal_cortex.o [1]
PLLMulTable             0x08000984    0xc  Data  Gb  system_stm32l0xx.o [1]
PendSV_Handler          0x08000a4b    0x2  Code  Gb  stm32l0xx_it.o [1]
Region$$Table$$Base     0x080009e8          --   Gb  - Linker created -
Region$$Table$$Limit    0x080009fc          --   Gb  - Linker created -
SVC_Handler             0x08000a49    0x2  Code  Gb  stm32l0xx_it.o [1]
SysTick_Handler         0x08000a4d    0xc  Code  Gb  stm32l0xx_it.o [1]
SystemClock_Config      0x08000893   0x78  Code  Gb  main.o [1]
SystemCoreClock         0x20000000    0x4  Data  Gb  system_stm32l0xx.o [1]
SystemInit              0x0800091d   0x40  Code  Gb  system_stm32l0xx.o [1]
__aeabi_idiv0           0x08000871         Code  Gb  IntDivZer.o [4]
__aeabi_uidiv           0x080006f9         Code  Gb  I32DivModFast.o [4]
__aeabi_uidivmod        0x080006f9         Code  Gb  I32DivModFast.o [4]
__cmain                 0x080009fd         Code  Gb  cmain.o [4]
__exit                  0x08000a31   0x14  Code  Gb  exit.o [5]
__iar_copy_init3        0x08000991   0x30  Code  Gb  copy_init3.o [4]
__iar_data_init3        0x080009c1   0x28  Code  Gb  data_init.o [4]
__iar_program_start     0x08000a69         Code  Gb  cstartup_M.o [4]
__low_level_init        0x08000a17    0x4  Code  Gb  low_level_init.o [3]
__vector_table          0x08000000         Data  Gb  startup_stm32l051xx.o [1]
_call_main              0x08000a09         Code  Gb  cmain.o [4]
_exit                   0x08000a25         Code  Gb  cexit.o [4]
_main                   0x08000a13         Code  Gb  cmain.o [4]
exit                    0x08000a1b    0x8  Code  Gb  exit.o [3]
main                    0x08000875   0x1e  Code  Gb  main.o [1]
uwTick                  0x20000004    0x4  Data  Gb  stm32l0xx_hal.o [1]


[1] = C:\Users\chang\Desktop\STM32L051\Flash\EWARM\Flash\Obj
[2] = command line
[3] = dl6M_tlf.a
[4] = rt6M_tl.a
[5] = shb_l.a

  2 696 bytes of readonly  code memory
     28 bytes of readonly  data memory
  1 032 bytes of readwrite data memory

Errors: none
Warnings: none
