###############################################################################
#
# IAR ELF Linker V2.20.1.176 for STM8                     10/May/2016  15:55:34
# Copyright 2010-2015 IAR Systems AB.
#
#    Output file  =  F:\Manhole\L152\Debug\Exe\manhole.out
#    Map file     =  F:\Manhole\L152\Debug\List\manhole.map
#    Command line =  
#        F:\Manhole\L152\Debug\Obj\delay.o F:\Manhole\L152\Debug\Obj\main.o
#        F:\Manhole\L152\Debug\Obj\stm8l15x_adc.o
#        F:\Manhole\L152\Debug\Obj\stm8l15x_aes.o
#        F:\Manhole\L152\Debug\Obj\stm8l15x_beep.o
#        F:\Manhole\L152\Debug\Obj\stm8l15x_clk.o
#        F:\Manhole\L152\Debug\Obj\stm8l15x_comp.o
#        F:\Manhole\L152\Debug\Obj\stm8l15x_dac.o
#        F:\Manhole\L152\Debug\Obj\stm8l15x_dma.o
#        F:\Manhole\L152\Debug\Obj\stm8l15x_exti.o
#        F:\Manhole\L152\Debug\Obj\stm8l15x_flash.o
#        F:\Manhole\L152\Debug\Obj\stm8l15x_gpio.o
#        F:\Manhole\L152\Debug\Obj\stm8l15x_i2c.o
#        F:\Manhole\L152\Debug\Obj\stm8l15x_irtim.o
#        F:\Manhole\L152\Debug\Obj\stm8l15x_it.o
#        F:\Manhole\L152\Debug\Obj\stm8l15x_itc.o
#        F:\Manhole\L152\Debug\Obj\stm8l15x_iwdg.o
#        F:\Manhole\L152\Debug\Obj\stm8l15x_lcd.o
#        F:\Manhole\L152\Debug\Obj\stm8l15x_pwr.o
#        F:\Manhole\L152\Debug\Obj\stm8l15x_rst.o
#        F:\Manhole\L152\Debug\Obj\stm8l15x_rtc.o
#        F:\Manhole\L152\Debug\Obj\stm8l15x_spi.o
#        F:\Manhole\L152\Debug\Obj\stm8l15x_syscfg.o
#        F:\Manhole\L152\Debug\Obj\stm8l15x_tim1.o
#        F:\Manhole\L152\Debug\Obj\stm8l15x_tim2.o
#        F:\Manhole\L152\Debug\Obj\stm8l15x_tim3.o
#        F:\Manhole\L152\Debug\Obj\stm8l15x_tim4.o
#        F:\Manhole\L152\Debug\Obj\stm8l15x_tim5.o
#        F:\Manhole\L152\Debug\Obj\stm8l15x_usart.o
#        F:\Manhole\L152\Debug\Obj\stm8l15x_wfe.o
#        F:\Manhole\L152\Debug\Obj\stm8l15x_wwdg.o
#        F:\Manhole\L152\Debug\Obj\SX1276.o F:\Manhole\L152\Debug\Obj\system.o
#        --redirect _Printf=_PrintfSmall --redirect _Scanf=_ScanfSmall -o
#        F:\Manhole\L152\Debug\Exe\manhole.out --map
#        F:\Manhole\L152\Debug\List\manhole.map --config "D:\IAR
#        Systems\STM8\stm8\config\lnkstm8l052r8.icf" --config_def
#        _CSTACK_SIZE=0x100 --config_def _HEAP_SIZE=0x100 --entry
#        __iar_program_start --debug_lib
#
###############################################################################

*******************************************************************************
*** RUNTIME MODEL ATTRIBUTES
***

__SystemLibrary            = DLib
__code_model               = small
__core                     = stm8
__data_model               = medium
__dlib_file_descriptor     = 0
__dlib_full_locale_support = 0
__rt_version               = 4


*******************************************************************************
*** PLACEMENT SUMMARY
***

"A1":  place at start of [0x000000-0x0000ff] { rw section .vregs };
"A2":  place at end of [0x000000-0x000fff] { block CSTACK };
"P2":  place in [from 0x000000 to 0x000fff] {
          block HEAP, rw section __DLIB_PERTHREAD, rw section .far.bss,
          rw section .far.data, rw section .far.noinit,
          rw section .far_func.textrw, rw section .huge.bss,
          rw section .huge.data, rw section .huge.noinit,
          rw section .huge_func.textrw, rw section .iar.dynexit,
          rw section .near.bss, rw section .near.data, rw section .near.noinit,
          rw section .near_func.textrw };
"A3":  place at start of [0x008000-0x00ffff] { block INTVEC };
"P3":  place in [from 0x008000 to 0x00ffff] {
          ro section __DLIB_PERTHREAD_init, ro section .far.data_init,
          ro section .far_func.textrw_init, ro section .huge.data_init,
          ro section .huge_func.textrw_init, ro section .iar.init_table,
          ro section .init_array, ro section .near.data_init,
          ro section .near.rodata, ro section .near_func.text,
          ro section .near_func.textrw_init, ro section .tiny.data_init,
          ro section .tiny.rodata_init };

  Section            Kind      Address   Size  Object
  -------            ----      -------   ----  ------
"A1":                                    0x10
  .vregs             uninit   0x000000   0x10  vregs.o [4]
                            - 0x000010   0x10

"P2", part 1 of 2:                        0x5
  P2-1                        0x000010    0x5  <Init block>
    .near.data       inited   0x000010    0x3  SX1276.o [1]
    .near.data       inited   0x000013    0x1  SX1276.o [1]
    .near.data       inited   0x000014    0x1  SX1276.o [1]
                            - 0x000015    0x5

"P2", part 2 of 2:                       0x2b
  .near.bss          zero     0x000015   0x1e  stm8l15x_it.o [1]
  .near.bss          zero     0x000033    0x2  SX1276.o [1]
  .near.bss          zero     0x000035    0x1  stm8l15x_it.o [1]
  .near.bss          zero     0x000036    0x1  stm8l15x_it.o [1]
  .near.bss          zero     0x000037    0x1  stm8l15x_it.o [1]
  .near.bss          zero     0x000038    0x1  stm8l15x_it.o [1]
  .near.bss          zero     0x000039    0x1  stm8l15x_it.o [1]
  .near.bss          zero     0x00003a    0x1  stm8l15x_it.o [1]
  .near.bss          zero     0x00003b    0x1  SX1276.o [1]
  .near.bss          zero     0x00003c    0x1  SX1276.o [1]
  .near.bss          zero     0x00003d    0x1  SX1276.o [1]
  .near.bss          zero     0x00003e    0x1  SX1276.o [1]
  .near.bss          zero     0x00003f    0x1  SX1276.o [1]
                            - 0x000040   0x2b

"A2":                                   0x100
  CSTACK                      0x000f00  0x100  <Block>
    CSTACK           uninit   0x000f00  0x100  <Block tail>
                            - 0x001000  0x100

"A3":                                    0x80
  INTVEC                      0x008000   0x80  <Block>
    .intvec          const    0x008000   0x80  interrupt.o [4]
                            - 0x008080   0x80

"P3":                                   0xfb1
  .near_func.text    ro code  0x008080  0x32f  SX1276.o [1]
  .near_func.text    ro code  0x0083af  0x196  stm8l15x_it.o [1]
  .near_func.text    ro code  0x008545  0x10d  stm8l15x_exti.o [1]
  .near_func.text    ro code  0x008652   0xef  system.o [1]
  .near_func.text    ro code  0x008741   0xce  stm8l15x_usart.o [1]
  .near_func.text    ro code  0x00880f   0xb1  vreg_util.o [4]
  .near_func.text    ro code  0x0088c0   0xaf  stm8l15x_gpio.o [1]
  .near_func.text    ro code  0x00896f   0x89  stm8l15x_clk.o [1]
  .near_func.text    ro code  0x0089f8   0x82  delay.o [1]
  .near_func.text    ro code  0x008a7a   0x72  stm8l15x_clk.o [1]
  .near_func.text    ro code  0x008aec   0x6d  long.o [4]
  .near_func.text    ro code  0x008b59   0x65  stm8l15x_tim2.o [1]
  .near_func.text    ro code  0x008bbe   0x65  stm8l15x_tim3.o [1]
  .near_func.text    ro code  0x008c23   0x52  system.o [1]
  .near_func.text    ro code  0x008c75   0x41  stm8l15x_clk.o [1]
  .near_func.text    ro code  0x008cb6   0x3e  stm8l15x_usart.o [1]
  .near_func.text    ro code  0x008cf4   0x3a  system.o [1]
  .near_func.text    ro code  0x008d2e   0x2c  stm8l15x_gpio.o [1]
  .near_func.text    ro code  0x008d5a   0x2a  system.o [1]
  .near_func.text    ro code  0x008d84   0x28  init_small.o [4]
  .near_func.text    ro code  0x008dac   0x27  stm8l15x_it.o [1]
  .near_func.text    ro code  0x008dd3   0x27  stm8l15x_usart.o [1]
  .near_func.text    ro code  0x008dfa   0x24  stm8l15x_tim2.o [1]
  .near_func.text    ro code  0x008e1e   0x24  stm8l15x_tim3.o [1]
  .near_func.text    ro code  0x008e42   0x22  stm8l15x_usart.o [1]
  .near_func.text    ro code  0x008e64   0x21  stm8l15x_exti.o [1]
  .iar.init_table    const    0x008e85   0x12  - Linker created -
  .near_func.text    ro code  0x008e97   0x1e  init_small.o [4]
  .near_func.text    ro code  0x008eb5   0x1c  long_util.o [4]
  .near_func.text    ro code  0x008ed1   0x1b  stm8l15x_gpio.o [1]
  .near_func.text    ro code  0x008eec   0x17  init.o [4]
  .near_func.text    ro code  0x008f03   0x15  system.o [1]
  .near_func.text    ro code  0x008f18   0x15  system.o [1]
  .near_func.text    ro code  0x008f2d   0x14  __dbg_xxexit.o [3]
  .near_func.text    ro code  0x008f41   0x13  cstartup.o [4]
  .near_func.text    ro code  0x008f54    0xf  stm8l15x_clk.o [1]
  .near_func.text    ro code  0x008f63    0xf  stm8l15x_clk.o [1]
  .near_func.text    ro code  0x008f72    0xd  stm8l15x_clk.o [1]
  .near_func.text    ro code  0x008f7f    0xd  stm8l15x_clk.o [1]
  .near_func.text    ro code  0x008f8c    0xd  stm8l15x_clk.o [1]
  .near_func.text    ro code  0x008f99    0xd  stm8l15x_tim2.o [1]
  .near_func.text    ro code  0x008fa6    0xd  stm8l15x_tim3.o [1]
  .near_func.text    ro code  0x008fb3    0xd  short.o [4]
  .near_func.text    ro code  0x008fc0    0x9  stm8l15x_gpio.o [1]
  .near_func.text    ro code  0x008fc9    0x7  main.o [1]
  .near_func.text    ro code  0x008fd0    0x7  stm8l15x_gpio.o [1]
  .near_func.text    ro code  0x008fd7    0x7  stm8l15x_gpio.o [1]
  .near.rodata       const    0x008fde    0x5  stm8l15x_clk.o [1]
  .near_func.text    ro code  0x008fe3    0x5  stm8l15x_clk.o [1]
  .near_func.text    ro code  0x008fe8    0x5  stm8l15x_gpio.o [1]
  .near_func.text    ro code  0x008fed    0x5  stm8l15x_usart.o [1]
  .near_func.text    ro code  0x008ff2    0x5  cexit.o [4]
  Initializer bytes  const    0x008ff7    0x5  <for P2-1>
  .near_func.text    ro code  0x008ffc    0x4  stm8l15x_clk.o [1]
  .near_func.text    ro code  0x009000    0x4  stm8l15x_clk.o [1]
  .near_func.text    ro code  0x009004    0x4  stm8l15x_gpio.o [1]
  .near_func.text    ro code  0x009008    0x3  interrupt.o [4]
  .near_func.text    ro code  0x00900b    0x3  low_level_init.o [4]
  .near_func.text    ro code  0x00900e    0x3  exit.o [4]
  .near_func.text    ro code  0x009011    0x3  unhandled_exception.o [4]
  .near_func.text    ro code  0x009014    0x1  stm8l15x_it.o [1]
  .near_func.text    ro code  0x009015    0x1  stm8l15x_it.o [1]
  .near_func.text    ro code  0x009016    0x1  stm8l15x_it.o [1]
  .near_func.text    ro code  0x009017    0x1  stm8l15x_it.o [1]
  .near_func.text    ro code  0x009018    0x1  stm8l15x_it.o [1]
  .near_func.text    ro code  0x009019    0x1  stm8l15x_it.o [1]
  .near_func.text    ro code  0x00901a    0x1  stm8l15x_it.o [1]
  .near_func.text    ro code  0x00901b    0x1  stm8l15x_it.o [1]
  .near_func.text    ro code  0x00901c    0x1  stm8l15x_it.o [1]
  .near_func.text    ro code  0x00901d    0x1  stm8l15x_it.o [1]
  .near_func.text    ro code  0x00901e    0x1  stm8l15x_it.o [1]
  .near_func.text    ro code  0x00901f    0x1  stm8l15x_it.o [1]
  .near_func.text    ro code  0x009020    0x1  stm8l15x_it.o [1]
  .near_func.text    ro code  0x009021    0x1  stm8l15x_it.o [1]
  .near_func.text    ro code  0x009022    0x1  stm8l15x_it.o [1]
  .near_func.text    ro code  0x009023    0x1  stm8l15x_it.o [1]
  .near_func.text    ro code  0x009024    0x1  stm8l15x_it.o [1]
  .near_func.text    ro code  0x009025    0x1  stm8l15x_it.o [1]
  .near_func.text    ro code  0x009026    0x1  stm8l15x_it.o [1]
  .near_func.text    ro code  0x009027    0x1  stm8l15x_it.o [1]
  .near_func.text    ro code  0x009028    0x1  stm8l15x_it.o [1]
  .near_func.text    ro code  0x009029    0x1  stm8l15x_it.o [1]
  .near_func.text    ro code  0x00902a    0x1  stm8l15x_it.o [1]
  .near_func.text    ro code  0x00902b    0x1  stm8l15x_it.o [1]
  .near_func.text    ro code  0x00902c    0x1  stm8l15x_it.o [1]
  .near_func.text    ro code  0x00902d    0x1  stm8l15x_it.o [1]
  .near_func.text    ro code  0x00902e    0x1  stm8l15x_it.o [1]
  .near_func.text    ro code  0x00902f    0x1  stm8l15x_it.o [1]
  .near_func.text    ro code  0x009030    0x1  __dbg_break.o [3]
                            - 0x009031  0xfb1


*******************************************************************************
*** INIT TABLE
***

          Address   Size
          -------   ----
Zero (__iar_zero_init2)
    1 destination range, total size 0x2b:
          0x000015  0x2b

Copy (__iar_copy_init2)
    1 source range, total size 0x5:
          0x008ff7   0x5
    1 destination range, total size 0x5:
          0x000010   0x5



*******************************************************************************
*** MODULE SUMMARY
***

    Module                 ro code  ro data  rw data
    ------                 -------  -------  -------
F:\Manhole\L152\Debug\Obj: [1]
    SX1276.o                   815        5       12
    delay.o                    130
    main.o                       7
    stm8l15x_clk.o             398        5
    stm8l15x_exti.o            302
    stm8l15x_gpio.o            278
    stm8l15x_it.o              473                36
    stm8l15x_tim2.o            150
    stm8l15x_tim3.o            150
    stm8l15x_usart.o           346
    system.o                   463
    ------------------------------------------------
    Total:                   3 512       10       48

command line: [2]
    ------------------------------------------------
    Total:

dbgstm8smd.a: [3]
    __dbg_break.o                1
    __dbg_xxexit.o              20
    ------------------------------------------------
    Total:                      21

dlstm8smn.a: [4]
    cexit.o                      5
    cstartup.o                  19
    exit.o                       3
    init.o                      23
    init_small.o                70
    interrupt.o                  3      128
    long.o                     109
    long_util.o                 28
    low_level_init.o             3
    short.o                     13
    unhandled_exception.o        3
    vreg_util.o                177
    vregs.o                                       16
    ------------------------------------------------
    Total:                     456      128       16

    Linker created                       18      256
----------------------------------------------------
    Grand Total:             3 989      156      320


*******************************************************************************
*** ENTRY LIST
***

Entry                    Address   Size  Type      Object
-----                    -------   ----  ----      ------
.iar.init_table$$Base   0x008e85          --   Gb  - Linker created -
.iar.init_table$$Limit  0x008e97          --   Gb  - Linker created -
?b0                     0x000000         Data  Gb  vregs.o [4]
?b1                     0x000001         Data  Gb  vregs.o [4]
?b10                    0x00000a         Data  Gb  vregs.o [4]
?b11                    0x00000b         Data  Gb  vregs.o [4]
?b12                    0x00000c         Data  Gb  vregs.o [4]
?b13                    0x00000d         Data  Gb  vregs.o [4]
?b14                    0x00000e         Data  Gb  vregs.o [4]
?b15                    0x00000f         Data  Gb  vregs.o [4]
?b2                     0x000002         Data  Gb  vregs.o [4]
?b3                     0x000003         Data  Gb  vregs.o [4]
?b4                     0x000004         Data  Gb  vregs.o [4]
?b5                     0x000005         Data  Gb  vregs.o [4]
?b6                     0x000006         Data  Gb  vregs.o [4]
?b7                     0x000007         Data  Gb  vregs.o [4]
?b8                     0x000008         Data  Gb  vregs.o [4]
?b9                     0x000009         Data  Gb  vregs.o [4]
?e0                     0x000001         Data  Gb  vregs.o [4]
?e1                     0x000005         Data  Gb  vregs.o [4]
?e2                     0x000009         Data  Gb  vregs.o [4]
?e3                     0x00000d         Data  Gb  vregs.o [4]
?epilogue_l2            0x00889e         Code  Gb  vreg_util.o [4]
?epilogue_l2_l3         0x00889b         Code  Gb  vreg_util.o [4]
?epilogue_w4            0x0088a2         Code  Gb  vreg_util.o [4]
?l0                     0x000000         Data  Gb  vregs.o [4]
?l1                     0x000004         Data  Gb  vregs.o [4]
?l2                     0x000008         Data  Gb  vregs.o [4]
?l3                     0x00000c         Data  Gb  vregs.o [4]
?load32_l1_0x           0x008ec5         Code  Gb  long_util.o [4]
?load32_l1_asp          0x008eba         Code  Gb  long_util.o [4]
?load32_l1_dbsp         0x008eb5         Code  Gb  long_util.o [4]
?load32_l1_xsp          0x008ebc         Code  Gb  long_util.o [4]
?mov_e0_e2              0x0088a9         Code  Gb  vreg_util.o [4]
?mov_e3_e0              0x0088b6         Code  Gb  vreg_util.o [4]
?mov_l0_l2              0x0088a6         Code  Gb  vreg_util.o [4]
?mov_l3_l0              0x0088b3         Code  Gb  vreg_util.o [4]
?mov_w1_w5              0x0088ac         Code  Gb  vreg_util.o [4]
?mov_w7_w1              0x0088b9         Code  Gb  vreg_util.o [4]
?pop_l0                 0x008867         Code  Gb  vreg_util.o [4]
?pop_l1                 0x008872         Code  Gb  vreg_util.o [4]
?pop_l2                 0x00887d         Code  Gb  vreg_util.o [4]
?pop_l3                 0x008888         Code  Gb  vreg_util.o [4]
?pop_w4                 0x008827         Code  Gb  vreg_util.o [4]
?push_l0                0x008836         Code  Gb  vreg_util.o [4]
?push_l1                0x00883b         Code  Gb  vreg_util.o [4]
?push_l2                0x008840         Code  Gb  vreg_util.o [4]
?push_l3                0x008845         Code  Gb  vreg_util.o [4]
?push_w4                0x00880f         Code  Gb  vreg_util.o [4]
?sll16_x_x_a            0x008fb3         Code  Gb  short.o [4]
?srl16_x_x_4            0x008fbb         Code  Gb  short.o [4]
?udiv32_l0_l0_l1        0x008aec         Code  Gb  long.o [4]
?umod32_l1_l0_l1        0x008aec         Code  Gb  long.o [4]
?w0                     0x000000         Data  Gb  vregs.o [4]
?w1                     0x000002         Data  Gb  vregs.o [4]
?w2                     0x000004         Data  Gb  vregs.o [4]
?w3                     0x000006         Data  Gb  vregs.o [4]
?w4                     0x000008         Data  Gb  vregs.o [4]
?w5                     0x00000a         Data  Gb  vregs.o [4]
?w6                     0x00000c         Data  Gb  vregs.o [4]
?w7                     0x00000e         Data  Gb  vregs.o [4]
ADC1_COMP_IRQHandler    0x009025    0x1  Code  Gb  stm8l15x_it.o [1]
Bw_Frequency            0x000014    0x1  Data  Gb  SX1276.o [1]
CLK_ClockSecuritySystemEnable
                        0x008fe3    0x5  Code  Gb  stm8l15x_clk.o [1]
CLK_DeInit              0x008c75   0x41  Code  Gb  stm8l15x_clk.o [1]
CLK_GetClockFreq        0x008a7a   0x72  Code  Gb  stm8l15x_clk.o [1]
CLK_HSEConfig           0x008f54    0xf  Code  Gb  stm8l15x_clk.o [1]
CLK_HSICmd              0x008f72    0xd  Code  Gb  stm8l15x_clk.o [1]
CLK_LSEConfig           0x008f63    0xf  Code  Gb  stm8l15x_clk.o [1]
CLK_LSICmd              0x008f7f    0xd  Code  Gb  stm8l15x_clk.o [1]
CLK_PeripheralClockConfig
                        0x00896f   0x89  Code  Gb  stm8l15x_clk.o [1]
CLK_SYSCLKDivConfig     0x009000    0x4  Code  Gb  stm8l15x_clk.o [1]
CLK_SYSCLKSourceConfig  0x008ffc    0x4  Code  Gb  stm8l15x_clk.o [1]
CLK_SYSCLKSourceSwitchCmd
                        0x008f8c    0xd  Code  Gb  stm8l15x_clk.o [1]
CRC_Value               0x000036    0x1  Data  Gb  stm8l15x_it.o [1]
CSTACK$$Base            0x000f00          --   Gb  - Linker created -
CSTACK$$Limit           0x001000          --   Gb  - Linker created -
DMA1_CHANNEL0_1_IRQHandler
                        0x009016    0x1  Code  Gb  stm8l15x_it.o [1]
DMA1_CHANNEL2_3_IRQHandler
                        0x009017    0x1  Code  Gb  stm8l15x_it.o [1]
Deinit_All_GPIO         0x008d5a   0x2a  Code  Lc  system.o [1]
EXTI0_IRQHandler        0x00901c    0x1  Code  Gb  stm8l15x_it.o [1]
EXTI1_IRQHandler        0x00901d    0x1  Code  Gb  stm8l15x_it.o [1]
EXTI2_IRQHandler        0x00901e    0x1  Code  Gb  stm8l15x_it.o [1]
EXTI3_IRQHandler        0x00901f    0x1  Code  Gb  stm8l15x_it.o [1]
EXTI4_IRQHandler        0x009020    0x1  Code  Gb  stm8l15x_it.o [1]
EXTI5_IRQHandler        0x0083af  0x196  Code  Gb  stm8l15x_it.o [1]
EXTI6_IRQHandler        0x009021    0x1  Code  Gb  stm8l15x_it.o [1]
EXTI7_IRQHandler        0x009022    0x1  Code  Gb  stm8l15x_it.o [1]
EXTIB_G_IRQHandler      0x00901a    0x1  Code  Gb  stm8l15x_it.o [1]
EXTID_H_IRQHandler      0x00901b    0x1  Code  Gb  stm8l15x_it.o [1]
EXTIE_F_PVD_IRQHandler  0x009019    0x1  Code  Gb  stm8l15x_it.o [1]
EXTI_ClearITPendingBit  0x008e64   0x21  Code  Gb  stm8l15x_exti.o [1]
EXTI_SetPinSensitivity  0x008545  0x10d  Code  Gb  stm8l15x_exti.o [1]
FLASH_IRQHandler        0x009015    0x1  Code  Gb  stm8l15x_it.o [1]
Frequency               0x000010    0x3  Data  Gb  SX1276.o [1]
GPIO_DeInit             0x008ed1   0x1b  Code  Gb  stm8l15x_gpio.o [1]
GPIO_ExternalPullUpConfig
                        0x008d2e   0x2c  Code  Gb  stm8l15x_gpio.o [1]
GPIO_Init               0x0088c0   0xaf  Code  Gb  stm8l15x_gpio.o [1]
GPIO_ReadInputData      0x008fe8    0x5  Code  Gb  stm8l15x_gpio.o [1]
GPIO_ReadInputDataBit   0x008fc0    0x9  Code  Gb  stm8l15x_gpio.o [1]
GPIO_ResetBits          0x009004    0x4  Code  Gb  stm8l15x_gpio.o [1]
GPIO_SetBits            0x008fd0    0x7  Code  Gb  stm8l15x_gpio.o [1]
GPIO_ToggleBits         0x008fd7    0x7  Code  Gb  stm8l15x_gpio.o [1]
I2C1_SPI2_IRQHandler    0x00902f    0x1  Code  Gb  stm8l15x_it.o [1]
INTVEC$$Base            0x008000          --   Gb  - Linker created -
INTVEC$$Limit           0x008080          --   Gb  - Linker created -
Init_CLK                0x0086a9   0x8c  Code  Lc  system.o [1]
Init_Delay              0x00867a   0x17  Code  Lc  system.o [1]
Init_EXIT               0x008f03   0x15  Code  Lc  system.o [1]
Init_GPIO               0x008735    0x6  Code  Lc  system.o [1]
Init_LED                0x008652   0x28  Code  Lc  system.o [1]
Init_SPI                0x008c23   0x52  Code  Lc  system.o [1]
Init_System             0x008f18   0x15  Code  Gb  system.o [1]
Init_TIMER              0x00873b    0x6  Code  Lc  system.o [1]
Init_Time               0x008691   0x18  Code  Lc  system.o [1]
Init_USART              0x008cf4   0x3a  Code  Lc  system.o [1]
LCD_AES_IRQHandler      0x009023    0x1  Code  Gb  stm8l15x_it.o [1]
Network_ID_H            0x00003e    0x1  Data  Gb  SX1276.o [1]
PA_RXD_OUT              0x008080    0x1  Code  Gb  SX1276.o [1]
RECVER_CRC              0x000039    0x1  Data  Gb  stm8l15x_it.o [1]
RECVER_FIFO             0x000015   0x1e  Data  Gb  stm8l15x_it.o [1]
RECVER_ID               0x00003a    0x1  Data  Gb  stm8l15x_it.o [1]
RF_EX0_STATUS           0x000035    0x1  Data  Gb  stm8l15x_it.o [1]
RF_RECEIVE              0x00832f   0x2d  Code  Gb  SX1276.o [1]
RF_REC_RLEN             0x000037    0x1  Data  Gb  stm8l15x_it.o [1]
RF_REC_RLEN_i           0x000038    0x1  Data  Gb  stm8l15x_it.o [1]
RF_SPI_MasterIO         0x00809d   0x47  Code  Gb  SX1276.o [1]
RF_SPI_READ_BYTE        0x0080e4   0x41  Code  Gb  SX1276.o [1]
RISSValue               0x00003d    0x1  Data  Gb  SX1276.o [1]
RTC_CSSLSE_IRQHandler   0x009018    0x1  Code  Gb  stm8l15x_it.o [1]
RegPktRssiValue         0x00003c    0x1  Data  Gb  SX1276.o [1]
RegSNRValue             0x00003b    0x1  Data  Gb  SX1276.o [1]
Region$$Table$$Base     0x008e85          --   Gb  - Linker created -
Region$$Table$$Limit    0x008e97          --   Gb  - Linker created -
SPI1_IRQHandler         0x00902d    0x1  Code  Gb  stm8l15x_it.o [1]
SWITCH_CSS_BREAK_DAC_IRQHandler
                        0x009024    0x1  Code  Gb  stm8l15x_it.o [1]
SX1276LORA_INT          0x00835c   0x53  Code  Gb  SX1276.o [1]
SX1276LoRaFsk           0x008194   0x21  Code  Gb  SX1276.o [1]
SX1276LoRaSetErrorCoding
                        0x00822d   0x24  Code  Gb  SX1276.o [1]
SX1276LoRaSetImplicitHeaderOn
                        0x00829c   0x1d  Code  Gb  SX1276.o [1]
SX1276LoRaSetMobileNode
                        0x008309   0x26  Code  Gb  SX1276.o [1]
SX1276LoRaSetNbTrigPeaks
                        0x0081e5   0x1d  Code  Gb  SX1276.o [1]
SX1276LoRaSetOpMode     0x008173   0x21  Code  Gb  SX1276.o [1]
SX1276LoRaSetPacketCrcOn
                        0x008251   0x25  Code  Gb  SX1276.o [1]
SX1276LoRaSetPayloadLength
                        0x008302    0x7  Code  Gb  SX1276.o [1]
SX1276LoRaSetRFFrequency
                        0x0081b5   0x1e  Code  Gb  SX1276.o [1]
SX1276LoRaSetRFPower    0x0081d3   0x12  Code  Gb  SX1276.o [1]
SX1276LoRaSetSignalBandwidth
                        0x008276   0x26  Code  Gb  SX1276.o [1]
SX1276LoRaSetSpreadingFactor
                        0x008202   0x2b  Code  Gb  SX1276.o [1]
SX1276LoRaSetSymbTimeout
                        0x0082b9   0x49  Code  Gb  SX1276.o [1]
SX1276ReadBuffer        0x00814c   0x27  Code  Gb  SX1276.o [1]
SX1276Reset             0x008081   0x1c  Code  Gb  SX1276.o [1]
SX1276WriteBuffer       0x008125   0x27  Code  Gb  SX1276.o [1]
SYSDivFactor            0x008fde    0x5  Data  Gb  stm8l15x_clk.o [1]
SpreadingFactor         0x000013    0x1  Data  Gb  SX1276.o [1]
TIM1_CC_IRQHandler      0x00902b    0x1  Code  Gb  stm8l15x_it.o [1]
TIM1_UPD_OVF_TRG_COM_IRQHandler
                        0x00902a    0x1  Code  Gb  stm8l15x_it.o [1]
TIM2_CC_USART2_RX_IRQHandler
                        0x009027    0x1  Code  Gb  stm8l15x_it.o [1]
TIM2_Cmd                0x008f99    0xd  Code  Gb  stm8l15x_tim2.o [1]
TIM2_DeInit             0x008b59   0x65  Code  Gb  stm8l15x_tim2.o [1]
TIM2_TimeBaseInit       0x008dfa   0x24  Code  Gb  stm8l15x_tim2.o [1]
TIM2_UPD_OVF_TRG_BRK_USART2_TX_IRQHandler
                        0x009026    0x1  Code  Gb  stm8l15x_it.o [1]
TIM3_CC_USART3_RX_IRQHandler
                        0x009029    0x1  Code  Gb  stm8l15x_it.o [1]
TIM3_Cmd                0x008fa6    0xd  Code  Gb  stm8l15x_tim3.o [1]
TIM3_DeInit             0x008bbe   0x65  Code  Gb  stm8l15x_tim3.o [1]
TIM3_TimeBaseInit       0x008e1e   0x24  Code  Gb  stm8l15x_tim3.o [1]
TIM3_UPD_OVF_TRG_BRK_USART3_TX_IRQHandler
                        0x009028    0x1  Code  Gb  stm8l15x_it.o [1]
TIM4_UPD_OVF_TRG_IRQHandler
                        0x00902c    0x1  Code  Gb  stm8l15x_it.o [1]
TRAP_IRQHandler         0x009014    0x1  Code  Gb  stm8l15x_it.o [1]
USART1_RX_TIM5_CC_IRQHandler
                        0x008dac   0x27  Code  Gb  stm8l15x_it.o [1]
USART1_TX_TIM5_UPD_OVF_TRG_BRK_IRQHandler
                        0x00902e    0x1  Code  Gb  stm8l15x_it.o [1]
USART_ClearFlag         0x008fed    0x5  Code  Gb  stm8l15x_usart.o [1]
USART_Cmd               0x008dd3   0x27  Code  Gb  stm8l15x_usart.o [1]
USART_DeInit            0x008cb6   0x3e  Code  Gb  stm8l15x_usart.o [1]
USART_GetFlagStatus     0x008e42   0x22  Code  Gb  stm8l15x_usart.o [1]
USART_Init              0x008741   0xce  Code  Gb  stm8l15x_usart.o [1]
__DebugBreak            0x009030    0x1  Code  Gb  __dbg_break.o [3]
__exit                  0x008f2d   0x14  Code  Gb  __dbg_xxexit.o [3]
__iar_copy_init2        0x008d84         Code  Gb  init_small.o [4]
__iar_data_init2        0x008eec   0x17  Code  Gb  init.o [4]
__iar_program_start     0x008f41         Code  Gb  cstartup.o [4]
__iar_unhandled_exception
                        0x009011         Code  Gb  unhandled_exception.o [4]
__iar_zero_init2        0x008e97         Code  Gb  init_small.o [4]
__intvec                0x008000         Data  Gb  interrupt.o [4]
__low_level_init        0x00900b    0x3  Code  Gb  low_level_init.o [4]
_exit                   0x008ff2         Code  Gb  cexit.o [4]
_interrupt_1            0x009014         Code  Gb  stm8l15x_it.o [1]
_interrupt_10           0x00901c         Code  Gb  stm8l15x_it.o [1]
_interrupt_11           0x00901d         Code  Gb  stm8l15x_it.o [1]
_interrupt_12           0x00901e         Code  Gb  stm8l15x_it.o [1]
_interrupt_13           0x00901f         Code  Gb  stm8l15x_it.o [1]
_interrupt_14           0x009020         Code  Gb  stm8l15x_it.o [1]
_interrupt_15           0x0083af         Code  Gb  stm8l15x_it.o [1]
_interrupt_16           0x009021         Code  Gb  stm8l15x_it.o [1]
_interrupt_17           0x009022         Code  Gb  stm8l15x_it.o [1]
_interrupt_18           0x009023         Code  Gb  stm8l15x_it.o [1]
_interrupt_19           0x009024         Code  Gb  stm8l15x_it.o [1]
_interrupt_20           0x009025         Code  Gb  stm8l15x_it.o [1]
_interrupt_21           0x009026         Code  Gb  stm8l15x_it.o [1]
_interrupt_22           0x009027         Code  Gb  stm8l15x_it.o [1]
_interrupt_23           0x009028         Code  Gb  stm8l15x_it.o [1]
_interrupt_24           0x009029         Code  Gb  stm8l15x_it.o [1]
_interrupt_25           0x00902a         Code  Gb  stm8l15x_it.o [1]
_interrupt_26           0x00902b         Code  Gb  stm8l15x_it.o [1]
_interrupt_27           0x00902c         Code  Gb  stm8l15x_it.o [1]
_interrupt_28           0x00902d         Code  Gb  stm8l15x_it.o [1]
_interrupt_29           0x00902e         Code  Gb  stm8l15x_it.o [1]
_interrupt_3            0x009015         Code  Gb  stm8l15x_it.o [1]
_interrupt_30           0x008dac         Code  Gb  stm8l15x_it.o [1]
_interrupt_31           0x00902f         Code  Gb  stm8l15x_it.o [1]
_interrupt_4            0x009016         Code  Gb  stm8l15x_it.o [1]
_interrupt_5            0x009017         Code  Gb  stm8l15x_it.o [1]
_interrupt_6            0x009018         Code  Gb  stm8l15x_it.o [1]
_interrupt_7            0x009019         Code  Gb  stm8l15x_it.o [1]
_interrupt_8            0x00901a         Code  Gb  stm8l15x_it.o [1]
_interrupt_9            0x00901b         Code  Gb  stm8l15x_it.o [1]
delay_ms                0x0089f8   0x82  Code  Gb  delay.o [1]
exit                    0x00900e    0x3  Code  Gb  exit.o [4]
flag                    0x000033    0x2  Data  Gb  SX1276.o [1]
main                    0x008fc9    0x7  Code  Gb  main.o [1]
tx_complete_flag        0x00003f    0x1  Data  Gb  SX1276.o [1]


[1] = F:\Manhole\L152\Debug\Obj
[2] = command line
[3] = dbgstm8smd.a
[4] = dlstm8smn.a

  3 989 bytes of readonly  code memory
    156 bytes of readonly  data memory
    320 bytes of readwrite data memory

Errors: none
Warnings: none
