###############################################################################
#
# IAR ELF Linker V2.20.1.176 for STM8                     13/May/2016  20:22:01
# Copyright 2010-2015 IAR Systems AB.
#
#    Output file  =  F:\Manhole\program\L152\Debug\Exe\manhole.out
#    Map file     =  F:\Manhole\program\L152\Debug\List\manhole.map
#    Command line =  
#        F:\Manhole\program\L152\Debug\Obj\delay.o
#        F:\Manhole\program\L152\Debug\Obj\main.o
#        F:\Manhole\program\L152\Debug\Obj\stm8l15x_adc.o
#        F:\Manhole\program\L152\Debug\Obj\stm8l15x_aes.o
#        F:\Manhole\program\L152\Debug\Obj\stm8l15x_beep.o
#        F:\Manhole\program\L152\Debug\Obj\stm8l15x_clk.o
#        F:\Manhole\program\L152\Debug\Obj\stm8l15x_comp.o
#        F:\Manhole\program\L152\Debug\Obj\stm8l15x_dac.o
#        F:\Manhole\program\L152\Debug\Obj\stm8l15x_dma.o
#        F:\Manhole\program\L152\Debug\Obj\stm8l15x_exti.o
#        F:\Manhole\program\L152\Debug\Obj\stm8l15x_flash.o
#        F:\Manhole\program\L152\Debug\Obj\stm8l15x_gpio.o
#        F:\Manhole\program\L152\Debug\Obj\stm8l15x_i2c.o
#        F:\Manhole\program\L152\Debug\Obj\stm8l15x_irtim.o
#        F:\Manhole\program\L152\Debug\Obj\stm8l15x_it.o
#        F:\Manhole\program\L152\Debug\Obj\stm8l15x_itc.o
#        F:\Manhole\program\L152\Debug\Obj\stm8l15x_iwdg.o
#        F:\Manhole\program\L152\Debug\Obj\stm8l15x_lcd.o
#        F:\Manhole\program\L152\Debug\Obj\stm8l15x_pwr.o
#        F:\Manhole\program\L152\Debug\Obj\stm8l15x_rst.o
#        F:\Manhole\program\L152\Debug\Obj\stm8l15x_rtc.o
#        F:\Manhole\program\L152\Debug\Obj\stm8l15x_spi.o
#        F:\Manhole\program\L152\Debug\Obj\stm8l15x_syscfg.o
#        F:\Manhole\program\L152\Debug\Obj\stm8l15x_tim1.o
#        F:\Manhole\program\L152\Debug\Obj\stm8l15x_tim2.o
#        F:\Manhole\program\L152\Debug\Obj\stm8l15x_tim3.o
#        F:\Manhole\program\L152\Debug\Obj\stm8l15x_tim4.o
#        F:\Manhole\program\L152\Debug\Obj\stm8l15x_tim5.o
#        F:\Manhole\program\L152\Debug\Obj\stm8l15x_usart.o
#        F:\Manhole\program\L152\Debug\Obj\stm8l15x_wfe.o
#        F:\Manhole\program\L152\Debug\Obj\stm8l15x_wwdg.o
#        F:\Manhole\program\L152\Debug\Obj\SX1276.o
#        F:\Manhole\program\L152\Debug\Obj\system.o --redirect
#        _Printf=_PrintfSmall --redirect _Scanf=_ScanfSmall -o
#        F:\Manhole\program\L152\Debug\Exe\manhole.out --map
#        F:\Manhole\program\L152\Debug\List\manhole.map --config "D:\IAR
#        Systems\STM8\stm8\config\lnkstm8l052r8.icf" --config_def
#        _CSTACK_SIZE=0x100 --config_def _HEAP_SIZE=0x100 --entry
#        __iar_program_start --debug_lib
#
###############################################################################

*******************************************************************************
*** RUNTIME MODEL ATTRIBUTES
***

__SystemLibrary            = DLib
__code_model               = small
__core                     = stm8
__data_model               = medium
__dlib_file_descriptor     = 0
__dlib_full_locale_support = 0
__rt_version               = 4


*******************************************************************************
*** PLACEMENT SUMMARY
***

"A1":  place at start of [0x000000-0x0000ff] { rw section .vregs };
"A2":  place at end of [0x000000-0x000fff] { block CSTACK };
"P2":  place in [from 0x000000 to 0x000fff] {
          block HEAP, rw section __DLIB_PERTHREAD, rw section .far.bss,
          rw section .far.data, rw section .far.noinit,
          rw section .far_func.textrw, rw section .huge.bss,
          rw section .huge.data, rw section .huge.noinit,
          rw section .huge_func.textrw, rw section .iar.dynexit,
          rw section .near.bss, rw section .near.data, rw section .near.noinit,
          rw section .near_func.textrw };
"A3":  place at start of [0x008000-0x00ffff] { block INTVEC };
"P3":  place in [from 0x008000 to 0x00ffff] {
          ro section __DLIB_PERTHREAD_init, ro section .far.data_init,
          ro section .far_func.textrw_init, ro section .huge.data_init,
          ro section .huge_func.textrw_init, ro section .iar.init_table,
          ro section .init_array, ro section .near.data_init,
          ro section .near.rodata, ro section .near_func.text,
          ro section .near_func.textrw_init, ro section .tiny.data_init,
          ro section .tiny.rodata_init };

  Section            Kind      Address    Size  Object
  -------            ----      -------    ----  ------
"A1":                                     0x10
  .vregs             uninit   0x000000    0x10  vregs.o [4]
                            - 0x000010    0x10

"P2", part 1 of 2:                         0x5
  P2-1                        0x000010     0x5  <Init block>
    .near.data       inited   0x000010     0x3  SX1276.o [1]
    .near.data       inited   0x000013     0x1  SX1276.o [1]
    .near.data       inited   0x000014     0x1  SX1276.o [1]
                            - 0x000015     0x5

"P2", part 2 of 2:                        0x2b
  .near.bss          zero     0x000015    0x1e  stm8l15x_it.o [1]
  .near.bss          zero     0x000033     0x2  SX1276.o [1]
  .near.bss          zero     0x000035     0x1  stm8l15x_it.o [1]
  .near.bss          zero     0x000036     0x1  stm8l15x_it.o [1]
  .near.bss          zero     0x000037     0x1  stm8l15x_it.o [1]
  .near.bss          zero     0x000038     0x1  stm8l15x_it.o [1]
  .near.bss          zero     0x000039     0x1  stm8l15x_it.o [1]
  .near.bss          zero     0x00003a     0x1  stm8l15x_it.o [1]
  .near.bss          zero     0x00003b     0x1  SX1276.o [1]
  .near.bss          zero     0x00003c     0x1  SX1276.o [1]
  .near.bss          zero     0x00003d     0x1  SX1276.o [1]
  .near.bss          zero     0x00003e     0x1  SX1276.o [1]
  .near.bss          zero     0x00003f     0x1  SX1276.o [1]
                            - 0x000040    0x2b

"A2":                                    0x100
  CSTACK                      0x000f00   0x100  <Block>
    CSTACK           uninit   0x000f00   0x100  <Block tail>
                            - 0x001000   0x100

"A3":                                     0x80
  INTVEC                      0x008000    0x80  <Block>
    .intvec          const    0x008000    0x80  interrupt.o [4]
                            - 0x008080    0x80

"P3":                                   0x118e
  .near_func.text    ro code  0x008080   0x353  SX1276.o [1]
  .near_func.text    ro code  0x0083d3   0x196  stm8l15x_it.o [1]
  .near_func.text    ro code  0x008569   0x10d  stm8l15x_exti.o [1]
  .near_func.text    ro code  0x008676    0xef  system.o [1]
  .near_func.text    ro code  0x008765    0xce  stm8l15x_usart.o [1]
  .near_func.text    ro code  0x008833    0xb1  vreg_util.o [4]
  .near_func.text    ro code  0x0088e4    0xaf  stm8l15x_gpio.o [1]
  .near_func.text    ro code  0x008993    0x98  stm8l15x_clk.o [1]
  .near_func.text    ro code  0x008a2b    0x89  stm8l15x_clk.o [1]
  .near_func.text    ro code  0x008ab4    0x82  delay.o [1]
  .near_func.text    ro code  0x008b36    0x72  stm8l15x_clk.o [1]
  .near_func.text    ro code  0x008ba8    0x6d  long.o [4]
  .near_func.text    ro code  0x008c15    0x65  stm8l15x_tim2.o [1]
  .near_func.text    ro code  0x008c7a    0x65  stm8l15x_tim3.o [1]
  .near_func.text    ro code  0x008cdf    0x52  system.o [1]
  .near_func.text    ro code  0x008d31    0x41  stm8l15x_clk.o [1]
  .near_func.text    ro code  0x008d72    0x3f  stm8l15x_rtc.o [1]
  .near_func.text    ro code  0x008db1    0x3e  stm8l15x_usart.o [1]
  .near_func.text    ro code  0x008def    0x3a  system.o [1]
  .near_func.text    ro code  0x008e29    0x38  stm8l15x_rtc.o [1]
  .near_func.text    ro code  0x008e61    0x31  system.o [1]
  .near_func.text    ro code  0x008e92    0x2c  stm8l15x_gpio.o [1]
  .near_func.text    ro code  0x008ebe    0x2a  system.o [1]
  .near_func.text    ro code  0x008ee8    0x28  stm8l15x_it.o [1]
  .near_func.text    ro code  0x008f10    0x28  init_small.o [4]
  .near_func.text    ro code  0x008f38    0x27  stm8l15x_it.o [1]
  .near_func.text    ro code  0x008f5f    0x27  stm8l15x_usart.o [1]
  .near_func.text    ro code  0x008f86    0x24  stm8l15x_tim2.o [1]
  .near_func.text    ro code  0x008faa    0x24  stm8l15x_tim3.o [1]
  .near_func.text    ro code  0x008fce    0x23  stm8l15x_rtc.o [1]
  .near_func.text    ro code  0x008ff1    0x22  stm8l15x_usart.o [1]
  .near_func.text    ro code  0x009013    0x21  stm8l15x_exti.o [1]
  .iar.init_table    const    0x009034    0x12  - Linker created -
  .near_func.text    ro code  0x009046    0x1e  init_small.o [4]
  .near_func.text    ro code  0x009064    0x1c  long_util.o [4]
  .near_func.text    ro code  0x009080    0x1b  stm8l15x_gpio.o [1]
  .near_func.text    ro code  0x00909b    0x18  system.o [1]
  .near_func.text    ro code  0x0090b3    0x17  init.o [4]
  .near_func.text    ro code  0x0090ca    0x15  stm8l15x_rtc.o [1]
  .near_func.text    ro code  0x0090df    0x15  system.o [1]
  .near_func.text    ro code  0x0090f4    0x14  __dbg_xxexit.o [3]
  .near_func.text    ro code  0x009108    0x13  cstartup.o [4]
  .near_func.text    ro code  0x00911b     0xf  stm8l15x_clk.o [1]
  .near_func.text    ro code  0x00912a     0xf  stm8l15x_clk.o [1]
  .near_func.text    ro code  0x009139     0xd  stm8l15x_clk.o [1]
  .near_func.text    ro code  0x009146     0xd  stm8l15x_clk.o [1]
  .near_func.text    ro code  0x009153     0xd  stm8l15x_clk.o [1]
  .near_func.text    ro code  0x009160     0xd  stm8l15x_tim2.o [1]
  .near_func.text    ro code  0x00916d     0xd  stm8l15x_tim3.o [1]
  .near_func.text    ro code  0x00917a     0xd  short.o [4]
  .near_func.text    ro code  0x009187     0xb  main.o [1]
  .near_func.text    ro code  0x009192     0xa  stm8l15x_clk.o [1]
  .near_func.text    ro code  0x00919c     0x9  stm8l15x_gpio.o [1]
  .near_func.text    ro code  0x0091a5     0x9  stm8l15x_rtc.o [1]
  .near_func.text    ro code  0x0091ae     0x7  stm8l15x_gpio.o [1]
  .near_func.text    ro code  0x0091b5     0x7  stm8l15x_gpio.o [1]
  .near.rodata       const    0x0091bc     0x5  stm8l15x_clk.o [1]
  .near_func.text    ro code  0x0091c1     0x5  stm8l15x_clk.o [1]
  .near_func.text    ro code  0x0091c6     0x5  stm8l15x_gpio.o [1]
  .near_func.text    ro code  0x0091cb     0x5  stm8l15x_usart.o [1]
  .near_func.text    ro code  0x0091d0     0x5  cexit.o [4]
  Initializer bytes  const    0x0091d5     0x5  <for P2-1>
  .near_func.text    ro code  0x0091da     0x4  stm8l15x_clk.o [1]
  .near_func.text    ro code  0x0091de     0x4  stm8l15x_clk.o [1]
  .near_func.text    ro code  0x0091e2     0x4  stm8l15x_gpio.o [1]
  .near_func.text    ro code  0x0091e6     0x3  interrupt.o [4]
  .near_func.text    ro code  0x0091e9     0x3  low_level_init.o [4]
  .near_func.text    ro code  0x0091ec     0x3  exit.o [4]
  .near_func.text    ro code  0x0091ef     0x3  unhandled_exception.o [4]
  .near_func.text    ro code  0x0091f2     0x1  stm8l15x_it.o [1]
  .near_func.text    ro code  0x0091f3     0x1  stm8l15x_it.o [1]
  .near_func.text    ro code  0x0091f4     0x1  stm8l15x_it.o [1]
  .near_func.text    ro code  0x0091f5     0x1  stm8l15x_it.o [1]
  .near_func.text    ro code  0x0091f6     0x1  stm8l15x_it.o [1]
  .near_func.text    ro code  0x0091f7     0x1  stm8l15x_it.o [1]
  .near_func.text    ro code  0x0091f8     0x1  stm8l15x_it.o [1]
  .near_func.text    ro code  0x0091f9     0x1  stm8l15x_it.o [1]
  .near_func.text    ro code  0x0091fa     0x1  stm8l15x_it.o [1]
  .near_func.text    ro code  0x0091fb     0x1  stm8l15x_it.o [1]
  .near_func.text    ro code  0x0091fc     0x1  stm8l15x_it.o [1]
  .near_func.text    ro code  0x0091fd     0x1  stm8l15x_it.o [1]
  .near_func.text    ro code  0x0091fe     0x1  stm8l15x_it.o [1]
  .near_func.text    ro code  0x0091ff     0x1  stm8l15x_it.o [1]
  .near_func.text    ro code  0x009200     0x1  stm8l15x_it.o [1]
  .near_func.text    ro code  0x009201     0x1  stm8l15x_it.o [1]
  .near_func.text    ro code  0x009202     0x1  stm8l15x_it.o [1]
  .near_func.text    ro code  0x009203     0x1  stm8l15x_it.o [1]
  .near_func.text    ro code  0x009204     0x1  stm8l15x_it.o [1]
  .near_func.text    ro code  0x009205     0x1  stm8l15x_it.o [1]
  .near_func.text    ro code  0x009206     0x1  stm8l15x_it.o [1]
  .near_func.text    ro code  0x009207     0x1  stm8l15x_it.o [1]
  .near_func.text    ro code  0x009208     0x1  stm8l15x_it.o [1]
  .near_func.text    ro code  0x009209     0x1  stm8l15x_it.o [1]
  .near_func.text    ro code  0x00920a     0x1  stm8l15x_it.o [1]
  .near_func.text    ro code  0x00920b     0x1  stm8l15x_it.o [1]
  .near_func.text    ro code  0x00920c     0x1  stm8l15x_it.o [1]
  .near_func.text    ro code  0x00920d     0x1  __dbg_break.o [3]
                            - 0x00920e  0x118e


*******************************************************************************
*** INIT TABLE
***

          Address   Size
          -------   ----
Zero (__iar_zero_init2)
    1 destination range, total size 0x2b:
          0x000015  0x2b

Copy (__iar_copy_init2)
    1 source range, total size 0x5:
          0x0091d5   0x5
    1 destination range, total size 0x5:
          0x000010   0x5



*******************************************************************************
*** MODULE SUMMARY
***

    Module                 ro code  ro data  rw data
    ------                 -------  -------  -------
F:\Manhole\program\L152\Debug\Obj: [1]
    SX1276.o                   851        5       12
    delay.o                    130
    main.o                      11
    stm8l15x_clk.o             560        5
    stm8l15x_exti.o            302
    stm8l15x_gpio.o            278
    stm8l15x_it.o              512                36
    stm8l15x_rtc.o             184
    stm8l15x_tim2.o            150
    stm8l15x_tim3.o            150
    stm8l15x_usart.o           346
    system.o                   515
    ------------------------------------------------
    Total:                   3 989       10       48

command line: [2]
    ------------------------------------------------
    Total:

dbgstm8smd.a: [3]
    __dbg_break.o                1
    __dbg_xxexit.o              20
    ------------------------------------------------
    Total:                      21

dlstm8smn.a: [4]
    cexit.o                      5
    cstartup.o                  19
    exit.o                       3
    init.o                      23
    init_small.o                70
    interrupt.o                  3      128
    long.o                     109
    long_util.o                 28
    low_level_init.o             3
    short.o                     13
    unhandled_exception.o        3
    vreg_util.o                177
    vregs.o                                       16
    ------------------------------------------------
    Total:                     456      128       16

    Linker created                       18      256
----------------------------------------------------
    Grand Total:             4 466      156      320


*******************************************************************************
*** ENTRY LIST
***

Entry                    Address   Size  Type      Object
-----                    -------   ----  ----      ------
.iar.init_table$$Base   0x009034          --   Gb  - Linker created -
.iar.init_table$$Limit  0x009046          --   Gb  - Linker created -
?b0                     0x000000         Data  Gb  vregs.o [4]
?b1                     0x000001         Data  Gb  vregs.o [4]
?b10                    0x00000a         Data  Gb  vregs.o [4]
?b11                    0x00000b         Data  Gb  vregs.o [4]
?b12                    0x00000c         Data  Gb  vregs.o [4]
?b13                    0x00000d         Data  Gb  vregs.o [4]
?b14                    0x00000e         Data  Gb  vregs.o [4]
?b15                    0x00000f         Data  Gb  vregs.o [4]
?b2                     0x000002         Data  Gb  vregs.o [4]
?b3                     0x000003         Data  Gb  vregs.o [4]
?b4                     0x000004         Data  Gb  vregs.o [4]
?b5                     0x000005         Data  Gb  vregs.o [4]
?b6                     0x000006         Data  Gb  vregs.o [4]
?b7                     0x000007         Data  Gb  vregs.o [4]
?b8                     0x000008         Data  Gb  vregs.o [4]
?b9                     0x000009         Data  Gb  vregs.o [4]
?e0                     0x000001         Data  Gb  vregs.o [4]
?e1                     0x000005         Data  Gb  vregs.o [4]
?e2                     0x000009         Data  Gb  vregs.o [4]
?e3                     0x00000d         Data  Gb  vregs.o [4]
?epilogue_l2            0x0088c2         Code  Gb  vreg_util.o [4]
?epilogue_l2_l3         0x0088bf         Code  Gb  vreg_util.o [4]
?epilogue_w4            0x0088c6         Code  Gb  vreg_util.o [4]
?l0                     0x000000         Data  Gb  vregs.o [4]
?l1                     0x000004         Data  Gb  vregs.o [4]
?l2                     0x000008         Data  Gb  vregs.o [4]
?l3                     0x00000c         Data  Gb  vregs.o [4]
?load32_l1_0x           0x009074         Code  Gb  long_util.o [4]
?load32_l1_asp          0x009069         Code  Gb  long_util.o [4]
?load32_l1_dbsp         0x009064         Code  Gb  long_util.o [4]
?load32_l1_xsp          0x00906b         Code  Gb  long_util.o [4]
?mov_e0_e2              0x0088cd         Code  Gb  vreg_util.o [4]
?mov_e3_e0              0x0088da         Code  Gb  vreg_util.o [4]
?mov_l0_l2              0x0088ca         Code  Gb  vreg_util.o [4]
?mov_l3_l0              0x0088d7         Code  Gb  vreg_util.o [4]
?mov_w1_w5              0x0088d0         Code  Gb  vreg_util.o [4]
?mov_w7_w1              0x0088dd         Code  Gb  vreg_util.o [4]
?pop_l0                 0x00888b         Code  Gb  vreg_util.o [4]
?pop_l1                 0x008896         Code  Gb  vreg_util.o [4]
?pop_l2                 0x0088a1         Code  Gb  vreg_util.o [4]
?pop_l3                 0x0088ac         Code  Gb  vreg_util.o [4]
?pop_w4                 0x00884b         Code  Gb  vreg_util.o [4]
?push_l0                0x00885a         Code  Gb  vreg_util.o [4]
?push_l1                0x00885f         Code  Gb  vreg_util.o [4]
?push_l2                0x008864         Code  Gb  vreg_util.o [4]
?push_l3                0x008869         Code  Gb  vreg_util.o [4]
?push_w4                0x008833         Code  Gb  vreg_util.o [4]
?sll16_x_x_a            0x00917a         Code  Gb  short.o [4]
?srl16_x_x_4            0x009182         Code  Gb  short.o [4]
?udiv32_l0_l0_l1        0x008ba8         Code  Gb  long.o [4]
?umod32_l1_l0_l1        0x008ba8         Code  Gb  long.o [4]
?w0                     0x000000         Data  Gb  vregs.o [4]
?w1                     0x000002         Data  Gb  vregs.o [4]
?w2                     0x000004         Data  Gb  vregs.o [4]
?w3                     0x000006         Data  Gb  vregs.o [4]
?w4                     0x000008         Data  Gb  vregs.o [4]
?w5                     0x00000a         Data  Gb  vregs.o [4]
?w6                     0x00000c         Data  Gb  vregs.o [4]
?w7                     0x00000e         Data  Gb  vregs.o [4]
ADC1_COMP_IRQHandler    0x009202    0x1  Code  Gb  stm8l15x_it.o [1]
Bw_Frequency            0x000014    0x1  Data  Gb  SX1276.o [1]
CLK_ClockSecuritySystemEnable
                        0x0091c1    0x5  Code  Gb  stm8l15x_clk.o [1]
CLK_DeInit              0x008d31   0x41  Code  Gb  stm8l15x_clk.o [1]
CLK_GetClockFreq        0x008b36   0x72  Code  Gb  stm8l15x_clk.o [1]
CLK_GetFlagStatus       0x008993   0x98  Code  Gb  stm8l15x_clk.o [1]
CLK_HSEConfig           0x00911b    0xf  Code  Gb  stm8l15x_clk.o [1]
CLK_HSICmd              0x009139    0xd  Code  Gb  stm8l15x_clk.o [1]
CLK_LSEConfig           0x00912a    0xf  Code  Gb  stm8l15x_clk.o [1]
CLK_LSICmd              0x009146    0xd  Code  Gb  stm8l15x_clk.o [1]
CLK_PeripheralClockConfig
                        0x008a2b   0x89  Code  Gb  stm8l15x_clk.o [1]
CLK_RTCClockConfig      0x009192    0xa  Code  Gb  stm8l15x_clk.o [1]
CLK_SYSCLKDivConfig     0x0091de    0x4  Code  Gb  stm8l15x_clk.o [1]
CLK_SYSCLKSourceConfig  0x0091da    0x4  Code  Gb  stm8l15x_clk.o [1]
CLK_SYSCLKSourceSwitchCmd
                        0x009153    0xd  Code  Gb  stm8l15x_clk.o [1]
CRC_Value               0x000036    0x1  Data  Gb  stm8l15x_it.o [1]
CSTACK$$Base            0x000f00          --   Gb  - Linker created -
CSTACK$$Limit           0x001000          --   Gb  - Linker created -
DMA1_CHANNEL0_1_IRQHandler
                        0x0091f4    0x1  Code  Gb  stm8l15x_it.o [1]
DMA1_CHANNEL2_3_IRQHandler
                        0x0091f5    0x1  Code  Gb  stm8l15x_it.o [1]
Deinit_All_GPIO         0x008ebe   0x2a  Code  Lc  system.o [1]
EXTI0_IRQHandler        0x0091f9    0x1  Code  Gb  stm8l15x_it.o [1]
EXTI1_IRQHandler        0x0091fa    0x1  Code  Gb  stm8l15x_it.o [1]
EXTI2_IRQHandler        0x0091fb    0x1  Code  Gb  stm8l15x_it.o [1]
EXTI3_IRQHandler        0x0091fc    0x1  Code  Gb  stm8l15x_it.o [1]
EXTI4_IRQHandler        0x0091fd    0x1  Code  Gb  stm8l15x_it.o [1]
EXTI5_IRQHandler        0x0083d3  0x196  Code  Gb  stm8l15x_it.o [1]
EXTI6_IRQHandler        0x0091fe    0x1  Code  Gb  stm8l15x_it.o [1]
EXTI7_IRQHandler        0x0091ff    0x1  Code  Gb  stm8l15x_it.o [1]
EXTIB_G_IRQHandler      0x0091f7    0x1  Code  Gb  stm8l15x_it.o [1]
EXTID_H_IRQHandler      0x0091f8    0x1  Code  Gb  stm8l15x_it.o [1]
EXTIE_F_PVD_IRQHandler  0x0091f6    0x1  Code  Gb  stm8l15x_it.o [1]
EXTI_ClearITPendingBit  0x009013   0x21  Code  Gb  stm8l15x_exti.o [1]
EXTI_SetPinSensitivity  0x008569  0x10d  Code  Gb  stm8l15x_exti.o [1]
FLASH_IRQHandler        0x0091f3    0x1  Code  Gb  stm8l15x_it.o [1]
Frequency               0x000010    0x3  Data  Gb  SX1276.o [1]
GPIO_DeInit             0x009080   0x1b  Code  Gb  stm8l15x_gpio.o [1]
GPIO_ExternalPullUpConfig
                        0x008e92   0x2c  Code  Gb  stm8l15x_gpio.o [1]
GPIO_Init               0x0088e4   0xaf  Code  Gb  stm8l15x_gpio.o [1]
GPIO_ReadInputData      0x0091c6    0x5  Code  Gb  stm8l15x_gpio.o [1]
GPIO_ReadInputDataBit   0x00919c    0x9  Code  Gb  stm8l15x_gpio.o [1]
GPIO_ResetBits          0x0091e2    0x4  Code  Gb  stm8l15x_gpio.o [1]
GPIO_SetBits            0x0091ae    0x7  Code  Gb  stm8l15x_gpio.o [1]
GPIO_ToggleBits         0x0091b5    0x7  Code  Gb  stm8l15x_gpio.o [1]
I2C1_SPI2_IRQHandler    0x00920c    0x1  Code  Gb  stm8l15x_it.o [1]
INTVEC$$Base            0x008000          --   Gb  - Linker created -
INTVEC$$Limit           0x008080          --   Gb  - Linker created -
Init_CLK                0x0086cd   0x8c  Code  Lc  system.o [1]
Init_Delay              0x00869e   0x17  Code  Lc  system.o [1]
Init_EXIT               0x0090df   0x15  Code  Lc  system.o [1]
Init_GPIO               0x008759    0x6  Code  Lc  system.o [1]
Init_LED                0x008676   0x28  Code  Lc  system.o [1]
Init_RTC                0x008e61   0x31  Code  Lc  system.o [1]
Init_SPI                0x008cdf   0x52  Code  Lc  system.o [1]
Init_System             0x00909b   0x18  Code  Gb  system.o [1]
Init_TIMER              0x00875f    0x6  Code  Lc  system.o [1]
Init_Time               0x0086b5   0x18  Code  Lc  system.o [1]
Init_USART              0x008def   0x3a  Code  Lc  system.o [1]
LCD_AES_IRQHandler      0x009200    0x1  Code  Gb  stm8l15x_it.o [1]
Network_ID_H            0x00003e    0x1  Data  Gb  SX1276.o [1]
PA_RXD_OUT              0x008080    0x1  Code  Gb  SX1276.o [1]
PA_SEELP_OUT            0x008081    0x1  Code  Gb  SX1276.o [1]
RECVER_CRC              0x000039    0x1  Data  Gb  stm8l15x_it.o [1]
RECVER_FIFO             0x000015   0x1e  Data  Gb  stm8l15x_it.o [1]
RECVER_ID               0x00003a    0x1  Data  Gb  stm8l15x_it.o [1]
RF_EX0_STATUS           0x000035    0x1  Data  Gb  stm8l15x_it.o [1]
RF_RECEIVE              0x008330   0x2d  Code  Gb  SX1276.o [1]
RF_REC_RLEN             0x000037    0x1  Data  Gb  stm8l15x_it.o [1]
RF_REC_RLEN_i           0x000038    0x1  Data  Gb  stm8l15x_it.o [1]
RF_SEELP                0x0083b0   0x23  Code  Gb  SX1276.o [1]
RF_SPI_MasterIO         0x00809e   0x47  Code  Gb  SX1276.o [1]
RF_SPI_READ_BYTE        0x0080e5   0x41  Code  Gb  SX1276.o [1]
RISSValue               0x00003d    0x1  Data  Gb  SX1276.o [1]
RTC_CSSLSE_IRQHandler   0x008ee8   0x28  Code  Gb  stm8l15x_it.o [1]
RTC_ClearITPendingBit   0x0091a5    0x9  Code  Gb  stm8l15x_rtc.o [1]
RTC_ITConfig            0x008e29   0x38  Code  Gb  stm8l15x_rtc.o [1]
RTC_SetWakeUpCounter    0x0090ca   0x15  Code  Gb  stm8l15x_rtc.o [1]
RTC_WakeUpClockConfig   0x008fce   0x23  Code  Gb  stm8l15x_rtc.o [1]
RTC_WakeUpCmd           0x008d72   0x3f  Code  Gb  stm8l15x_rtc.o [1]
RegPktRssiValue         0x00003c    0x1  Data  Gb  SX1276.o [1]
RegSNRValue             0x00003b    0x1  Data  Gb  SX1276.o [1]
Region$$Table$$Base     0x009034          --   Gb  - Linker created -
Region$$Table$$Limit    0x009046          --   Gb  - Linker created -
SPI1_IRQHandler         0x00920a    0x1  Code  Gb  stm8l15x_it.o [1]
SWITCH_CSS_BREAK_DAC_IRQHandler
                        0x009201    0x1  Code  Gb  stm8l15x_it.o [1]
SX1276LORA_INT          0x00835d   0x53  Code  Gb  SX1276.o [1]
SX1276LoRaFsk           0x008195   0x21  Code  Gb  SX1276.o [1]
SX1276LoRaSetErrorCoding
                        0x00822e   0x24  Code  Gb  SX1276.o [1]
SX1276LoRaSetImplicitHeaderOn
                        0x00829d   0x1d  Code  Gb  SX1276.o [1]
SX1276LoRaSetMobileNode
                        0x00830a   0x26  Code  Gb  SX1276.o [1]
SX1276LoRaSetNbTrigPeaks
                        0x0081e6   0x1d  Code  Gb  SX1276.o [1]
SX1276LoRaSetOpMode     0x008174   0x21  Code  Gb  SX1276.o [1]
SX1276LoRaSetPacketCrcOn
                        0x008252   0x25  Code  Gb  SX1276.o [1]
SX1276LoRaSetPayloadLength
                        0x008303    0x7  Code  Gb  SX1276.o [1]
SX1276LoRaSetRFFrequency
                        0x0081b6   0x1e  Code  Gb  SX1276.o [1]
SX1276LoRaSetRFPower    0x0081d4   0x12  Code  Gb  SX1276.o [1]
SX1276LoRaSetSignalBandwidth
                        0x008277   0x26  Code  Gb  SX1276.o [1]
SX1276LoRaSetSpreadingFactor
                        0x008203   0x2b  Code  Gb  SX1276.o [1]
SX1276LoRaSetSymbTimeout
                        0x0082ba   0x49  Code  Gb  SX1276.o [1]
SX1276ReadBuffer        0x00814d   0x27  Code  Gb  SX1276.o [1]
SX1276Reset             0x008082   0x1c  Code  Gb  SX1276.o [1]
SX1276WriteBuffer       0x008126   0x27  Code  Gb  SX1276.o [1]
SYSDivFactor            0x0091bc    0x5  Data  Gb  stm8l15x_clk.o [1]
SpreadingFactor         0x000013    0x1  Data  Gb  SX1276.o [1]
TIM1_CC_IRQHandler      0x009208    0x1  Code  Gb  stm8l15x_it.o [1]
TIM1_UPD_OVF_TRG_COM_IRQHandler
                        0x009207    0x1  Code  Gb  stm8l15x_it.o [1]
TIM2_CC_USART2_RX_IRQHandler
                        0x009204    0x1  Code  Gb  stm8l15x_it.o [1]
TIM2_Cmd                0x009160    0xd  Code  Gb  stm8l15x_tim2.o [1]
TIM2_DeInit             0x008c15   0x65  Code  Gb  stm8l15x_tim2.o [1]
TIM2_TimeBaseInit       0x008f86   0x24  Code  Gb  stm8l15x_tim2.o [1]
TIM2_UPD_OVF_TRG_BRK_USART2_TX_IRQHandler
                        0x009203    0x1  Code  Gb  stm8l15x_it.o [1]
TIM3_CC_USART3_RX_IRQHandler
                        0x009206    0x1  Code  Gb  stm8l15x_it.o [1]
TIM3_Cmd                0x00916d    0xd  Code  Gb  stm8l15x_tim3.o [1]
TIM3_DeInit             0x008c7a   0x65  Code  Gb  stm8l15x_tim3.o [1]
TIM3_TimeBaseInit       0x008faa   0x24  Code  Gb  stm8l15x_tim3.o [1]
TIM3_UPD_OVF_TRG_BRK_USART3_TX_IRQHandler
                        0x009205    0x1  Code  Gb  stm8l15x_it.o [1]
TIM4_UPD_OVF_TRG_IRQHandler
                        0x009209    0x1  Code  Gb  stm8l15x_it.o [1]
TRAP_IRQHandler         0x0091f2    0x1  Code  Gb  stm8l15x_it.o [1]
USART1_RX_TIM5_CC_IRQHandler
                        0x008f38   0x27  Code  Gb  stm8l15x_it.o [1]
USART1_TX_TIM5_UPD_OVF_TRG_BRK_IRQHandler
                        0x00920b    0x1  Code  Gb  stm8l15x_it.o [1]
USART_ClearFlag         0x0091cb    0x5  Code  Gb  stm8l15x_usart.o [1]
USART_Cmd               0x008f5f   0x27  Code  Gb  stm8l15x_usart.o [1]
USART_DeInit            0x008db1   0x3e  Code  Gb  stm8l15x_usart.o [1]
USART_GetFlagStatus     0x008ff1   0x22  Code  Gb  stm8l15x_usart.o [1]
USART_Init              0x008765   0xce  Code  Gb  stm8l15x_usart.o [1]
__DebugBreak            0x00920d    0x1  Code  Gb  __dbg_break.o [3]
__exit                  0x0090f4   0x14  Code  Gb  __dbg_xxexit.o [3]
__iar_copy_init2        0x008f10         Code  Gb  init_small.o [4]
__iar_data_init2        0x0090b3   0x17  Code  Gb  init.o [4]
__iar_program_start     0x009108         Code  Gb  cstartup.o [4]
__iar_unhandled_exception
                        0x0091ef         Code  Gb  unhandled_exception.o [4]
__iar_zero_init2        0x009046         Code  Gb  init_small.o [4]
__intvec                0x008000         Data  Gb  interrupt.o [4]
__low_level_init        0x0091e9    0x3  Code  Gb  low_level_init.o [4]
_exit                   0x0091d0         Code  Gb  cexit.o [4]
_interrupt_1            0x0091f2         Code  Gb  stm8l15x_it.o [1]
_interrupt_10           0x0091f9         Code  Gb  stm8l15x_it.o [1]
_interrupt_11           0x0091fa         Code  Gb  stm8l15x_it.o [1]
_interrupt_12           0x0091fb         Code  Gb  stm8l15x_it.o [1]
_interrupt_13           0x0091fc         Code  Gb  stm8l15x_it.o [1]
_interrupt_14           0x0091fd         Code  Gb  stm8l15x_it.o [1]
_interrupt_15           0x0083d3         Code  Gb  stm8l15x_it.o [1]
_interrupt_16           0x0091fe         Code  Gb  stm8l15x_it.o [1]
_interrupt_17           0x0091ff         Code  Gb  stm8l15x_it.o [1]
_interrupt_18           0x009200         Code  Gb  stm8l15x_it.o [1]
_interrupt_19           0x009201         Code  Gb  stm8l15x_it.o [1]
_interrupt_20           0x009202         Code  Gb  stm8l15x_it.o [1]
_interrupt_21           0x009203         Code  Gb  stm8l15x_it.o [1]
_interrupt_22           0x009204         Code  Gb  stm8l15x_it.o [1]
_interrupt_23           0x009205         Code  Gb  stm8l15x_it.o [1]
_interrupt_24           0x009206         Code  Gb  stm8l15x_it.o [1]
_interrupt_25           0x009207         Code  Gb  stm8l15x_it.o [1]
_interrupt_26           0x009208         Code  Gb  stm8l15x_it.o [1]
_interrupt_27           0x009209         Code  Gb  stm8l15x_it.o [1]
_interrupt_28           0x00920a         Code  Gb  stm8l15x_it.o [1]
_interrupt_29           0x00920b         Code  Gb  stm8l15x_it.o [1]
_interrupt_3            0x0091f3         Code  Gb  stm8l15x_it.o [1]
_interrupt_30           0x008f38         Code  Gb  stm8l15x_it.o [1]
_interrupt_31           0x00920c         Code  Gb  stm8l15x_it.o [1]
_interrupt_4            0x0091f4         Code  Gb  stm8l15x_it.o [1]
_interrupt_5            0x0091f5         Code  Gb  stm8l15x_it.o [1]
_interrupt_6            0x008ee8         Code  Gb  stm8l15x_it.o [1]
_interrupt_7            0x0091f6         Code  Gb  stm8l15x_it.o [1]
_interrupt_8            0x0091f7         Code  Gb  stm8l15x_it.o [1]
_interrupt_9            0x0091f8         Code  Gb  stm8l15x_it.o [1]
delay_ms                0x008ab4   0x82  Code  Gb  delay.o [1]
exit                    0x0091ec    0x3  Code  Gb  exit.o [4]
flag                    0x000033    0x2  Data  Gb  SX1276.o [1]
main                    0x009187    0xb  Code  Gb  main.o [1]
tx_complete_flag        0x00003f    0x1  Data  Gb  SX1276.o [1]


[1] = F:\Manhole\program\L152\Debug\Obj
[2] = command line
[3] = dbgstm8smd.a
[4] = dlstm8smn.a

  4 466 bytes of readonly  code memory
    156 bytes of readonly  data memory
    320 bytes of readwrite data memory

Errors: none
Warnings: none
