###############################################################################
#
# IAR ELF Linker V2.20.1.176 for STM8                     23/May/2016  11:11:07
# Copyright 2010-2015 IAR Systems AB.
#
#    Output file  =  F:\Manhole\program\L052\Debug\Exe\manhole.out
#    Map file     =  F:\Manhole\program\L052\Debug\List\manhole.map
#    Command line =  
#        F:\Manhole\program\L052\Debug\Obj\delay.o
#        F:\Manhole\program\L052\Debug\Obj\main.o
#        F:\Manhole\program\L052\Debug\Obj\stm8l15x_adc.o
#        F:\Manhole\program\L052\Debug\Obj\stm8l15x_aes.o
#        F:\Manhole\program\L052\Debug\Obj\stm8l15x_beep.o
#        F:\Manhole\program\L052\Debug\Obj\stm8l15x_clk.o
#        F:\Manhole\program\L052\Debug\Obj\stm8l15x_comp.o
#        F:\Manhole\program\L052\Debug\Obj\stm8l15x_dac.o
#        F:\Manhole\program\L052\Debug\Obj\stm8l15x_dma.o
#        F:\Manhole\program\L052\Debug\Obj\stm8l15x_exti.o
#        F:\Manhole\program\L052\Debug\Obj\stm8l15x_flash.o
#        F:\Manhole\program\L052\Debug\Obj\stm8l15x_gpio.o
#        F:\Manhole\program\L052\Debug\Obj\stm8l15x_i2c.o
#        F:\Manhole\program\L052\Debug\Obj\stm8l15x_irtim.o
#        F:\Manhole\program\L052\Debug\Obj\stm8l15x_it.o
#        F:\Manhole\program\L052\Debug\Obj\stm8l15x_itc.o
#        F:\Manhole\program\L052\Debug\Obj\stm8l15x_iwdg.o
#        F:\Manhole\program\L052\Debug\Obj\stm8l15x_lcd.o
#        F:\Manhole\program\L052\Debug\Obj\stm8l15x_pwr.o
#        F:\Manhole\program\L052\Debug\Obj\stm8l15x_rst.o
#        F:\Manhole\program\L052\Debug\Obj\stm8l15x_rtc.o
#        F:\Manhole\program\L052\Debug\Obj\stm8l15x_spi.o
#        F:\Manhole\program\L052\Debug\Obj\stm8l15x_syscfg.o
#        F:\Manhole\program\L052\Debug\Obj\stm8l15x_tim1.o
#        F:\Manhole\program\L052\Debug\Obj\stm8l15x_tim2.o
#        F:\Manhole\program\L052\Debug\Obj\stm8l15x_tim3.o
#        F:\Manhole\program\L052\Debug\Obj\stm8l15x_tim4.o
#        F:\Manhole\program\L052\Debug\Obj\stm8l15x_tim5.o
#        F:\Manhole\program\L052\Debug\Obj\stm8l15x_usart.o
#        F:\Manhole\program\L052\Debug\Obj\stm8l15x_wfe.o
#        F:\Manhole\program\L052\Debug\Obj\stm8l15x_wwdg.o
#        F:\Manhole\program\L052\Debug\Obj\SX1276.o
#        F:\Manhole\program\L052\Debug\Obj\system.o --redirect
#        _Printf=_PrintfSmall --redirect _Scanf=_ScanfSmall -o
#        F:\Manhole\program\L052\Debug\Exe\manhole.out --map
#        F:\Manhole\program\L052\Debug\List\manhole.map --config "D:\IAR
#        Systems\STM8\stm8\config\lnkstm8l052r8.icf" --config_def
#        _CSTACK_SIZE=0x100 --config_def _HEAP_SIZE=0x100 --entry
#        __iar_program_start --debug_lib
#
###############################################################################

*******************************************************************************
*** RUNTIME MODEL ATTRIBUTES
***

__SystemLibrary            = DLib
__code_model               = small
__core                     = stm8
__data_model               = medium
__dlib_file_descriptor     = 0
__dlib_full_locale_support = 0
__rt_version               = 4


*******************************************************************************
*** PLACEMENT SUMMARY
***

"A1":  place at start of [0x000000-0x0000ff] { rw section .vregs };
"A2":  place at end of [0x000000-0x000fff] { block CSTACK };
"P2":  place in [from 0x000000 to 0x000fff] {
          block HEAP, rw section __DLIB_PERTHREAD, rw section .far.bss,
          rw section .far.data, rw section .far.noinit,
          rw section .far_func.textrw, rw section .huge.bss,
          rw section .huge.data, rw section .huge.noinit,
          rw section .huge_func.textrw, rw section .iar.dynexit,
          rw section .near.bss, rw section .near.data, rw section .near.noinit,
          rw section .near_func.textrw };
"A3":  place at start of [0x008000-0x00ffff] { block INTVEC };
"P3":  place in [from 0x008000 to 0x00ffff] {
          ro section __DLIB_PERTHREAD_init, ro section .far.data_init,
          ro section .far_func.textrw_init, ro section .huge.data_init,
          ro section .huge_func.textrw_init, ro section .iar.init_table,
          ro section .init_array, ro section .near.data_init,
          ro section .near.rodata, ro section .near_func.text,
          ro section .near_func.textrw_init, ro section .tiny.data_init,
          ro section .tiny.rodata_init };

  Section          Kind      Address    Size  Object
  -------          ----      -------    ----  ------
"A1":                                   0x10
  .vregs           uninit   0x000000    0x10  vregs.o [4]
                          - 0x000010    0x10

"P2":                                   0xa0
  .near.bss        zero     0x000010    0x86  SX1276.o [1]
  .near.bss        zero     0x000096    0x14  SX1276.o [1]
  .near.bss        zero     0x0000aa     0x4  SX1276.o [1]
  .near.bss        zero     0x0000ae     0x1  main.o [1]
  .near.bss        zero     0x0000af     0x1  SX1276.o [1]
                          - 0x0000b0    0xa0

"A2":                                  0x100
  CSTACK                    0x000f00   0x100  <Block>
    CSTACK         uninit   0x000f00   0x100  <Block tail>
                          - 0x001000   0x100

"A3":                                   0x80
  INTVEC                    0x008000    0x80  <Block>
    .intvec        const    0x008000    0x80  interrupt.o [4]
                          - 0x008080    0x80

"P3":                                 0x2c72
  .near_func.text  ro code  0x008080  0x1545  SX1276.o [1]
  .near_func.text  ro code  0x0095c5   0x45b  float.o [4]
  .near_func.text  ro code  0x009a20   0x169  long.o [4]
  .near_func.text  ro code  0x009b89   0x13f  vreg_util.o [4]
  .near_func.text  ro code  0x009cc8   0x10d  stm8l15x_exti.o [1]
  .near_func.text  ro code  0x009dd5    0xfb  system.o [1]
  .near_func.text  ro code  0x009ed0    0xce  stm8l15x_usart.o [1]
  .near_func.text  ro code  0x009f9e    0xcc  xdint.o [4]
  .near_func.text  ro code  0x00a06a    0xaf  stm8l15x_gpio.o [1]
  .near_func.text  ro code  0x00a119    0xaf  stm8l15x_it.o [1]
  .near_func.text  ro code  0x00a1c8    0xa0  long_util.o [4]
  .near_func.text  ro code  0x00a268    0x98  stm8l15x_clk.o [1]
  .near_func.text  ro code  0x00a300    0x8c  SX1276.o [1]
  .near_func.text  ro code  0x00a38c    0x89  stm8l15x_clk.o [1]
  .near_func.text  ro code  0x00a415    0x82  delay.o [1]
  .near_func.text  ro code  0x00a497    0x72  stm8l15x_clk.o [1]
  .near_func.text  ro code  0x00a509    0x65  stm8l15x_tim2.o [1]
  .near_func.text  ro code  0x00a56e    0x65  stm8l15x_tim3.o [1]
  .near_func.text  ro code  0x00a5d3    0x41  stm8l15x_clk.o [1]
  .near_func.text  ro code  0x00a614    0x40  stm8l15x_it.o [1]
  .near_func.text  ro code  0x00a654    0x3f  stm8l15x_rtc.o [1]
  .near_func.text  ro code  0x00a693    0x3e  stm8l15x_usart.o [1]
  .near_func.text  ro code  0x00a6d1    0x3d  stm8l15x_it.o [1]
  .near_func.text  ro code  0x00a70e    0x3a  system.o [1]
  .near_func.text  ro code  0x00a748    0x3a  short.o [4]
  .near_func.text  ro code  0x00a782    0x3a  ceil.o [4]
  .near_func.text  ro code  0x00a7bc    0x3a  floor.o [4]
  .near_func.text  ro code  0x00a7f6    0x38  stm8l15x_rtc.o [1]
  .near_func.text  ro code  0x00a82e    0x31  system.o [1]
  .near_func.text  ro code  0x00a85f    0x30  stm8l15x_it.o [1]
  .near_func.text  ro code  0x00a88f    0x2c  stm8l15x_gpio.o [1]
  .near_func.text  ro code  0x00a8bb    0x2c  SX1276.o [1]
  .near_func.text  ro code  0x00a8e7    0x2b  stm8l15x_it.o [1]
  .near_func.text  ro code  0x00a912    0x2a  system.o [1]
  .near_func.text  ro code  0x00a93c    0x28  stm8l15x_it.o [1]
  .near_func.text  ro code  0x00a964    0x27  stm8l15x_it.o [1]
  .near_func.text  ro code  0x00a98b    0x27  stm8l15x_usart.o [1]
  .near_func.text  ro code  0x00a9b2    0x25  memcpy.o [4]
  .near_func.text  ro code  0x00a9d7    0x25  dc_util.o [4]
  .near_func.text  ro code  0x00a9fc    0x24  stm8l15x_tim2.o [1]
  .near_func.text  ro code  0x00aa20    0x24  stm8l15x_tim3.o [1]
  .near_func.text  ro code  0x00aa44    0x23  main.o [1]
  .near_func.text  ro code  0x00aa67    0x23  stm8l15x_rtc.o [1]
  .near_func.text  ro code  0x00aa8a    0x22  stm8l15x_usart.o [1]
  .near_func.text  ro code  0x00aaac    0x21  stm8l15x_exti.o [1]
  .iar.init_table  const    0x00aacd     0x8  - Linker created -
  .near.rodata     const    0x00aad5    0x1e  SX1276.o [1]
  .near_func.text  ro code  0x00aaf3    0x1e  init_small.o [4]
  .near_func.text  ro code  0x00ab11    0x1b  stm8l15x_gpio.o [1]
  .near_func.text  ro code  0x00ab2c    0x19  stm8l15x_it.o [1]
  .near_func.text  ro code  0x00ab45    0x17  memset.o [4]
  .near_func.text  ro code  0x00ab5c    0x17  init.o [4]
  .near_func.text  ro code  0x00ab73    0x15  stm8l15x_rtc.o [1]
  .near_func.text  ro code  0x00ab88    0x15  system.o [1]
  .near_func.text  ro code  0x00ab9d    0x15  system.o [1]
  .near_func.text  ro code  0x00abb2    0x14  __dbg_xxexit.o [3]
  .near_func.text  ro code  0x00abc6    0x13  cstartup.o [4]
  .near_func.text  ro code  0x00abd9    0x11  stm8l15x_it.o [1]
  .near.rodata     const    0x00abea    0x10  SX1276.o [1]
  .near_func.text  ro code  0x00abfa     0xf  stm8l15x_clk.o [1]
  .near_func.text  ro code  0x00ac09     0xf  stm8l15x_clk.o [1]
  .near_func.text  ro code  0x00ac18     0xd  stm8l15x_clk.o [1]
  .near_func.text  ro code  0x00ac25     0xd  stm8l15x_clk.o [1]
  .near_func.text  ro code  0x00ac32     0xd  stm8l15x_clk.o [1]
  .near_func.text  ro code  0x00ac3f     0xd  stm8l15x_tim2.o [1]
  .near_func.text  ro code  0x00ac4c     0xd  stm8l15x_tim3.o [1]
  .near_func.text  ro code  0x00ac59     0xa  stm8l15x_clk.o [1]
  .near_func.text  ro code  0x00ac63     0x9  stm8l15x_gpio.o [1]
  .near_func.text  ro code  0x00ac6c     0x9  stm8l15x_rtc.o [1]
  .near_func.text  ro code  0x00ac75     0x7  stm8l15x_gpio.o [1]
  .near_func.text  ro code  0x00ac7c     0x7  stm8l15x_gpio.o [1]
  .near.rodata     const    0x00ac83     0x6  stm8l15x_it.o [1]
  .near.rodata     const    0x00ac89     0x5  stm8l15x_clk.o [1]
  .near_func.text  ro code  0x00ac8e     0x5  stm8l15x_clk.o [1]
  .near_func.text  ro code  0x00ac93     0x5  stm8l15x_gpio.o [1]
  .near_func.text  ro code  0x00ac98     0x5  stm8l15x_it.o [1]
  .near_func.text  ro code  0x00ac9d     0x5  stm8l15x_it.o [1]
  .near_func.text  ro code  0x00aca2     0x5  stm8l15x_usart.o [1]
  .near_func.text  ro code  0x00aca7     0x5  SX1276.o [1]
  .near_func.text  ro code  0x00acac     0x5  SX1276.o [1]
  .near_func.text  ro code  0x00acb1     0x5  cexit.o [4]
  .near_func.text  ro code  0x00acb6     0x4  stm8l15x_clk.o [1]
  .near_func.text  ro code  0x00acba     0x4  stm8l15x_clk.o [1]
  .near_func.text  ro code  0x00acbe     0x4  stm8l15x_gpio.o [1]
  .near_func.text  ro code  0x00acc2     0x4  SX1276.o [1]
  .near_func.text  ro code  0x00acc6     0x3  interrupt.o [4]
  .near_func.text  ro code  0x00acc9     0x3  low_level_init.o [4]
  .near_func.text  ro code  0x00accc     0x3  exit.o [4]
  .near_func.text  ro code  0x00accf     0x3  unhandled_exception.o [4]
  .near_func.text  ro code  0x00acd2     0x1  stm8l15x_it.o [1]
  .near_func.text  ro code  0x00acd3     0x1  stm8l15x_it.o [1]
  .near_func.text  ro code  0x00acd4     0x1  stm8l15x_it.o [1]
  .near_func.text  ro code  0x00acd5     0x1  stm8l15x_it.o [1]
  .near_func.text  ro code  0x00acd6     0x1  stm8l15x_it.o [1]
  .near_func.text  ro code  0x00acd7     0x1  stm8l15x_it.o [1]
  .near_func.text  ro code  0x00acd8     0x1  stm8l15x_it.o [1]
  .near_func.text  ro code  0x00acd9     0x1  stm8l15x_it.o [1]
  .near_func.text  ro code  0x00acda     0x1  stm8l15x_it.o [1]
  .near_func.text  ro code  0x00acdb     0x1  stm8l15x_it.o [1]
  .near_func.text  ro code  0x00acdc     0x1  stm8l15x_it.o [1]
  .near_func.text  ro code  0x00acdd     0x1  stm8l15x_it.o [1]
  .near_func.text  ro code  0x00acde     0x1  stm8l15x_it.o [1]
  .near_func.text  ro code  0x00acdf     0x1  stm8l15x_it.o [1]
  .near_func.text  ro code  0x00ace0     0x1  stm8l15x_it.o [1]
  .near_func.text  ro code  0x00ace1     0x1  stm8l15x_it.o [1]
  .near_func.text  ro code  0x00ace2     0x1  stm8l15x_it.o [1]
  .near_func.text  ro code  0x00ace3     0x1  stm8l15x_it.o [1]
  .near_func.text  ro code  0x00ace4     0x1  stm8l15x_it.o [1]
  .near_func.text  ro code  0x00ace5     0x1  stm8l15x_it.o [1]
  .near_func.text  ro code  0x00ace6     0x1  stm8l15x_it.o [1]
  .near_func.text  ro code  0x00ace7     0x1  stm8l15x_it.o [1]
  .near_func.text  ro code  0x00ace8     0x1  stm8l15x_it.o [1]
  .near_func.text  ro code  0x00ace9     0x1  stm8l15x_it.o [1]
  .near_func.text  ro code  0x00acea     0x1  stm8l15x_it.o [1]
  .near_func.text  ro code  0x00aceb     0x1  stm8l15x_it.o [1]
  .near_func.text  ro code  0x00acec     0x1  SX1276.o [1]
  .near_func.text  ro code  0x00aced     0x1  SX1276.o [1]
  .near_func.text  ro code  0x00acee     0x1  SX1276.o [1]
  .near_func.text  ro code  0x00acef     0x1  SX1276.o [1]
  .near_func.text  ro code  0x00acf0     0x1  SX1276.o [1]
  .near_func.text  ro code  0x00acf1     0x1  __dbg_break.o [3]
                          - 0x00acf2  0x2c72


*******************************************************************************
*** INIT TABLE
***

          Address   Size
          -------   ----
Zero (__iar_zero_init2)
    1 destination range, total size 0xa0:
          0x000010  0xa0



*******************************************************************************
*** MODULE SUMMARY
***

    Module                 ro code  ro data  rw data
    ------                 -------  -------  -------
F:\Manhole\program\L052\Debug\Obj: [1]
    SX1276.o                 5 648       46      159
    delay.o                    130
    main.o                      35                 1
    stm8l15x_clk.o             560        5
    stm8l15x_exti.o            302
    stm8l15x_gpio.o            278
    stm8l15x_it.o              548        6
    stm8l15x_rtc.o             184
    stm8l15x_tim2.o            150
    stm8l15x_tim3.o            150
    stm8l15x_usart.o           346
    system.o                   442
    ------------------------------------------------
    Total:                   8 773       57      160

command line: [2]
    ------------------------------------------------
    Total:

dbgstm8smd.a: [3]
    __dbg_break.o                1
    __dbg_xxexit.o              20
    ------------------------------------------------
    Total:                      21

dlstm8smn.a: [4]
    ceil.o                      58
    cexit.o                      5
    cstartup.o                  19
    dc_util.o                   37
    exit.o                       3
    float.o                  1 115
    floor.o                     58
    init.o                      23
    init_small.o                30
    interrupt.o                  3      128
    long.o                     361
    long_util.o                160
    low_level_init.o             3
    memcpy.o                    37
    memset.o                    23
    short.o                     58
    unhandled_exception.o        3
    vreg_util.o                319
    vregs.o                                       16
    xdint.o                    204
    ------------------------------------------------
    Total:                   2 519      128       16

    Linker created                        8      256
----------------------------------------------------
    Grand Total:            11 313      193      432


*******************************************************************************
*** ENTRY LIST
***

Entry                    Address   Size  Type      Object
-----                    -------   ----  ----      ------
.iar.init_table$$Base   0x00aacd          --   Gb  - Linker created -
.iar.init_table$$Limit  0x00aad5          --   Gb  - Linker created -
?add32_l0_l0_0x         0x009a28         Code  Gb  long.o [4]
?add32_l0_l0_dl         0x009a20         Code  Gb  long.o [4]
?add32_l0_l0_l1         0x009a25         Code  Gb  long.o [4]
?b0                     0x000000         Data  Gb  vregs.o [4]
?b1                     0x000001         Data  Gb  vregs.o [4]
?b10                    0x00000a         Data  Gb  vregs.o [4]
?b11                    0x00000b         Data  Gb  vregs.o [4]
?b12                    0x00000c         Data  Gb  vregs.o [4]
?b13                    0x00000d         Data  Gb  vregs.o [4]
?b14                    0x00000e         Data  Gb  vregs.o [4]
?b15                    0x00000f         Data  Gb  vregs.o [4]
?b2                     0x000002         Data  Gb  vregs.o [4]
?b3                     0x000003         Data  Gb  vregs.o [4]
?b4                     0x000004         Data  Gb  vregs.o [4]
?b5                     0x000005         Data  Gb  vregs.o [4]
?b6                     0x000006         Data  Gb  vregs.o [4]
?b7                     0x000007         Data  Gb  vregs.o [4]
?b8                     0x000008         Data  Gb  vregs.o [4]
?b9                     0x000009         Data  Gb  vregs.o [4]
?dc32_l0                0x00a9d7         Code  Gb  dc_util.o [4]
?dc32_l1                0x00a9e4         Code  Gb  dc_util.o [4]
?dc32_px                0x00a9f1         Code  Gb  dc_util.o [4]
?e0                     0x000001         Data  Gb  vregs.o [4]
?e1                     0x000005         Data  Gb  vregs.o [4]
?e2                     0x000009         Data  Gb  vregs.o [4]
?e3                     0x00000d         Data  Gb  vregs.o [4]
?epilogue_l2            0x009c30         Code  Gb  vreg_util.o [4]
?epilogue_l2_l3         0x009c2d         Code  Gb  vreg_util.o [4]
?epilogue_l2_w6         0x009c34         Code  Gb  vreg_util.o [4]
?epilogue_w4            0x009c3b         Code  Gb  vreg_util.o [4]
?fadd32_l0_l0_dc32      0x0095e2         Code  Gb  float.o [4]
?fadd32_l0_l0_l1        0x0095e7         Code  Gb  float.o [4]
?fcastf32s16_l0_x       0x009871         Code  Gb  float.o [4]
?fcastf32u16_l0_x       0x009878         Code  Gb  float.o [4]
?fcastf32u32_l0_l0      0x0098e6         Code  Gb  float.o [4]
?fcastu32f32_l0_l0      0x009896         Code  Gb  float.o [4]
?fcmpge32_c_l0_0x       0x009812         Code  Gb  float.o [4]
?fcmpge32_c_l0_dc32     0x00980d         Code  Gb  float.o [4]
?fcmplt32_c_l0_0x       0x00981b         Code  Gb  float.o [4]
?fcmplt32_c_l0_dc32     0x009816         Code  Gb  float.o [4]
?fdiv32_l0_dc32_l1      0x009755         Code  Gb  float.o [4]
?fdiv32_l0_l0_dc32      0x00975a         Code  Gb  float.o [4]
?fdiv32_l0_l0_l1        0x00975f         Code  Gb  float.o [4]
?fmul32_l0_l0_dc32      0x0096b5         Code  Gb  float.o [4]
?fmul32_l0_l0_l1        0x0096ba         Code  Gb  float.o [4]
?l0                     0x000000         Data  Gb  vregs.o [4]
?l1                     0x000004         Data  Gb  vregs.o [4]
?l2                     0x000008         Data  Gb  vregs.o [4]
?l3                     0x00000c         Data  Gb  vregs.o [4]
?load32_0x_l0           0x00a22d         Code  Gb  long_util.o [4]
?load32_0x_l2           0x00a24c         Code  Gb  long_util.o [4]
?load32_0x_l3           0x00a25a         Code  Gb  long_util.o [4]
?load32_asp_l0          0x00a221         Code  Gb  long_util.o [4]
?load32_asp_l2          0x00a240         Code  Gb  long_util.o [4]
?load32_dbsp_l0         0x00a21c         Code  Gb  long_util.o [4]
?load32_dbsp_l2         0x00a23b         Code  Gb  long_util.o [4]
?load32_l0_0x           0x00a1d8         Code  Gb  long_util.o [4]
?load32_l0_asp          0x00a1cd         Code  Gb  long_util.o [4]
?load32_l0_dbsp         0x00a1c8         Code  Gb  long_util.o [4]
?load32_l0_xsp          0x00a1cf         Code  Gb  long_util.o [4]
?load32_l1_0x           0x00a1f4         Code  Gb  long_util.o [4]
?load32_l1_asp          0x00a1e9         Code  Gb  long_util.o [4]
?load32_l1_dbsp         0x00a1e4         Code  Gb  long_util.o [4]
?load32_l1_xsp          0x00a1eb         Code  Gb  long_util.o [4]
?load32_l2_0x           0x00a210         Code  Gb  long_util.o [4]
?load32_l2_asp          0x00a205         Code  Gb  long_util.o [4]
?load32_l2_dbsp         0x00a200         Code  Gb  long_util.o [4]
?load32_l2_xsp          0x00a207         Code  Gb  long_util.o [4]
?load32_xsp_l0          0x00a223         Code  Gb  long_util.o [4]
?load32_xsp_l2          0x00a242         Code  Gb  long_util.o [4]
?mov_e0_e1              0x009c49         Code  Gb  vreg_util.o [4]
?mov_e0_e2              0x009c56         Code  Gb  vreg_util.o [4]
?mov_e0_e3              0x009c63         Code  Gb  vreg_util.o [4]
?mov_e1_e0              0x009c70         Code  Gb  vreg_util.o [4]
?mov_e1_e2              0x009c7d         Code  Gb  vreg_util.o [4]
?mov_e1_e3              0x009c8a         Code  Gb  vreg_util.o [4]
?mov_e2_e0              0x009c97         Code  Gb  vreg_util.o [4]
?mov_e2_e1              0x009ca4         Code  Gb  vreg_util.o [4]
?mov_e3_e0              0x009cb1         Code  Gb  vreg_util.o [4]
?mov_e3_e1              0x009cbe         Code  Gb  vreg_util.o [4]
?mov_l0_l1              0x009c46         Code  Gb  vreg_util.o [4]
?mov_l0_l2              0x009c53         Code  Gb  vreg_util.o [4]
?mov_l0_l3              0x009c60         Code  Gb  vreg_util.o [4]
?mov_l1_l0              0x009c6d         Code  Gb  vreg_util.o [4]
?mov_l1_l2              0x009c7a         Code  Gb  vreg_util.o [4]
?mov_l1_l3              0x009c87         Code  Gb  vreg_util.o [4]
?mov_l2_l0              0x009c94         Code  Gb  vreg_util.o [4]
?mov_l2_l1              0x009ca1         Code  Gb  vreg_util.o [4]
?mov_l3_l0              0x009cae         Code  Gb  vreg_util.o [4]
?mov_l3_l1              0x009cbb         Code  Gb  vreg_util.o [4]
?mov_w1_w3              0x009c4c         Code  Gb  vreg_util.o [4]
?mov_w1_w5              0x009c59         Code  Gb  vreg_util.o [4]
?mov_w1_w7              0x009c66         Code  Gb  vreg_util.o [4]
?mov_w2_w1              0x009c3f         Code  Gb  vreg_util.o [4]
?mov_w3_w1              0x009c73         Code  Gb  vreg_util.o [4]
?mov_w3_w5              0x009c80         Code  Gb  vreg_util.o [4]
?mov_w3_w7              0x009c8d         Code  Gb  vreg_util.o [4]
?mov_w5_w1              0x009c9a         Code  Gb  vreg_util.o [4]
?mov_w5_w3              0x009ca7         Code  Gb  vreg_util.o [4]
?mov_w7_w1              0x009cb4         Code  Gb  vreg_util.o [4]
?mov_w7_w3              0x009cc1         Code  Gb  vreg_util.o [4]
?mul16_x_x_w0           0x00a748         Code  Gb  short.o [4]
?mul32_l0_l0_0x         0x009a5e         Code  Gb  long.o [4]
?mul32_l0_l0_dl         0x009a5b         Code  Gb  long.o [4]
?mul32_l0_l0_l1         0x009a67         Code  Gb  long.o [4]
?or32_l0_l0_0x          0x009b55         Code  Gb  long.o [4]
?or32_l0_l0_l1          0x009b52         Code  Gb  long.o [4]
?pop_l0                 0x009bf9         Code  Gb  vreg_util.o [4]
?pop_l1                 0x009c04         Code  Gb  vreg_util.o [4]
?pop_l2                 0x009c0f         Code  Gb  vreg_util.o [4]
?pop_l3                 0x009c1a         Code  Gb  vreg_util.o [4]
?pop_w4                 0x009bab         Code  Gb  vreg_util.o [4]
?pop_w6                 0x009bb2         Code  Gb  vreg_util.o [4]
?pop_w7                 0x009bb9         Code  Gb  vreg_util.o [4]
?push_l0                0x009bc8         Code  Gb  vreg_util.o [4]
?push_l1                0x009bcd         Code  Gb  vreg_util.o [4]
?push_l2                0x009bd2         Code  Gb  vreg_util.o [4]
?push_l3                0x009bd7         Code  Gb  vreg_util.o [4]
?push_w4                0x009b89         Code  Gb  vreg_util.o [4]
?push_w6                0x009b8e         Code  Gb  vreg_util.o [4]
?push_w7                0x009b93         Code  Gb  vreg_util.o [4]
?sext16_x_a             0x00a77b         Code  Gb  short.o [4]
?sext32_l0_x            0x009b7e         Code  Gb  long.o [4]
?sll16_x_x_a            0x00a766         Code  Gb  short.o [4]
?sll32_0x_0x_a          0x009b70         Code  Gb  long.o [4]
?sll32_l0_l0_a          0x009b6d         Code  Gb  long.o [4]
?sra16_x_x_4            0x00a776         Code  Gb  short.o [4]
?srl16_x_x_4            0x00a771         Code  Gb  short.o [4]
?srl16_x_x_5            0x00a770         Code  Gb  short.o [4]
?srl16_x_x_6            0x00a76f         Code  Gb  short.o [4]
?srl16_x_x_7            0x00a76e         Code  Gb  short.o [4]
?sub32_l0_l0_0x         0x009a43         Code  Gb  long.o [4]
?sub32_l0_l0_l1         0x009a40         Code  Gb  long.o [4]
?udiv32_l0_l0_l1        0x009ae5         Code  Gb  long.o [4]
?umod32_l1_l0_l1        0x009ae5         Code  Gb  long.o [4]
?w0                     0x000000         Data  Gb  vregs.o [4]
?w1                     0x000002         Data  Gb  vregs.o [4]
?w2                     0x000004         Data  Gb  vregs.o [4]
?w3                     0x000006         Data  Gb  vregs.o [4]
?w4                     0x000008         Data  Gb  vregs.o [4]
?w5                     0x00000a         Data  Gb  vregs.o [4]
?w6                     0x00000c         Data  Gb  vregs.o [4]
?w7                     0x00000e         Data  Gb  vregs.o [4]
ADC1_COMP_IRQHandler    0x00ace1    0x1  Code  Gb  stm8l15x_it.o [1]
Buffer                  0x0000aa    0x4  Data  Gb  SX1276.o [1]
CLK_ClockSecuritySystemEnable
                        0x00ac8e    0x5  Code  Gb  stm8l15x_clk.o [1]
CLK_DeInit              0x00a5d3   0x41  Code  Gb  stm8l15x_clk.o [1]
CLK_GetClockFreq        0x00a497   0x72  Code  Gb  stm8l15x_clk.o [1]
CLK_GetFlagStatus       0x00a268   0x98  Code  Gb  stm8l15x_clk.o [1]
CLK_HSEConfig           0x00abfa    0xf  Code  Gb  stm8l15x_clk.o [1]
CLK_HSICmd              0x00ac18    0xd  Code  Gb  stm8l15x_clk.o [1]
CLK_LSEConfig           0x00ac09    0xf  Code  Gb  stm8l15x_clk.o [1]
CLK_LSICmd              0x00ac25    0xd  Code  Gb  stm8l15x_clk.o [1]
CLK_PeripheralClockConfig
                        0x00a38c   0x89  Code  Gb  stm8l15x_clk.o [1]
CLK_RTCClockConfig      0x00ac59    0xa  Code  Gb  stm8l15x_clk.o [1]
CLK_SYSCLKDivConfig     0x00acba    0x4  Code  Gb  stm8l15x_clk.o [1]
CLK_SYSCLKSourceConfig  0x00acb6    0x4  Code  Gb  stm8l15x_clk.o [1]
CLK_SYSCLKSourceSwitchCmd
                        0x00ac32    0xd  Code  Gb  stm8l15x_clk.o [1]
CSTACK$$Base            0x000f00          --   Gb  - Linker created -
CSTACK$$Limit           0x001000          --   Gb  - Linker created -
DMA1_CHANNEL0_1_IRQHandler
                        0x00acd4    0x1  Code  Gb  stm8l15x_it.o [1]
DMA1_CHANNEL2_3_IRQHandler
                        0x00acd5    0x1  Code  Gb  stm8l15x_it.o [1]
Deinit_All_GPIO         0x00a912   0x2a  Code  Lc  system.o [1]
EXTI0_IRQHandler        0x00acd9    0x1  Code  Gb  stm8l15x_it.o [1]
EXTI1_IRQHandler        0x00acda    0x1  Code  Gb  stm8l15x_it.o [1]
EXTI2_IRQHandler        0x00acdb    0x1  Code  Gb  stm8l15x_it.o [1]
EXTI3_IRQHandler        0x00acdc    0x1  Code  Gb  stm8l15x_it.o [1]
EXTI4_IRQHandler        0x00acdd    0x1  Code  Gb  stm8l15x_it.o [1]
EXTI5_IRQHandler        0x00a6d1   0x3d  Code  Gb  stm8l15x_it.o [1]
EXTI6_IRQHandler        0x00a8e7   0x2b  Code  Gb  stm8l15x_it.o [1]
EXTI7_IRQHandler        0x00acde    0x1  Code  Gb  stm8l15x_it.o [1]
EXTIB_G_IRQHandler      0x00acd7    0x1  Code  Gb  stm8l15x_it.o [1]
EXTID_H_IRQHandler      0x00acd8    0x1  Code  Gb  stm8l15x_it.o [1]
EXTIE_F_PVD_IRQHandler  0x00acd6    0x1  Code  Gb  stm8l15x_it.o [1]
EXTI_ClearITPendingBit  0x00aaac   0x21  Code  Gb  stm8l15x_exti.o [1]
EXTI_SetPinSensitivity  0x009cc8  0x10d  Code  Gb  stm8l15x_exti.o [1]
FLASH_IRQHandler        0x00acd3    0x1  Code  Gb  stm8l15x_it.o [1]
GPIO_DeInit             0x00ab11   0x1b  Code  Gb  stm8l15x_gpio.o [1]
GPIO_ExternalPullUpConfig
                        0x00a88f   0x2c  Code  Gb  stm8l15x_gpio.o [1]
GPIO_Init               0x00a06a   0xaf  Code  Gb  stm8l15x_gpio.o [1]
GPIO_ReadInputData      0x00ac93    0x5  Code  Gb  stm8l15x_gpio.o [1]
GPIO_ReadInputDataBit   0x00ac63    0x9  Code  Gb  stm8l15x_gpio.o [1]
GPIO_ResetBits          0x00acbe    0x4  Code  Gb  stm8l15x_gpio.o [1]
GPIO_SetBits            0x00ac75    0x7  Code  Gb  stm8l15x_gpio.o [1]
GPIO_ToggleBits         0x00ac7c    0x7  Code  Gb  stm8l15x_gpio.o [1]
Get_MISO                0x0082ec    0x9  Code  Gb  SX1276.o [1]
I2C1_SPI2_IRQHandler    0x00aceb    0x1  Code  Gb  stm8l15x_it.o [1]
INTVEC$$Base            0x008000          --   Gb  - Linker created -
INTVEC$$Limit           0x008080          --   Gb  - Linker created -
Init_CLK                0x009e38   0x8c  Code  Lc  system.o [1]
Init_Delay              0x009e09   0x17  Code  Lc  system.o [1]
Init_EXIT               0x00ab88   0x15  Code  Lc  system.o [1]
Init_GPIO               0x009ec4    0x6  Code  Lc  system.o [1]
Init_LED                0x009dd5   0x34  Code  Lc  system.o [1]
Init_LORA_SPI           0x00832b   0xff  Code  Lc  SX1276.o [1]
Init_RTC                0x00a82e   0x31  Code  Lc  system.o [1]
Init_Radio              0x00a300   0x8c  Code  Gb  SX1276.o [1]
Init_System             0x00ab9d   0x15  Code  Gb  system.o [1]
Init_TIMER              0x009eca    0x6  Code  Lc  system.o [1]
Init_Time               0x009e20   0x18  Code  Lc  system.o [1]
Init_USART              0x00a70e   0x3a  Code  Lc  system.o [1]
LCD_AES_IRQHandler      0x00acdf    0x1  Code  Gb  stm8l15x_it.o [1]
RF_SPI_MasterIO         0x008094   0x37  Code  Gb  SX1276.o [1]
RF_SPI_READ_BYTE        0x0080cb   0x35  Code  Gb  SX1276.o [1]
RTC_CSSLSE_IRQHandler   0x00a93c   0x28  Code  Gb  stm8l15x_it.o [1]
RTC_ClearITPendingBit   0x00ac6c    0x9  Code  Gb  stm8l15x_rtc.o [1]
RTC_ITConfig            0x00a7f6   0x38  Code  Gb  stm8l15x_rtc.o [1]
RTC_SetWakeUpCounter    0x00ab73   0x15  Code  Gb  stm8l15x_rtc.o [1]
RTC_WakeUpClockConfig   0x00aa67   0x23  Code  Gb  stm8l15x_rtc.o [1]
RTC_WakeUpCmd           0x00a654   0x3f  Code  Gb  stm8l15x_rtc.o [1]
Radio                   0x00aad5   0x1e  Data  Gb  SX1276.o [1]
RadioEvents             0x00abea   0x10  Data  Gb  SX1276.o [1]
RadioIrqCallback        0x00ac83    0x6  Data  Gb  stm8l15x_it.o [1]
Region$$Table$$Base     0x00aacd          --   Gb  - Linker created -
Region$$Table$$Limit    0x00aad5          --   Gb  - Linker created -
Reset_MISO              0x0082e3    0x9  Code  Gb  SX1276.o [1]
Reset_MOSI              0x0082fe    0x9  Code  Gb  SX1276.o [1]
Reset_NSS               0x008310    0x9  Code  Gb  SX1276.o [1]
Reset_Reset             0x008322    0x9  Code  Gb  SX1276.o [1]
Reset_SCK               0x0082d1    0x9  Code  Gb  SX1276.o [1]
RxBuffer                0x000096   0x14  Data  Gb  SX1276.o [1]
RxChainCalibration      0x0081e3   0xc0  Code  Lc  SX1276.o [1]
SPI1_IRQHandler         0x00ace9    0x1  Code  Gb  stm8l15x_it.o [1]
SWITCH_CSS_BREAK_DAC_IRQHandler
                        0x00ace0    0x1  Code  Gb  stm8l15x_it.o [1]
SX1276                  0x000010   0x86  Data  Gb  SX1276.o [1]
SX1276GetState          0x00889f    0x4  Code  Gb  SX1276.o [1]
SX1276GetTimeOnAir      0x008dd9  0x198  Code  Gb  SX1276.o [1]
SX1276Init              0x00842a   0x13  Code  Gb  SX1276.o [1]
SX1276IsChannelFree     0x008471  0x42e  Code  Gb  SX1276.o [1]
SX1276LoRaFsk           0x008188   0x21  Code  Gb  SX1276.o [1]
SX1276LoRaSetOpMode     0x00813e   0x4a  Code  Gb  SX1276.o [1]
SX1276ReadBuffer        0x00811f   0x1f  Code  Gb  SX1276.o [1]
SX1276ReadFifo          0x008f9e   0x2b  Code  Gb  SX1276.o [1]
SX1276ReadRssi          0x00843d   0x34  Code  Gb  SX1276.o [1]
SX1276Reset             0x008080   0x14  Code  Gb  SX1276.o [1]
SX1276Send              0x009011  0x486  Code  Gb  SX1276.o [1]
SX1276SendingStatus     0x00acc2    0x4  Code  Gb  SX1276.o [1]
SX1276SetChannel        0x0081a9   0x3a  Code  Gb  SX1276.o [1]
SX1276SetModem          0x0082a3   0x25  Code  Gb  SX1276.o [1]
SX1276SetPower          0x008af6   0xf0  Code  Gb  SX1276.o [1]
SX1276SetRx             0x0094bc   0xe9  Code  Gb  SX1276.o [1]
SX1276SetRxConfig       0x0088a3  0x253  Code  Gb  SX1276.o [1]
SX1276SetSleep          0x009497   0x20  Code  Gb  SX1276.o [1]
SX1276SetStby           0x0094b7    0x5  Code  Gb  SX1276.o [1]
SX1276SetTx             0x008fc9   0x48  Code  Gb  SX1276.o [1]
SX1276SetTxConfig       0x008be6  0x1f3  Code  Gb  SX1276.o [1]
SX1276StartCad          0x0095a5   0x20  Code  Gb  SX1276.o [1]
SX1276WriteBuffer       0x008100   0x1f  Code  Gb  SX1276.o [1]
SX1276WriteFifo         0x008f71   0x2d  Code  Gb  SX1276.o [1]
SYSDivFactor            0x00ac89    0x5  Data  Gb  stm8l15x_clk.o [1]
Set_MISO                0x0082da    0x9  Code  Gb  SX1276.o [1]
Set_MOSI                0x0082f5    0x9  Code  Gb  SX1276.o [1]
Set_NSS                 0x008307    0x9  Code  Gb  SX1276.o [1]
Set_Reset               0x008319    0x9  Code  Gb  SX1276.o [1]
Set_SCK                 0x0082c8    0x9  Code  Gb  SX1276.o [1]
TIM1_CC_IRQHandler      0x00ace7    0x1  Code  Gb  stm8l15x_it.o [1]
TIM1_UPD_OVF_TRG_COM_IRQHandler
                        0x00ace6    0x1  Code  Gb  stm8l15x_it.o [1]
TIM2_CC_USART2_RX_IRQHandler
                        0x00ace3    0x1  Code  Gb  stm8l15x_it.o [1]
TIM2_Cmd                0x00ac3f    0xd  Code  Gb  stm8l15x_tim2.o [1]
TIM2_DeInit             0x00a509   0x65  Code  Gb  stm8l15x_tim2.o [1]
TIM2_TimeBaseInit       0x00a9fc   0x24  Code  Gb  stm8l15x_tim2.o [1]
TIM2_UPD_OVF_TRG_BRK_USART2_TX_IRQHandler
                        0x00ace2    0x1  Code  Gb  stm8l15x_it.o [1]
TIM3_CC_USART3_RX_IRQHandler
                        0x00ace5    0x1  Code  Gb  stm8l15x_it.o [1]
TIM3_Cmd                0x00ac4c    0xd  Code  Gb  stm8l15x_tim3.o [1]
TIM3_DeInit             0x00a56e   0x65  Code  Gb  stm8l15x_tim3.o [1]
TIM3_TimeBaseInit       0x00aa20   0x24  Code  Gb  stm8l15x_tim3.o [1]
TIM3_UPD_OVF_TRG_BRK_USART3_TX_IRQHandler
                        0x00ace4    0x1  Code  Gb  stm8l15x_it.o [1]
TIM4_UPD_OVF_TRG_IRQHandler
                        0x00ace8    0x1  Code  Gb  stm8l15x_it.o [1]
TRAP_IRQHandler         0x00acd2    0x1  Code  Gb  stm8l15x_it.o [1]
USART1_RX_TIM5_CC_IRQHandler
                        0x00a964   0x27  Code  Gb  stm8l15x_it.o [1]
USART1_TX_TIM5_UPD_OVF_TRG_BRK_IRQHandler
                        0x00acea    0x1  Code  Gb  stm8l15x_it.o [1]
USART_ClearFlag         0x00aca2    0x5  Code  Gb  stm8l15x_usart.o [1]
USART_Cmd               0x00a98b   0x27  Code  Gb  stm8l15x_usart.o [1]
USART_DeInit            0x00a693   0x3e  Code  Gb  stm8l15x_usart.o [1]
USART_GetFlagStatus     0x00aa8a   0x22  Code  Gb  stm8l15x_usart.o [1]
USART_Init              0x009ed0   0xce  Code  Gb  stm8l15x_usart.o [1]
__DebugBreak            0x00acf1    0x1  Code  Gb  __dbg_break.o [3]
__exit                  0x00abb2   0x14  Code  Gb  __dbg_xxexit.o [3]
__iar_Dint              0x009f9e   0xcc  Code  Gb  xdint.o [4]
__iar_data_init2        0x00ab5c   0x17  Code  Gb  init.o [4]
__iar_program_start     0x00abc6         Code  Gb  cstartup.o [4]
__iar_unhandled_exception
                        0x00accf         Code  Gb  unhandled_exception.o [4]
__iar_zero_init2        0x00aaf3         Code  Gb  init_small.o [4]
__intvec                0x008000         Data  Gb  interrupt.o [4]
__low_level_init        0x00acc9    0x3  Code  Gb  low_level_init.o [4]
_exit                   0x00acb1         Code  Gb  cexit.o [4]
_interrupt_1            0x00acd2         Code  Gb  stm8l15x_it.o [1]
_interrupt_10           0x00acd9         Code  Gb  stm8l15x_it.o [1]
_interrupt_11           0x00acda         Code  Gb  stm8l15x_it.o [1]
_interrupt_12           0x00acdb         Code  Gb  stm8l15x_it.o [1]
_interrupt_13           0x00acdc         Code  Gb  stm8l15x_it.o [1]
_interrupt_14           0x00acdd         Code  Gb  stm8l15x_it.o [1]
_interrupt_15           0x00a6d1         Code  Gb  stm8l15x_it.o [1]
_interrupt_16           0x00a8e7         Code  Gb  stm8l15x_it.o [1]
_interrupt_17           0x00acde         Code  Gb  stm8l15x_it.o [1]
_interrupt_18           0x00acdf         Code  Gb  stm8l15x_it.o [1]
_interrupt_19           0x00ace0         Code  Gb  stm8l15x_it.o [1]
_interrupt_20           0x00ace1         Code  Gb  stm8l15x_it.o [1]
_interrupt_21           0x00ace2         Code  Gb  stm8l15x_it.o [1]
_interrupt_22           0x00ace3         Code  Gb  stm8l15x_it.o [1]
_interrupt_23           0x00ace4         Code  Gb  stm8l15x_it.o [1]
_interrupt_24           0x00ace5         Code  Gb  stm8l15x_it.o [1]
_interrupt_25           0x00ace6         Code  Gb  stm8l15x_it.o [1]
_interrupt_26           0x00ace7         Code  Gb  stm8l15x_it.o [1]
_interrupt_27           0x00ace8         Code  Gb  stm8l15x_it.o [1]
_interrupt_28           0x00ace9         Code  Gb  stm8l15x_it.o [1]
_interrupt_29           0x00acea         Code  Gb  stm8l15x_it.o [1]
_interrupt_3            0x00acd3         Code  Gb  stm8l15x_it.o [1]
_interrupt_30           0x00a964         Code  Gb  stm8l15x_it.o [1]
_interrupt_31           0x00aceb         Code  Gb  stm8l15x_it.o [1]
_interrupt_4            0x00acd4         Code  Gb  stm8l15x_it.o [1]
_interrupt_5            0x00acd5         Code  Gb  stm8l15x_it.o [1]
_interrupt_6            0x00a93c         Code  Gb  stm8l15x_it.o [1]
_interrupt_7            0x00acd6         Code  Gb  stm8l15x_it.o [1]
_interrupt_8            0x00acd7         Code  Gb  stm8l15x_it.o [1]
_interrupt_9            0x00acd8         Code  Gb  stm8l15x_it.o [1]
ceil                    0x00a782   0x3a  Code  Gb  ceil.o [4]
data_sending            0x0000af    0x1  Data  Gb  SX1276.o [1]
delay_ms                0x00a415   0x82  Code  Gb  delay.o [1]
exit                    0x00accc    0x3  Code  Gb  exit.o [4]
floor                   0x00a7bc   0x3a  Code  Gb  floor.o [4]
getPayloadSize          0x00ac9d    0x5  Code  Gb  stm8l15x_it.o [1]
getRSSIValue            0x00a119   0xaf  Code  Gb  stm8l15x_it.o [1]
getSNRValue             0x00ac98    0x5  Code  Gb  stm8l15x_it.o [1]
isCRCError              0x00a85f   0x30  Code  Gb  stm8l15x_it.o [1]
main                    0x00aa44   0x23  Code  Gb  main.o [1]
memcpy                  0x00a9b2   0x25  Code  Gb  memcpy.o [4]
memset                  0x00ab45   0x17  Code  Gb  memset.o [4]
onCadDone               0x00acf0    0x1  Code  Gb  SX1276.o [1]
onChangeChannel         0x00acef    0x1  Code  Gb  SX1276.o [1]
onRxDone                0x00a8bb   0x2c  Code  Gb  SX1276.o [1]
onRxError               0x00acee    0x1  Code  Gb  SX1276.o [1]
onRxTimeout             0x00aced    0x1  Code  Gb  SX1276.o [1]
onTxBefore              0x00acac    0x5  Code  Gb  SX1276.o [1]
onTxDone                0x00aca7    0x5  Code  Gb  SX1276.o [1]
onTxTimeout             0x00acec    0x1  Code  Gb  SX1276.o [1]
rxIrqCallback           0x00a614   0x40  Code  Gb  stm8l15x_it.o [1]
rxTimeoutIrqCalback     0x00abd9   0x11  Code  Gb  stm8l15x_it.o [1]
rx_once                 0x0000ae    0x1  Data  Gb  main.o [1]
txIrqCallback           0x00ab2c   0x19  Code  Gb  stm8l15x_it.o [1]


[1] = F:\Manhole\program\L052\Debug\Obj
[2] = command line
[3] = dbgstm8smd.a
[4] = dlstm8smn.a

  11 313 bytes of readonly  code memory
     193 bytes of readonly  data memory
     432 bytes of readwrite data memory

Errors: none
Warnings: none
