###############################################################################
#
# IAR ELF Linker V2.20.1.176 for STM8                     20/May/2016  13:57:26
# Copyright 2010-2015 IAR Systems AB.
#
#    Output file  =  F:\Manhole\program\L052-v0.0.1\Debug\Exe\manhole.out
#    Map file     =  F:\Manhole\program\L052-v0.0.1\Debug\List\manhole.map
#    Command line =  
#        F:\Manhole\program\L052-v0.0.1\Debug\Obj\delay.o
#        F:\Manhole\program\L052-v0.0.1\Debug\Obj\main.o
#        F:\Manhole\program\L052-v0.0.1\Debug\Obj\stm8l15x_adc.o
#        F:\Manhole\program\L052-v0.0.1\Debug\Obj\stm8l15x_aes.o
#        F:\Manhole\program\L052-v0.0.1\Debug\Obj\stm8l15x_beep.o
#        F:\Manhole\program\L052-v0.0.1\Debug\Obj\stm8l15x_clk.o
#        F:\Manhole\program\L052-v0.0.1\Debug\Obj\stm8l15x_comp.o
#        F:\Manhole\program\L052-v0.0.1\Debug\Obj\stm8l15x_dac.o
#        F:\Manhole\program\L052-v0.0.1\Debug\Obj\stm8l15x_dma.o
#        F:\Manhole\program\L052-v0.0.1\Debug\Obj\stm8l15x_exti.o
#        F:\Manhole\program\L052-v0.0.1\Debug\Obj\stm8l15x_flash.o
#        F:\Manhole\program\L052-v0.0.1\Debug\Obj\stm8l15x_gpio.o
#        F:\Manhole\program\L052-v0.0.1\Debug\Obj\stm8l15x_i2c.o
#        F:\Manhole\program\L052-v0.0.1\Debug\Obj\stm8l15x_irtim.o
#        F:\Manhole\program\L052-v0.0.1\Debug\Obj\stm8l15x_it.o
#        F:\Manhole\program\L052-v0.0.1\Debug\Obj\stm8l15x_itc.o
#        F:\Manhole\program\L052-v0.0.1\Debug\Obj\stm8l15x_iwdg.o
#        F:\Manhole\program\L052-v0.0.1\Debug\Obj\stm8l15x_lcd.o
#        F:\Manhole\program\L052-v0.0.1\Debug\Obj\stm8l15x_pwr.o
#        F:\Manhole\program\L052-v0.0.1\Debug\Obj\stm8l15x_rst.o
#        F:\Manhole\program\L052-v0.0.1\Debug\Obj\stm8l15x_rtc.o
#        F:\Manhole\program\L052-v0.0.1\Debug\Obj\stm8l15x_spi.o
#        F:\Manhole\program\L052-v0.0.1\Debug\Obj\stm8l15x_syscfg.o
#        F:\Manhole\program\L052-v0.0.1\Debug\Obj\stm8l15x_tim1.o
#        F:\Manhole\program\L052-v0.0.1\Debug\Obj\stm8l15x_tim2.o
#        F:\Manhole\program\L052-v0.0.1\Debug\Obj\stm8l15x_tim3.o
#        F:\Manhole\program\L052-v0.0.1\Debug\Obj\stm8l15x_tim4.o
#        F:\Manhole\program\L052-v0.0.1\Debug\Obj\stm8l15x_tim5.o
#        F:\Manhole\program\L052-v0.0.1\Debug\Obj\stm8l15x_usart.o
#        F:\Manhole\program\L052-v0.0.1\Debug\Obj\stm8l15x_wfe.o
#        F:\Manhole\program\L052-v0.0.1\Debug\Obj\stm8l15x_wwdg.o
#        F:\Manhole\program\L052-v0.0.1\Debug\Obj\SX1276.o
#        F:\Manhole\program\L052-v0.0.1\Debug\Obj\system.o --redirect
#        _Printf=_PrintfSmall --redirect _Scanf=_ScanfSmall -o
#        F:\Manhole\program\L052-v0.0.1\Debug\Exe\manhole.out --map
#        F:\Manhole\program\L052-v0.0.1\Debug\List\manhole.map --config "D:\IAR
#        Systems\STM8\stm8\config\lnkstm8l052r8.icf" --config_def
#        _CSTACK_SIZE=0x100 --config_def _HEAP_SIZE=0x100 --entry
#        __iar_program_start --debug_lib
#
###############################################################################

*******************************************************************************
*** RUNTIME MODEL ATTRIBUTES
***

__SystemLibrary            = DLib
__code_model               = small
__core                     = stm8
__data_model               = medium
__dlib_file_descriptor     = 0
__dlib_full_locale_support = 0
__rt_version               = 4


*******************************************************************************
*** PLACEMENT SUMMARY
***

"A1":  place at start of [0x000000-0x0000ff] { rw section .vregs };
"A2":  place at end of [0x000000-0x000fff] { block CSTACK };
"P2":  place in [from 0x000000 to 0x000fff] {
          block HEAP, rw section __DLIB_PERTHREAD, rw section .far.bss,
          rw section .far.data, rw section .far.noinit,
          rw section .far_func.textrw, rw section .huge.bss,
          rw section .huge.data, rw section .huge.noinit,
          rw section .huge_func.textrw, rw section .iar.dynexit,
          rw section .near.bss, rw section .near.data, rw section .near.noinit,
          rw section .near_func.textrw };
"A3":  place at start of [0x008000-0x00ffff] { block INTVEC };
"P3":  place in [from 0x008000 to 0x00ffff] {
          ro section __DLIB_PERTHREAD_init, ro section .far.data_init,
          ro section .far_func.textrw_init, ro section .huge.data_init,
          ro section .huge_func.textrw_init, ro section .iar.init_table,
          ro section .init_array, ro section .near.data_init,
          ro section .near.rodata, ro section .near_func.text,
          ro section .near_func.textrw_init, ro section .tiny.data_init,
          ro section .tiny.rodata_init };

  Section          Kind      Address    Size  Object
  -------          ----      -------    ----  ------
"A1":                                   0x10
  .vregs           uninit   0x000000    0x10  vregs.o [4]
                          - 0x000010    0x10

"P2":                                   0x9f
  .near.bss        zero     0x000010    0x86  SX1276.o [1]
  .near.bss        zero     0x000096    0x14  SX1276.o [1]
  .near.bss        zero     0x0000aa     0x4  SX1276.o [1]
  .near.bss        zero     0x0000ae     0x1  SX1276.o [1]
                          - 0x0000af    0x9f

"A2":                                  0x100
  CSTACK                    0x000f00   0x100  <Block>
    CSTACK         uninit   0x000f00   0x100  <Block tail>
                          - 0x001000   0x100

"A3":                                   0x80
  INTVEC                    0x008000    0x80  <Block>
    .intvec        const    0x008000    0x80  interrupt.o [4]
                          - 0x008080    0x80

"P3":                                 0x2bde
  .near_func.text  ro code  0x008080  0x1505  SX1276.o [1]
  .near_func.text  ro code  0x009585   0x45b  float.o [4]
  .near_func.text  ro code  0x0099e0   0x169  long.o [4]
  .near_func.text  ro code  0x009b49   0x13f  vreg_util.o [4]
  .near_func.text  ro code  0x009c88   0x10d  stm8l15x_exti.o [1]
  .near_func.text  ro code  0x009d95    0xfb  system.o [1]
  .near_func.text  ro code  0x009e90    0xce  stm8l15x_usart.o [1]
  .near_func.text  ro code  0x009f5e    0xcc  xdint.o [4]
  .near_func.text  ro code  0x00a02a    0xaf  stm8l15x_gpio.o [1]
  .near_func.text  ro code  0x00a0d9    0xaf  stm8l15x_it.o [1]
  .near_func.text  ro code  0x00a188    0xa0  long_util.o [4]
  .near_func.text  ro code  0x00a228    0x98  stm8l15x_clk.o [1]
  .near_func.text  ro code  0x00a2c0    0x8e  SX1276.o [1]
  .near_func.text  ro code  0x00a34e    0x89  stm8l15x_clk.o [1]
  .near_func.text  ro code  0x00a3d7    0x82  delay.o [1]
  .near_func.text  ro code  0x00a459    0x72  stm8l15x_clk.o [1]
  .near_func.text  ro code  0x00a4cb    0x65  stm8l15x_tim2.o [1]
  .near_func.text  ro code  0x00a530    0x65  stm8l15x_tim3.o [1]
  .near_func.text  ro code  0x00a595    0x41  stm8l15x_clk.o [1]
  .near_func.text  ro code  0x00a5d6    0x40  stm8l15x_it.o [1]
  .near_func.text  ro code  0x00a616    0x3f  stm8l15x_rtc.o [1]
  .near_func.text  ro code  0x00a655    0x3e  stm8l15x_usart.o [1]
  .near_func.text  ro code  0x00a693    0x3d  stm8l15x_it.o [1]
  .near_func.text  ro code  0x00a6d0    0x3a  system.o [1]
  .near_func.text  ro code  0x00a70a    0x3a  short.o [4]
  .near_func.text  ro code  0x00a744    0x3a  ceil.o [4]
  .near_func.text  ro code  0x00a77e    0x3a  floor.o [4]
  .near_func.text  ro code  0x00a7b8    0x38  stm8l15x_rtc.o [1]
  .near_func.text  ro code  0x00a7f0    0x31  system.o [1]
  .near_func.text  ro code  0x00a821    0x30  stm8l15x_it.o [1]
  .near_func.text  ro code  0x00a851    0x2c  stm8l15x_gpio.o [1]
  .near_func.text  ro code  0x00a87d    0x2a  system.o [1]
  .near_func.text  ro code  0x00a8a7    0x29  SX1276.o [1]
  .near_func.text  ro code  0x00a8d0    0x28  stm8l15x_it.o [1]
  .near_func.text  ro code  0x00a8f8    0x27  stm8l15x_it.o [1]
  .near_func.text  ro code  0x00a91f    0x27  stm8l15x_usart.o [1]
  .near_func.text  ro code  0x00a946    0x25  memcpy.o [4]
  .near_func.text  ro code  0x00a96b    0x25  dc_util.o [4]
  .near_func.text  ro code  0x00a990    0x24  stm8l15x_tim2.o [1]
  .near_func.text  ro code  0x00a9b4    0x24  stm8l15x_tim3.o [1]
  .near_func.text  ro code  0x00a9d8    0x23  stm8l15x_rtc.o [1]
  .near_func.text  ro code  0x00a9fb    0x22  stm8l15x_usart.o [1]
  .near_func.text  ro code  0x00aa1d    0x21  stm8l15x_exti.o [1]
  .iar.init_table  const    0x00aa3e     0x8  - Linker created -
  .near.rodata     const    0x00aa46    0x1e  SX1276.o [1]
  .near_func.text  ro code  0x00aa64    0x1e  init_small.o [4]
  .near_func.text  ro code  0x00aa82    0x1b  stm8l15x_gpio.o [1]
  .near_func.text  ro code  0x00aa9d    0x19  stm8l15x_it.o [1]
  .near_func.text  ro code  0x00aab6    0x17  memset.o [4]
  .near_func.text  ro code  0x00aacd    0x17  init.o [4]
  .near_func.text  ro code  0x00aae4    0x15  stm8l15x_rtc.o [1]
  .near_func.text  ro code  0x00aaf9    0x15  system.o [1]
  .near_func.text  ro code  0x00ab0e    0x15  system.o [1]
  .near_func.text  ro code  0x00ab23    0x14  __dbg_xxexit.o [3]
  .near_func.text  ro code  0x00ab37    0x13  cstartup.o [4]
  .near.rodata     const    0x00ab4a    0x10  SX1276.o [1]
  .near_func.text  ro code  0x00ab5a     0xf  stm8l15x_clk.o [1]
  .near_func.text  ro code  0x00ab69     0xf  stm8l15x_clk.o [1]
  .near_func.text  ro code  0x00ab78     0xd  main.o [1]
  .near_func.text  ro code  0x00ab85     0xd  stm8l15x_clk.o [1]
  .near_func.text  ro code  0x00ab92     0xd  stm8l15x_clk.o [1]
  .near_func.text  ro code  0x00ab9f     0xd  stm8l15x_clk.o [1]
  .near_func.text  ro code  0x00abac     0xd  stm8l15x_tim2.o [1]
  .near_func.text  ro code  0x00abb9     0xd  stm8l15x_tim3.o [1]
  .near_func.text  ro code  0x00abc6     0xa  stm8l15x_clk.o [1]
  .near_func.text  ro code  0x00abd0     0x9  stm8l15x_gpio.o [1]
  .near_func.text  ro code  0x00abd9     0x9  stm8l15x_rtc.o [1]
  .near_func.text  ro code  0x00abe2     0x7  stm8l15x_gpio.o [1]
  .near_func.text  ro code  0x00abe9     0x7  stm8l15x_gpio.o [1]
  .near.rodata     const    0x00abf0     0x5  stm8l15x_clk.o [1]
  .near_func.text  ro code  0x00abf5     0x5  stm8l15x_clk.o [1]
  .near_func.text  ro code  0x00abfa     0x5  stm8l15x_gpio.o [1]
  .near_func.text  ro code  0x00abff     0x5  stm8l15x_it.o [1]
  .near_func.text  ro code  0x00ac04     0x5  stm8l15x_it.o [1]
  .near_func.text  ro code  0x00ac09     0x5  stm8l15x_usart.o [1]
  .near_func.text  ro code  0x00ac0e     0x5  SX1276.o [1]
  .near_func.text  ro code  0x00ac13     0x5  SX1276.o [1]
  .near_func.text  ro code  0x00ac18     0x5  cexit.o [4]
  .near.rodata     const    0x00ac1d     0x4  stm8l15x_it.o [1]
  .near_func.text  ro code  0x00ac21     0x4  stm8l15x_clk.o [1]
  .near_func.text  ro code  0x00ac25     0x4  stm8l15x_clk.o [1]
  .near_func.text  ro code  0x00ac29     0x4  stm8l15x_gpio.o [1]
  .near_func.text  ro code  0x00ac2d     0x4  SX1276.o [1]
  .near_func.text  ro code  0x00ac31     0x3  interrupt.o [4]
  .near_func.text  ro code  0x00ac34     0x3  low_level_init.o [4]
  .near_func.text  ro code  0x00ac37     0x3  exit.o [4]
  .near_func.text  ro code  0x00ac3a     0x3  unhandled_exception.o [4]
  .near_func.text  ro code  0x00ac3d     0x1  stm8l15x_it.o [1]
  .near_func.text  ro code  0x00ac3e     0x1  stm8l15x_it.o [1]
  .near_func.text  ro code  0x00ac3f     0x1  stm8l15x_it.o [1]
  .near_func.text  ro code  0x00ac40     0x1  stm8l15x_it.o [1]
  .near_func.text  ro code  0x00ac41     0x1  stm8l15x_it.o [1]
  .near_func.text  ro code  0x00ac42     0x1  stm8l15x_it.o [1]
  .near_func.text  ro code  0x00ac43     0x1  stm8l15x_it.o [1]
  .near_func.text  ro code  0x00ac44     0x1  stm8l15x_it.o [1]
  .near_func.text  ro code  0x00ac45     0x1  stm8l15x_it.o [1]
  .near_func.text  ro code  0x00ac46     0x1  stm8l15x_it.o [1]
  .near_func.text  ro code  0x00ac47     0x1  stm8l15x_it.o [1]
  .near_func.text  ro code  0x00ac48     0x1  stm8l15x_it.o [1]
  .near_func.text  ro code  0x00ac49     0x1  stm8l15x_it.o [1]
  .near_func.text  ro code  0x00ac4a     0x1  stm8l15x_it.o [1]
  .near_func.text  ro code  0x00ac4b     0x1  stm8l15x_it.o [1]
  .near_func.text  ro code  0x00ac4c     0x1  stm8l15x_it.o [1]
  .near_func.text  ro code  0x00ac4d     0x1  stm8l15x_it.o [1]
  .near_func.text  ro code  0x00ac4e     0x1  stm8l15x_it.o [1]
  .near_func.text  ro code  0x00ac4f     0x1  stm8l15x_it.o [1]
  .near_func.text  ro code  0x00ac50     0x1  stm8l15x_it.o [1]
  .near_func.text  ro code  0x00ac51     0x1  stm8l15x_it.o [1]
  .near_func.text  ro code  0x00ac52     0x1  stm8l15x_it.o [1]
  .near_func.text  ro code  0x00ac53     0x1  stm8l15x_it.o [1]
  .near_func.text  ro code  0x00ac54     0x1  stm8l15x_it.o [1]
  .near_func.text  ro code  0x00ac55     0x1  stm8l15x_it.o [1]
  .near_func.text  ro code  0x00ac56     0x1  stm8l15x_it.o [1]
  .near_func.text  ro code  0x00ac57     0x1  stm8l15x_it.o [1]
  .near_func.text  ro code  0x00ac58     0x1  SX1276.o [1]
  .near_func.text  ro code  0x00ac59     0x1  SX1276.o [1]
  .near_func.text  ro code  0x00ac5a     0x1  SX1276.o [1]
  .near_func.text  ro code  0x00ac5b     0x1  SX1276.o [1]
  .near_func.text  ro code  0x00ac5c     0x1  SX1276.o [1]
  .near_func.text  ro code  0x00ac5d     0x1  __dbg_break.o [3]
                          - 0x00ac5e  0x2bde


*******************************************************************************
*** INIT TABLE
***

          Address   Size
          -------   ----
Zero (__iar_zero_init2)
    1 destination range, total size 0x9f:
          0x000010  0x9f



*******************************************************************************
*** MODULE SUMMARY
***

    Module                 ro code  ro data  rw data
    ------                 -------  -------  -------
F:\Manhole\program\L052-v0.0.1\Debug\Obj: [1]
    SX1276.o                 5 583       46      159
    delay.o                    130
    main.o                      13
    stm8l15x_clk.o             560        5
    stm8l15x_exti.o            302
    stm8l15x_gpio.o            278
    stm8l15x_it.o              489        4
    stm8l15x_rtc.o             184
    stm8l15x_tim2.o            150
    stm8l15x_tim3.o            150
    stm8l15x_usart.o           346
    system.o                   442
    ------------------------------------------------
    Total:                   8 627       55      159

command line: [2]
    ------------------------------------------------
    Total:

dbgstm8smd.a: [3]
    __dbg_break.o                1
    __dbg_xxexit.o              20
    ------------------------------------------------
    Total:                      21

dlstm8smn.a: [4]
    ceil.o                      58
    cexit.o                      5
    cstartup.o                  19
    dc_util.o                   37
    exit.o                       3
    float.o                  1 115
    floor.o                     58
    init.o                      23
    init_small.o                30
    interrupt.o                  3      128
    long.o                     361
    long_util.o                160
    low_level_init.o             3
    memcpy.o                    37
    memset.o                    23
    short.o                     58
    unhandled_exception.o        3
    vreg_util.o                319
    vregs.o                                       16
    xdint.o                    204
    ------------------------------------------------
    Total:                   2 519      128       16

    Linker created                        8      256
----------------------------------------------------
    Grand Total:            11 167      191      431


*******************************************************************************
*** ENTRY LIST
***

Entry                    Address   Size  Type      Object
-----                    -------   ----  ----      ------
.iar.init_table$$Base   0x00aa3e          --   Gb  - Linker created -
.iar.init_table$$Limit  0x00aa46          --   Gb  - Linker created -
?add32_l0_l0_0x         0x0099e8         Code  Gb  long.o [4]
?add32_l0_l0_dl         0x0099e0         Code  Gb  long.o [4]
?add32_l0_l0_l1         0x0099e5         Code  Gb  long.o [4]
?b0                     0x000000         Data  Gb  vregs.o [4]
?b1                     0x000001         Data  Gb  vregs.o [4]
?b10                    0x00000a         Data  Gb  vregs.o [4]
?b11                    0x00000b         Data  Gb  vregs.o [4]
?b12                    0x00000c         Data  Gb  vregs.o [4]
?b13                    0x00000d         Data  Gb  vregs.o [4]
?b14                    0x00000e         Data  Gb  vregs.o [4]
?b15                    0x00000f         Data  Gb  vregs.o [4]
?b2                     0x000002         Data  Gb  vregs.o [4]
?b3                     0x000003         Data  Gb  vregs.o [4]
?b4                     0x000004         Data  Gb  vregs.o [4]
?b5                     0x000005         Data  Gb  vregs.o [4]
?b6                     0x000006         Data  Gb  vregs.o [4]
?b7                     0x000007         Data  Gb  vregs.o [4]
?b8                     0x000008         Data  Gb  vregs.o [4]
?b9                     0x000009         Data  Gb  vregs.o [4]
?dc32_l0                0x00a96b         Code  Gb  dc_util.o [4]
?dc32_l1                0x00a978         Code  Gb  dc_util.o [4]
?dc32_px                0x00a985         Code  Gb  dc_util.o [4]
?e0                     0x000001         Data  Gb  vregs.o [4]
?e1                     0x000005         Data  Gb  vregs.o [4]
?e2                     0x000009         Data  Gb  vregs.o [4]
?e3                     0x00000d         Data  Gb  vregs.o [4]
?epilogue_l2            0x009bf0         Code  Gb  vreg_util.o [4]
?epilogue_l2_l3         0x009bed         Code  Gb  vreg_util.o [4]
?epilogue_l2_w6         0x009bf4         Code  Gb  vreg_util.o [4]
?epilogue_w4            0x009bfb         Code  Gb  vreg_util.o [4]
?fadd32_l0_l0_dc32      0x0095a2         Code  Gb  float.o [4]
?fadd32_l0_l0_l1        0x0095a7         Code  Gb  float.o [4]
?fcastf32s16_l0_x       0x009831         Code  Gb  float.o [4]
?fcastf32u16_l0_x       0x009838         Code  Gb  float.o [4]
?fcastf32u32_l0_l0      0x0098a6         Code  Gb  float.o [4]
?fcastu32f32_l0_l0      0x009856         Code  Gb  float.o [4]
?fcmpge32_c_l0_0x       0x0097d2         Code  Gb  float.o [4]
?fcmpge32_c_l0_dc32     0x0097cd         Code  Gb  float.o [4]
?fcmplt32_c_l0_0x       0x0097db         Code  Gb  float.o [4]
?fcmplt32_c_l0_dc32     0x0097d6         Code  Gb  float.o [4]
?fdiv32_l0_dc32_l1      0x009715         Code  Gb  float.o [4]
?fdiv32_l0_l0_dc32      0x00971a         Code  Gb  float.o [4]
?fdiv32_l0_l0_l1        0x00971f         Code  Gb  float.o [4]
?fmul32_l0_l0_dc32      0x009675         Code  Gb  float.o [4]
?fmul32_l0_l0_l1        0x00967a         Code  Gb  float.o [4]
?l0                     0x000000         Data  Gb  vregs.o [4]
?l1                     0x000004         Data  Gb  vregs.o [4]
?l2                     0x000008         Data  Gb  vregs.o [4]
?l3                     0x00000c         Data  Gb  vregs.o [4]
?load32_0x_l0           0x00a1ed         Code  Gb  long_util.o [4]
?load32_0x_l2           0x00a20c         Code  Gb  long_util.o [4]
?load32_0x_l3           0x00a21a         Code  Gb  long_util.o [4]
?load32_asp_l0          0x00a1e1         Code  Gb  long_util.o [4]
?load32_asp_l2          0x00a200         Code  Gb  long_util.o [4]
?load32_dbsp_l0         0x00a1dc         Code  Gb  long_util.o [4]
?load32_dbsp_l2         0x00a1fb         Code  Gb  long_util.o [4]
?load32_l0_0x           0x00a198         Code  Gb  long_util.o [4]
?load32_l0_asp          0x00a18d         Code  Gb  long_util.o [4]
?load32_l0_dbsp         0x00a188         Code  Gb  long_util.o [4]
?load32_l0_xsp          0x00a18f         Code  Gb  long_util.o [4]
?load32_l1_0x           0x00a1b4         Code  Gb  long_util.o [4]
?load32_l1_asp          0x00a1a9         Code  Gb  long_util.o [4]
?load32_l1_dbsp         0x00a1a4         Code  Gb  long_util.o [4]
?load32_l1_xsp          0x00a1ab         Code  Gb  long_util.o [4]
?load32_l2_0x           0x00a1d0         Code  Gb  long_util.o [4]
?load32_l2_asp          0x00a1c5         Code  Gb  long_util.o [4]
?load32_l2_dbsp         0x00a1c0         Code  Gb  long_util.o [4]
?load32_l2_xsp          0x00a1c7         Code  Gb  long_util.o [4]
?load32_xsp_l0          0x00a1e3         Code  Gb  long_util.o [4]
?load32_xsp_l2          0x00a202         Code  Gb  long_util.o [4]
?mov_e0_e1              0x009c09         Code  Gb  vreg_util.o [4]
?mov_e0_e2              0x009c16         Code  Gb  vreg_util.o [4]
?mov_e0_e3              0x009c23         Code  Gb  vreg_util.o [4]
?mov_e1_e0              0x009c30         Code  Gb  vreg_util.o [4]
?mov_e1_e2              0x009c3d         Code  Gb  vreg_util.o [4]
?mov_e1_e3              0x009c4a         Code  Gb  vreg_util.o [4]
?mov_e2_e0              0x009c57         Code  Gb  vreg_util.o [4]
?mov_e2_e1              0x009c64         Code  Gb  vreg_util.o [4]
?mov_e3_e0              0x009c71         Code  Gb  vreg_util.o [4]
?mov_e3_e1              0x009c7e         Code  Gb  vreg_util.o [4]
?mov_l0_l1              0x009c06         Code  Gb  vreg_util.o [4]
?mov_l0_l2              0x009c13         Code  Gb  vreg_util.o [4]
?mov_l0_l3              0x009c20         Code  Gb  vreg_util.o [4]
?mov_l1_l0              0x009c2d         Code  Gb  vreg_util.o [4]
?mov_l1_l2              0x009c3a         Code  Gb  vreg_util.o [4]
?mov_l1_l3              0x009c47         Code  Gb  vreg_util.o [4]
?mov_l2_l0              0x009c54         Code  Gb  vreg_util.o [4]
?mov_l2_l1              0x009c61         Code  Gb  vreg_util.o [4]
?mov_l3_l0              0x009c6e         Code  Gb  vreg_util.o [4]
?mov_l3_l1              0x009c7b         Code  Gb  vreg_util.o [4]
?mov_w1_w3              0x009c0c         Code  Gb  vreg_util.o [4]
?mov_w1_w5              0x009c19         Code  Gb  vreg_util.o [4]
?mov_w1_w7              0x009c26         Code  Gb  vreg_util.o [4]
?mov_w2_w1              0x009bff         Code  Gb  vreg_util.o [4]
?mov_w3_w1              0x009c33         Code  Gb  vreg_util.o [4]
?mov_w3_w5              0x009c40         Code  Gb  vreg_util.o [4]
?mov_w3_w7              0x009c4d         Code  Gb  vreg_util.o [4]
?mov_w5_w1              0x009c5a         Code  Gb  vreg_util.o [4]
?mov_w5_w3              0x009c67         Code  Gb  vreg_util.o [4]
?mov_w7_w1              0x009c74         Code  Gb  vreg_util.o [4]
?mov_w7_w3              0x009c81         Code  Gb  vreg_util.o [4]
?mul16_x_x_w0           0x00a70a         Code  Gb  short.o [4]
?mul32_l0_l0_0x         0x009a1e         Code  Gb  long.o [4]
?mul32_l0_l0_dl         0x009a1b         Code  Gb  long.o [4]
?mul32_l0_l0_l1         0x009a27         Code  Gb  long.o [4]
?or32_l0_l0_0x          0x009b15         Code  Gb  long.o [4]
?or32_l0_l0_l1          0x009b12         Code  Gb  long.o [4]
?pop_l0                 0x009bb9         Code  Gb  vreg_util.o [4]
?pop_l1                 0x009bc4         Code  Gb  vreg_util.o [4]
?pop_l2                 0x009bcf         Code  Gb  vreg_util.o [4]
?pop_l3                 0x009bda         Code  Gb  vreg_util.o [4]
?pop_w4                 0x009b6b         Code  Gb  vreg_util.o [4]
?pop_w6                 0x009b72         Code  Gb  vreg_util.o [4]
?pop_w7                 0x009b79         Code  Gb  vreg_util.o [4]
?push_l0                0x009b88         Code  Gb  vreg_util.o [4]
?push_l1                0x009b8d         Code  Gb  vreg_util.o [4]
?push_l2                0x009b92         Code  Gb  vreg_util.o [4]
?push_l3                0x009b97         Code  Gb  vreg_util.o [4]
?push_w4                0x009b49         Code  Gb  vreg_util.o [4]
?push_w6                0x009b4e         Code  Gb  vreg_util.o [4]
?push_w7                0x009b53         Code  Gb  vreg_util.o [4]
?sext16_x_a             0x00a73d         Code  Gb  short.o [4]
?sext32_l0_x            0x009b3e         Code  Gb  long.o [4]
?sll16_x_x_a            0x00a728         Code  Gb  short.o [4]
?sll32_0x_0x_a          0x009b30         Code  Gb  long.o [4]
?sll32_l0_l0_a          0x009b2d         Code  Gb  long.o [4]
?sra16_x_x_4            0x00a738         Code  Gb  short.o [4]
?srl16_x_x_4            0x00a733         Code  Gb  short.o [4]
?srl16_x_x_5            0x00a732         Code  Gb  short.o [4]
?srl16_x_x_6            0x00a731         Code  Gb  short.o [4]
?srl16_x_x_7            0x00a730         Code  Gb  short.o [4]
?sub32_l0_l0_0x         0x009a03         Code  Gb  long.o [4]
?sub32_l0_l0_l1         0x009a00         Code  Gb  long.o [4]
?udiv32_l0_l0_l1        0x009aa5         Code  Gb  long.o [4]
?umod32_l1_l0_l1        0x009aa5         Code  Gb  long.o [4]
?w0                     0x000000         Data  Gb  vregs.o [4]
?w1                     0x000002         Data  Gb  vregs.o [4]
?w2                     0x000004         Data  Gb  vregs.o [4]
?w3                     0x000006         Data  Gb  vregs.o [4]
?w4                     0x000008         Data  Gb  vregs.o [4]
?w5                     0x00000a         Data  Gb  vregs.o [4]
?w6                     0x00000c         Data  Gb  vregs.o [4]
?w7                     0x00000e         Data  Gb  vregs.o [4]
ADC1_COMP_IRQHandler    0x00ac4d    0x1  Code  Gb  stm8l15x_it.o [1]
Buffer                  0x0000aa    0x4  Data  Gb  SX1276.o [1]
CLK_ClockSecuritySystemEnable
                        0x00abf5    0x5  Code  Gb  stm8l15x_clk.o [1]
CLK_DeInit              0x00a595   0x41  Code  Gb  stm8l15x_clk.o [1]
CLK_GetClockFreq        0x00a459   0x72  Code  Gb  stm8l15x_clk.o [1]
CLK_GetFlagStatus       0x00a228   0x98  Code  Gb  stm8l15x_clk.o [1]
CLK_HSEConfig           0x00ab5a    0xf  Code  Gb  stm8l15x_clk.o [1]
CLK_HSICmd              0x00ab85    0xd  Code  Gb  stm8l15x_clk.o [1]
CLK_LSEConfig           0x00ab69    0xf  Code  Gb  stm8l15x_clk.o [1]
CLK_LSICmd              0x00ab92    0xd  Code  Gb  stm8l15x_clk.o [1]
CLK_PeripheralClockConfig
                        0x00a34e   0x89  Code  Gb  stm8l15x_clk.o [1]
CLK_RTCClockConfig      0x00abc6    0xa  Code  Gb  stm8l15x_clk.o [1]
CLK_SYSCLKDivConfig     0x00ac25    0x4  Code  Gb  stm8l15x_clk.o [1]
CLK_SYSCLKSourceConfig  0x00ac21    0x4  Code  Gb  stm8l15x_clk.o [1]
CLK_SYSCLKSourceSwitchCmd
                        0x00ab9f    0xd  Code  Gb  stm8l15x_clk.o [1]
CSTACK$$Base            0x000f00          --   Gb  - Linker created -
CSTACK$$Limit           0x001000          --   Gb  - Linker created -
DMA1_CHANNEL0_1_IRQHandler
                        0x00ac3f    0x1  Code  Gb  stm8l15x_it.o [1]
DMA1_CHANNEL2_3_IRQHandler
                        0x00ac40    0x1  Code  Gb  stm8l15x_it.o [1]
Deinit_All_GPIO         0x00a87d   0x2a  Code  Lc  system.o [1]
EXTI0_IRQHandler        0x00ac44    0x1  Code  Gb  stm8l15x_it.o [1]
EXTI1_IRQHandler        0x00ac45    0x1  Code  Gb  stm8l15x_it.o [1]
EXTI2_IRQHandler        0x00ac46    0x1  Code  Gb  stm8l15x_it.o [1]
EXTI3_IRQHandler        0x00ac47    0x1  Code  Gb  stm8l15x_it.o [1]
EXTI4_IRQHandler        0x00ac48    0x1  Code  Gb  stm8l15x_it.o [1]
EXTI5_IRQHandler        0x00a693   0x3d  Code  Gb  stm8l15x_it.o [1]
EXTI6_IRQHandler        0x00ac49    0x1  Code  Gb  stm8l15x_it.o [1]
EXTI7_IRQHandler        0x00ac4a    0x1  Code  Gb  stm8l15x_it.o [1]
EXTIB_G_IRQHandler      0x00ac42    0x1  Code  Gb  stm8l15x_it.o [1]
EXTID_H_IRQHandler      0x00ac43    0x1  Code  Gb  stm8l15x_it.o [1]
EXTIE_F_PVD_IRQHandler  0x00ac41    0x1  Code  Gb  stm8l15x_it.o [1]
EXTI_ClearITPendingBit  0x00aa1d   0x21  Code  Gb  stm8l15x_exti.o [1]
EXTI_SetPinSensitivity  0x009c88  0x10d  Code  Gb  stm8l15x_exti.o [1]
FLASH_IRQHandler        0x00ac3e    0x1  Code  Gb  stm8l15x_it.o [1]
GPIO_DeInit             0x00aa82   0x1b  Code  Gb  stm8l15x_gpio.o [1]
GPIO_ExternalPullUpConfig
                        0x00a851   0x2c  Code  Gb  stm8l15x_gpio.o [1]
GPIO_Init               0x00a02a   0xaf  Code  Gb  stm8l15x_gpio.o [1]
GPIO_ReadInputData      0x00abfa    0x5  Code  Gb  stm8l15x_gpio.o [1]
GPIO_ReadInputDataBit   0x00abd0    0x9  Code  Gb  stm8l15x_gpio.o [1]
GPIO_ResetBits          0x00ac29    0x4  Code  Gb  stm8l15x_gpio.o [1]
GPIO_SetBits            0x00abe2    0x7  Code  Gb  stm8l15x_gpio.o [1]
GPIO_ToggleBits         0x00abe9    0x7  Code  Gb  stm8l15x_gpio.o [1]
Get_MISO                0x0082ec    0x9  Code  Gb  SX1276.o [1]
I2C1_SPI2_IRQHandler    0x00ac57    0x1  Code  Gb  stm8l15x_it.o [1]
INTVEC$$Base            0x008000          --   Gb  - Linker created -
INTVEC$$Limit           0x008080          --   Gb  - Linker created -
Init_CLK                0x009df8   0x8c  Code  Lc  system.o [1]
Init_Delay              0x009dc9   0x17  Code  Lc  system.o [1]
Init_EXIT               0x00aaf9   0x15  Code  Lc  system.o [1]
Init_GPIO               0x009e84    0x6  Code  Lc  system.o [1]
Init_LED                0x009d95   0x34  Code  Lc  system.o [1]
Init_LORA_SPI           0x00832b   0xe9  Code  Lc  SX1276.o [1]
Init_RTC                0x00a7f0   0x31  Code  Lc  system.o [1]
Init_Radio              0x00a2c0   0x8e  Code  Gb  SX1276.o [1]
Init_System             0x00ab0e   0x15  Code  Gb  system.o [1]
Init_TIMER              0x009e8a    0x6  Code  Lc  system.o [1]
Init_Time               0x009de0   0x18  Code  Lc  system.o [1]
Init_USART              0x00a6d0   0x3a  Code  Lc  system.o [1]
LCD_AES_IRQHandler      0x00ac4b    0x1  Code  Gb  stm8l15x_it.o [1]
RF_SPI_MasterIO         0x008094   0x37  Code  Gb  SX1276.o [1]
RF_SPI_READ_BYTE        0x0080cb   0x35  Code  Gb  SX1276.o [1]
RTC_CSSLSE_IRQHandler   0x00a8d0   0x28  Code  Gb  stm8l15x_it.o [1]
RTC_ClearITPendingBit   0x00abd9    0x9  Code  Gb  stm8l15x_rtc.o [1]
RTC_ITConfig            0x00a7b8   0x38  Code  Gb  stm8l15x_rtc.o [1]
RTC_SetWakeUpCounter    0x00aae4   0x15  Code  Gb  stm8l15x_rtc.o [1]
RTC_WakeUpClockConfig   0x00a9d8   0x23  Code  Gb  stm8l15x_rtc.o [1]
RTC_WakeUpCmd           0x00a616   0x3f  Code  Gb  stm8l15x_rtc.o [1]
Radio                   0x00aa46   0x1e  Data  Gb  SX1276.o [1]
RadioEvents             0x00ab4a   0x10  Data  Gb  SX1276.o [1]
RadioIrqCallback        0x00ac1d    0x4  Data  Gb  stm8l15x_it.o [1]
Region$$Table$$Base     0x00aa3e          --   Gb  - Linker created -
Region$$Table$$Limit    0x00aa46          --   Gb  - Linker created -
Reset_MISO              0x0082e3    0x9  Code  Gb  SX1276.o [1]
Reset_MOSI              0x0082fe    0x9  Code  Gb  SX1276.o [1]
Reset_NSS               0x008310    0x9  Code  Gb  SX1276.o [1]
Reset_Reset             0x008322    0x9  Code  Gb  SX1276.o [1]
Reset_SCK               0x0082d1    0x9  Code  Gb  SX1276.o [1]
RxBuffer                0x000096   0x14  Data  Gb  SX1276.o [1]
RxChainCalibration      0x0081e3   0xc0  Code  Lc  SX1276.o [1]
SPI1_IRQHandler         0x00ac55    0x1  Code  Gb  stm8l15x_it.o [1]
SWITCH_CSS_BREAK_DAC_IRQHandler
                        0x00ac4c    0x1  Code  Gb  stm8l15x_it.o [1]
SX1276                  0x000010   0x86  Data  Gb  SX1276.o [1]
SX1276GetState          0x008889    0x4  Code  Gb  SX1276.o [1]
SX1276GetTimeOnAir      0x008dc3  0x198  Code  Gb  SX1276.o [1]
SX1276Init              0x008414   0x13  Code  Gb  SX1276.o [1]
SX1276IsChannelFree     0x00845b  0x42e  Code  Gb  SX1276.o [1]
SX1276LoRaFsk           0x008188   0x21  Code  Gb  SX1276.o [1]
SX1276LoRaSetOpMode     0x00813e   0x4a  Code  Gb  SX1276.o [1]
SX1276ReadBuffer        0x00811f   0x1f  Code  Gb  SX1276.o [1]
SX1276ReadFifo          0x008f88   0x2b  Code  Gb  SX1276.o [1]
SX1276ReadRssi          0x008427   0x34  Code  Gb  SX1276.o [1]
SX1276Reset             0x008080   0x14  Code  Gb  SX1276.o [1]
SX1276Send              0x008ffb  0x486  Code  Gb  SX1276.o [1]
SX1276SendingStatus     0x00ac2d    0x4  Code  Gb  SX1276.o [1]
SX1276SetChannel        0x0081a9   0x3a  Code  Gb  SX1276.o [1]
SX1276SetModem          0x0082a3   0x25  Code  Gb  SX1276.o [1]
SX1276SetPower          0x008ae0   0xf0  Code  Gb  SX1276.o [1]
SX1276SetRx             0x0094a6   0xbf  Code  Gb  SX1276.o [1]
SX1276SetRxConfig       0x00888d  0x253  Code  Gb  SX1276.o [1]
SX1276SetSleep          0x009481   0x20  Code  Gb  SX1276.o [1]
SX1276SetStby           0x0094a1    0x5  Code  Gb  SX1276.o [1]
SX1276SetTx             0x008fb3   0x48  Code  Gb  SX1276.o [1]
SX1276SetTxConfig       0x008bd0  0x1f3  Code  Gb  SX1276.o [1]
SX1276StartCad          0x009565   0x20  Code  Gb  SX1276.o [1]
SX1276WriteBuffer       0x008100   0x1f  Code  Gb  SX1276.o [1]
SX1276WriteFifo         0x008f5b   0x2d  Code  Gb  SX1276.o [1]
SYSDivFactor            0x00abf0    0x5  Data  Gb  stm8l15x_clk.o [1]
Set_MISO                0x0082da    0x9  Code  Gb  SX1276.o [1]
Set_MOSI                0x0082f5    0x9  Code  Gb  SX1276.o [1]
Set_NSS                 0x008307    0x9  Code  Gb  SX1276.o [1]
Set_Reset               0x008319    0x9  Code  Gb  SX1276.o [1]
Set_SCK                 0x0082c8    0x9  Code  Gb  SX1276.o [1]
TIM1_CC_IRQHandler      0x00ac53    0x1  Code  Gb  stm8l15x_it.o [1]
TIM1_UPD_OVF_TRG_COM_IRQHandler
                        0x00ac52    0x1  Code  Gb  stm8l15x_it.o [1]
TIM2_CC_USART2_RX_IRQHandler
                        0x00ac4f    0x1  Code  Gb  stm8l15x_it.o [1]
TIM2_Cmd                0x00abac    0xd  Code  Gb  stm8l15x_tim2.o [1]
TIM2_DeInit             0x00a4cb   0x65  Code  Gb  stm8l15x_tim2.o [1]
TIM2_TimeBaseInit       0x00a990   0x24  Code  Gb  stm8l15x_tim2.o [1]
TIM2_UPD_OVF_TRG_BRK_USART2_TX_IRQHandler
                        0x00ac4e    0x1  Code  Gb  stm8l15x_it.o [1]
TIM3_CC_USART3_RX_IRQHandler
                        0x00ac51    0x1  Code  Gb  stm8l15x_it.o [1]
TIM3_Cmd                0x00abb9    0xd  Code  Gb  stm8l15x_tim3.o [1]
TIM3_DeInit             0x00a530   0x65  Code  Gb  stm8l15x_tim3.o [1]
TIM3_TimeBaseInit       0x00a9b4   0x24  Code  Gb  stm8l15x_tim3.o [1]
TIM3_UPD_OVF_TRG_BRK_USART3_TX_IRQHandler
                        0x00ac50    0x1  Code  Gb  stm8l15x_it.o [1]
TIM4_UPD_OVF_TRG_IRQHandler
                        0x00ac54    0x1  Code  Gb  stm8l15x_it.o [1]
TRAP_IRQHandler         0x00ac3d    0x1  Code  Gb  stm8l15x_it.o [1]
USART1_RX_TIM5_CC_IRQHandler
                        0x00a8f8   0x27  Code  Gb  stm8l15x_it.o [1]
USART1_TX_TIM5_UPD_OVF_TRG_BRK_IRQHandler
                        0x00ac56    0x1  Code  Gb  stm8l15x_it.o [1]
USART_ClearFlag         0x00ac09    0x5  Code  Gb  stm8l15x_usart.o [1]
USART_Cmd               0x00a91f   0x27  Code  Gb  stm8l15x_usart.o [1]
USART_DeInit            0x00a655   0x3e  Code  Gb  stm8l15x_usart.o [1]
USART_GetFlagStatus     0x00a9fb   0x22  Code  Gb  stm8l15x_usart.o [1]
USART_Init              0x009e90   0xce  Code  Gb  stm8l15x_usart.o [1]
__DebugBreak            0x00ac5d    0x1  Code  Gb  __dbg_break.o [3]
__exit                  0x00ab23   0x14  Code  Gb  __dbg_xxexit.o [3]
__iar_Dint              0x009f5e   0xcc  Code  Gb  xdint.o [4]
__iar_data_init2        0x00aacd   0x17  Code  Gb  init.o [4]
__iar_program_start     0x00ab37         Code  Gb  cstartup.o [4]
__iar_unhandled_exception
                        0x00ac3a         Code  Gb  unhandled_exception.o [4]
__iar_zero_init2        0x00aa64         Code  Gb  init_small.o [4]
__intvec                0x008000         Data  Gb  interrupt.o [4]
__low_level_init        0x00ac34    0x3  Code  Gb  low_level_init.o [4]
_exit                   0x00ac18         Code  Gb  cexit.o [4]
_interrupt_1            0x00ac3d         Code  Gb  stm8l15x_it.o [1]
_interrupt_10           0x00ac44         Code  Gb  stm8l15x_it.o [1]
_interrupt_11           0x00ac45         Code  Gb  stm8l15x_it.o [1]
_interrupt_12           0x00ac46         Code  Gb  stm8l15x_it.o [1]
_interrupt_13           0x00ac47         Code  Gb  stm8l15x_it.o [1]
_interrupt_14           0x00ac48         Code  Gb  stm8l15x_it.o [1]
_interrupt_15           0x00a693         Code  Gb  stm8l15x_it.o [1]
_interrupt_16           0x00ac49         Code  Gb  stm8l15x_it.o [1]
_interrupt_17           0x00ac4a         Code  Gb  stm8l15x_it.o [1]
_interrupt_18           0x00ac4b         Code  Gb  stm8l15x_it.o [1]
_interrupt_19           0x00ac4c         Code  Gb  stm8l15x_it.o [1]
_interrupt_20           0x00ac4d         Code  Gb  stm8l15x_it.o [1]
_interrupt_21           0x00ac4e         Code  Gb  stm8l15x_it.o [1]
_interrupt_22           0x00ac4f         Code  Gb  stm8l15x_it.o [1]
_interrupt_23           0x00ac50         Code  Gb  stm8l15x_it.o [1]
_interrupt_24           0x00ac51         Code  Gb  stm8l15x_it.o [1]
_interrupt_25           0x00ac52         Code  Gb  stm8l15x_it.o [1]
_interrupt_26           0x00ac53         Code  Gb  stm8l15x_it.o [1]
_interrupt_27           0x00ac54         Code  Gb  stm8l15x_it.o [1]
_interrupt_28           0x00ac55         Code  Gb  stm8l15x_it.o [1]
_interrupt_29           0x00ac56         Code  Gb  stm8l15x_it.o [1]
_interrupt_3            0x00ac3e         Code  Gb  stm8l15x_it.o [1]
_interrupt_30           0x00a8f8         Code  Gb  stm8l15x_it.o [1]
_interrupt_31           0x00ac57         Code  Gb  stm8l15x_it.o [1]
_interrupt_4            0x00ac3f         Code  Gb  stm8l15x_it.o [1]
_interrupt_5            0x00ac40         Code  Gb  stm8l15x_it.o [1]
_interrupt_6            0x00a8d0         Code  Gb  stm8l15x_it.o [1]
_interrupt_7            0x00ac41         Code  Gb  stm8l15x_it.o [1]
_interrupt_8            0x00ac42         Code  Gb  stm8l15x_it.o [1]
_interrupt_9            0x00ac43         Code  Gb  stm8l15x_it.o [1]
ceil                    0x00a744   0x3a  Code  Gb  ceil.o [4]
data_sending            0x0000ae    0x1  Data  Gb  SX1276.o [1]
delay_ms                0x00a3d7   0x82  Code  Gb  delay.o [1]
exit                    0x00ac37    0x3  Code  Gb  exit.o [4]
floor                   0x00a77e   0x3a  Code  Gb  floor.o [4]
getPayloadSize          0x00ac04    0x5  Code  Gb  stm8l15x_it.o [1]
getRSSIValue            0x00a0d9   0xaf  Code  Gb  stm8l15x_it.o [1]
getSNRValue             0x00abff    0x5  Code  Gb  stm8l15x_it.o [1]
isCRCError              0x00a821   0x30  Code  Gb  stm8l15x_it.o [1]
main                    0x00ab78    0xd  Code  Gb  main.o [1]
memcpy                  0x00a946   0x25  Code  Gb  memcpy.o [4]
memset                  0x00aab6   0x17  Code  Gb  memset.o [4]
onCadDone               0x00ac5c    0x1  Code  Gb  SX1276.o [1]
onChangeChannel         0x00ac5b    0x1  Code  Gb  SX1276.o [1]
onRxDone                0x00a8a7   0x29  Code  Gb  SX1276.o [1]
onRxError               0x00ac5a    0x1  Code  Gb  SX1276.o [1]
onRxTimeout             0x00ac59    0x1  Code  Gb  SX1276.o [1]
onTxBefore              0x00ac13    0x5  Code  Gb  SX1276.o [1]
onTxDone                0x00ac0e    0x5  Code  Gb  SX1276.o [1]
onTxTimeout             0x00ac58    0x1  Code  Gb  SX1276.o [1]
rxIrqCallback           0x00a5d6   0x40  Code  Gb  stm8l15x_it.o [1]
txIrqCallback           0x00aa9d   0x19  Code  Gb  stm8l15x_it.o [1]


[1] = F:\Manhole\program\L052-v0.0.1\Debug\Obj
[2] = command line
[3] = dbgstm8smd.a
[4] = dlstm8smn.a

  11 167 bytes of readonly  code memory
     191 bytes of readonly  data memory
     431 bytes of readwrite data memory

Errors: none
Warnings: none
