###############################################################################
#
# IAR ELF Linker V7.40.3.8902/W32 for ARM                 03/Jun/2016  17:16:51
# Copyright 2007-2015 IAR Systems AB.
#
#    Output file  =  F:\Manhole\program\STM32L151\Relay\Exe\STM32L152-EVAL.out
#    Map file     =  F:\Manhole\program\STM32L151\Relay\List\STM32L152-EVAL.map
#    Command line =  
#        F:\Manhole\program\STM32L151\Relay\Obj\delay.o
#        F:\Manhole\program\STM32L151\Relay\Obj\gpio.o
#        F:\Manhole\program\STM32L151\Relay\Obj\gsm.o
#        F:\Manhole\program\STM32L151\Relay\Obj\mac.o
#        F:\Manhole\program\STM32L151\Relay\Obj\main.o
#        F:\Manhole\program\STM32L151\Relay\Obj\misc.o
#        F:\Manhole\program\STM32L151\Relay\Obj\ProcessEvent.o
#        F:\Manhole\program\STM32L151\Relay\Obj\schdule.o
#        F:\Manhole\program\STM32L151\Relay\Obj\startup_stm32l1xx_md.o
#        F:\Manhole\program\STM32L151\Relay\Obj\stm32l1xx_adc.o
#        F:\Manhole\program\STM32L151\Relay\Obj\stm32l1xx_aes.o
#        F:\Manhole\program\STM32L151\Relay\Obj\stm32l1xx_aes_util.o
#        F:\Manhole\program\STM32L151\Relay\Obj\stm32l1xx_comp.o
#        F:\Manhole\program\STM32L151\Relay\Obj\stm32l1xx_crc.o
#        F:\Manhole\program\STM32L151\Relay\Obj\stm32l1xx_dac.o
#        F:\Manhole\program\STM32L151\Relay\Obj\stm32l1xx_dbgmcu.o
#        F:\Manhole\program\STM32L151\Relay\Obj\stm32l1xx_dma.o
#        F:\Manhole\program\STM32L151\Relay\Obj\stm32l1xx_exti.o
#        F:\Manhole\program\STM32L151\Relay\Obj\stm32l1xx_flash.o
#        F:\Manhole\program\STM32L151\Relay\Obj\stm32l1xx_flash_ramfunc.o
#        F:\Manhole\program\STM32L151\Relay\Obj\stm32l1xx_fsmc.o
#        F:\Manhole\program\STM32L151\Relay\Obj\stm32l1xx_gpio.o
#        F:\Manhole\program\STM32L151\Relay\Obj\stm32l1xx_i2c.o
#        F:\Manhole\program\STM32L151\Relay\Obj\stm32l1xx_it.o
#        F:\Manhole\program\STM32L151\Relay\Obj\stm32l1xx_iwdg.o
#        F:\Manhole\program\STM32L151\Relay\Obj\stm32l1xx_lcd.o
#        F:\Manhole\program\STM32L151\Relay\Obj\stm32l1xx_opamp.o
#        F:\Manhole\program\STM32L151\Relay\Obj\stm32l1xx_pwr.o
#        F:\Manhole\program\STM32L151\Relay\Obj\stm32l1xx_rcc.o
#        F:\Manhole\program\STM32L151\Relay\Obj\stm32l1xx_rtc.o
#        F:\Manhole\program\STM32L151\Relay\Obj\stm32l1xx_sdio.o
#        F:\Manhole\program\STM32L151\Relay\Obj\stm32l1xx_spi.o
#        F:\Manhole\program\STM32L151\Relay\Obj\stm32l1xx_syscfg.o
#        F:\Manhole\program\STM32L151\Relay\Obj\stm32l1xx_tim.o
#        F:\Manhole\program\STM32L151\Relay\Obj\stm32l1xx_usart.o
#        F:\Manhole\program\STM32L151\Relay\Obj\stm32l1xx_wwdg.o
#        F:\Manhole\program\STM32L151\Relay\Obj\SX1276.o
#        F:\Manhole\program\STM32L151\Relay\Obj\system_stm32l1xx.o
#        F:\Manhole\program\STM32L151\Relay\Obj\uart.o
#        F:\Manhole\program\STM32L151\Relay\Obj\Xbee.o --redirect
#        _Printf=_PrintfFull --redirect _Scanf=_ScanfFull -o
#        F:\Manhole\program\STM32L151\Relay\Exe\STM32L152-EVAL.out --map
#        F:\Manhole\program\STM32L151\Relay\List\STM32L152-EVAL.map --config
#        F:\Manhole\program\STM32L151\stm32l1xx_flash.icf --semihosting --entry
#        __iar_program_start --vfe
#
###############################################################################

*******************************************************************************
*** RUNTIME MODEL ATTRIBUTES
***

CppFlavor                     = *
__Heap_Handler                = Basic
__SystemLibrary               = DLib
__dlib_dynamic_initialization = normal


*******************************************************************************
*** PLACEMENT SUMMARY
***

"A1":  place at 0x08000000 { ro section .intvec };
"P1":  place in [from 0x08000000 to 0x0807ffff] { ro };
"P2":  place in [from 0x20000000 to 0x20013fff] { rw, block CSTACK, block HEAP };

  Section             Kind        Address    Size  Object
  -------             ----        -------    ----  ------
"A1":                                        0xf4
  .intvec             ro code  0x08000000    0xf4  startup_stm32l1xx_md.o [1]
                             - 0x080000f4    0xf4

"P1":                                      0x4f4f
  .text               ro code  0x080000f4  0x1156  xprintffull.o [3]
  .text               ro code  0x0800124a    0x20  xmbtowc.o [3]
  .text               ro code  0x0800126c    0x16  strchr.o [5]
  .text               ro code  0x08001284    0x36  strlen.o [5]
  .text               ro code  0x080012bc    0x58  memchr.o [5]
  .text               ro code  0x08001314     0xa  xmbcurmax.o [3]
  .text               ro code  0x08001320    0xb0  xxmemxmalloc.o [3]
  .text               ro code  0x080013d0    0x1a  xwctomb.o [3]
  .text               ro code  0x080013ec    0x76  ABImemcpy_unaligned.o [5]
  .text               ro code  0x08001464    0x80  xxmemxfree.o [3]
  .text               ro code  0x080014e4    0xee  I64DivMod.o [5]
  .text               ro code  0x080015d2    0x42  xdnorm.o [4]
  .text               ro code  0x08001614    0x2e  DblCmpLe.o [4]
  .text               ro code  0x08001644    0x2e  DblCmpGe.o [4]
  .text               ro code  0x08001674   0x110  xdscale.o [4]
  .text               ro code  0x08001784    0x58  DblToI32.o [4]
  .text               ro code  0x080017dc    0x30  I32ToDbl.o [4]
  .text               ro code  0x0800180c   0x180  DblSub.o [4]
  .text               ro code  0x0800198c   0x1a2  DblMul.o [4]
  .text               ro code  0x08001b30   0x256  DblDiv.o [4]
  .text               ro code  0x08001d88    0x6c  localeconv.o [3]
  .text               ro code  0x08001df4     0xe  div.o [3]
  .text               ro code  0x08001e04    0x14  setlocale.o [3]
  .text               ro code  0x08001e18    0x60  xencoding_sb.o [3]
  .text               ro code  0x08001e78    0x2c  xgetmemchunk.o [3]
  .text               ro code  0x08001ea4     0x2  I64DivZer.o [5]
  .text               ro code  0x08001ea8    0xe8  DblAdd.o [4]
  .text               ro code  0x08001f90     0x2  xtls.o [3]
  .text               ro code  0x08001f94   0xdac  SX1276.o [1]
  .text               ro code  0x08002d40   0x1f0  stm32l1xx_gpio.o [1]
  .text               ro code  0x08002f30    0xb4  delay.o [1]
  .text               ro code  0x08002fe4   0x300  gpio.o [1]
  .text               ro code  0x080032e4    0x5e  ceil.o [4]
  .text               ro code  0x08003344    0x5e  floor.o [4]
  .text               ro code  0x080033a4   0x190  stm32l1xx_rcc.o [1]
  .text               ro code  0x08003534    0xa0  misc.o [1]
  .text               ro code  0x080035d4    0x54  stm32l1xx_syscfg.o [1]
  .text               ro code  0x08003628    0xb8  stm32l1xx_exti.o [1]
  .text               ro code  0x080036e0   0x64c  gsm.o [1]
  .text               ro code  0x08003d2c   0x1d6  stm32l1xx_usart.o [1]
  .text               ro code  0x08003f04    0x66  ABImemset.o [5]
  .text               ro code  0x08003f6c    0x24  printf.o [3]
  .text               ro code  0x08003f90   0x2ae  stm32l1xx_it.o [1]
  .text               ro code  0x08004240   0x254  ProcessEvent.o [1]
  .text               ro code  0x08004494   0x1fc  Xbee.o [1]
  .text               ro code  0x08004690    0x1e  U64Shr.o [5]
  .text               ro code  0x080046b0   0x1f6  mac.o [1]
  .text               ro code  0x080048a8   0x178  uart.o [1]
  .text               ro code  0x08004a20   0x174  system_stm32l1xx.o [1]
  .text               ro code  0x08004b94    0xd0  packbits_init.o [5]
  .text               ro code  0x08004c64     0x6  abort.o [3]
  .text               ro code  0x08004c6c    0x14  exit.o [6]
  .text               ro code  0x08004c80    0x80  main.o [1]
  .rodata             const    0x08004d00    0x48  SX1276.o [1]
  .text               ro code  0x08004d48    0x40  zero_init3.o [5]
  .rodata             const    0x08004d88    0x30  gsm.o [1]
  .rodata             const    0x08004db8    0x28  SX1276.o [1]
  .text               ro code  0x08004de0    0x28  data_init.o [5]
  .rodata             const    0x08004e08    0x24  gsm.o [1]
  .iar.init_table     const    0x08004e2c    0x2c  - Linker created -
  .text               ro code  0x08004e58    0x1a  cmain.o [5]
  .text               ro code  0x08004e72     0x4  low_level_init.o [3]
  .text               ro code  0x08004e76     0x4  exit.o [3]
  .text               ro code  0x08004e7c     0xa  cexit.o [5]
  .rodata             const    0x08004e88    0x18  gsm.o [1]
  .text               ro code  0x08004ea0    0x16  xprout.o [3]
  .text               ro code  0x08004eb8     0xc  putchar.o [3]
  .rodata             const    0x08004ec4    0x14  gsm.o [1]
  .rodata             const    0x08004ed8    0x14  gsm.o [1]
  .rodata             const    0x08004eec    0x10  gsm.o [1]
  .rodata             const    0x08004efc    0x10  gsm.o [1]
  .rodata             const    0x08004f0c    0x10  gsm.o [1]
  .rodata             const    0x08004f1c    0x10  ProcessEvent.o [1]
  .text               ro code  0x08004f2c    0x10  startup_stm32l1xx_md.o [1]
  .rodata             const    0x08004f3c     0xc  mac.o [1]
  .text               ro code  0x08004f48     0xc  cstartup_M.o [5]
  .text               ro code  0x08004f54     0x4  startup_stm32l1xx_md.o [1]
  .text               ro code  0x08004f58     0x4  startup_stm32l1xx_md.o [1]
  .text               ro code  0x08004f5c     0x4  startup_stm32l1xx_md.o [1]
  .text               ro code  0x08004f60     0x4  startup_stm32l1xx_md.o [1]
  .text               ro code  0x08004f64     0x4  startup_stm32l1xx_md.o [1]
  .text               ro code  0x08004f68     0x4  startup_stm32l1xx_md.o [1]
  .text               ro code  0x08004f6c     0x4  startup_stm32l1xx_md.o [1]
  .text               ro code  0x08004f70     0x4  startup_stm32l1xx_md.o [1]
  .text               ro code  0x08004f74     0x4  startup_stm32l1xx_md.o [1]
  .text               ro code  0x08004f78     0x4  startup_stm32l1xx_md.o [1]
  .text               ro code  0x08004f7c     0x4  startup_stm32l1xx_md.o [1]
  .text               ro code  0x08004f80     0x4  startup_stm32l1xx_md.o [1]
  .text               ro code  0x08004f84     0x4  startup_stm32l1xx_md.o [1]
  .text               ro code  0x08004f88     0x4  startup_stm32l1xx_md.o [1]
  .text               ro code  0x08004f8c     0x4  startup_stm32l1xx_md.o [1]
  .text               ro code  0x08004f90     0x4  startup_stm32l1xx_md.o [1]
  .text               ro code  0x08004f94     0x4  startup_stm32l1xx_md.o [1]
  .text               ro code  0x08004f98     0x4  startup_stm32l1xx_md.o [1]
  .text               ro code  0x08004f9c     0x4  startup_stm32l1xx_md.o [1]
  .text               ro code  0x08004fa0     0x4  startup_stm32l1xx_md.o [1]
  .text               ro code  0x08004fa4     0x4  startup_stm32l1xx_md.o [1]
  .text               ro code  0x08004fa8     0x4  startup_stm32l1xx_md.o [1]
  .text               ro code  0x08004fac     0x4  startup_stm32l1xx_md.o [1]
  .text               ro code  0x08004fb0     0x4  startup_stm32l1xx_md.o [1]
  .text               ro code  0x08004fb4     0x4  startup_stm32l1xx_md.o [1]
  .text               ro code  0x08004fb8     0x4  startup_stm32l1xx_md.o [1]
  .text               ro code  0x08004fbc     0x4  startup_stm32l1xx_md.o [1]
  .text               ro code  0x08004fc0     0x4  startup_stm32l1xx_md.o [1]
  .text               ro code  0x08004fc4     0x4  startup_stm32l1xx_md.o [1]
  .text               ro code  0x08004fc8     0x4  startup_stm32l1xx_md.o [1]
  .text               ro code  0x08004fcc     0x4  startup_stm32l1xx_md.o [1]
  .text               ro code  0x08004fd0     0x4  startup_stm32l1xx_md.o [1]
  .text               ro code  0x08004fd4     0x4  startup_stm32l1xx_md.o [1]
  .text               ro code  0x08004fd8     0x4  startup_stm32l1xx_md.o [1]
  .text               ro code  0x08004fdc     0x4  startup_stm32l1xx_md.o [1]
  .text               ro code  0x08004fe0     0x4  startup_stm32l1xx_md.o [1]
  .text               ro code  0x08004fe4     0x4  startup_stm32l1xx_md.o [1]
  .text               ro code  0x08004fe8     0x4  startup_stm32l1xx_md.o [1]
  .text               ro code  0x08004fec     0x4  startup_stm32l1xx_md.o [1]
  .text               ro code  0x08004ff0     0x4  startup_stm32l1xx_md.o [1]
  .text               ro code  0x08004ff4     0x4  startup_stm32l1xx_md.o [1]
  .rodata             const    0x08004ff8     0x0  zero_init3.o [5]
  .rodata             const    0x08004ff8     0x0  packbits_init.o [5]
  Initializer bytes   const    0x08004ff8    0x4b  <for P2 s0>
                             - 0x08005043  0x4f4f

"P2":                                       0xa50
  P2 s0                        0x20000000   0x15c  <Init block>
    __DLIB_PERTHREAD  inited   0x20000000    0x88  localeconv.o [3]
    __DLIB_PERTHREAD  inited   0x20000088    0x74  setlocale.o [3]
    .data             inited   0x200000fc    0x40  xfiles.o [3]
    .data             inited   0x2000013c    0x10  stm32l1xx_rcc.o [1]
    .data             inited   0x2000014c     0xc  stm32l1xx_rcc.o [1]
    .data             inited   0x20000158     0x4  system_stm32l1xx.o [1]
  .bss                zero     0x2000015c   0x124  SX1276.o [1]
  .bss                zero     0x20000280    0xa0  gsm.o [1]
  .bss                zero     0x20000320    0x50  xfiles.o [3]
  .bss                zero     0x20000370    0x3c  ProcessEvent.o [1]
  .bss                zero     0x200003b0    0x20  Xbee.o [1]
  .bss                zero     0x200003d0    0x1c  Xbee.o [1]
  .bss                zero     0x200003ec    0x14  Xbee.o [1]
  .bss                zero     0x20000400     0xc  mac.o [1]
  .bss                zero     0x2000040c     0xc  ProcessEvent.o [1]
  .bss                zero     0x20000418     0xc  SX1276.o [1]
  .bss                zero     0x20000424     0x8  schdule.o [1]
  .bss                zero     0x2000042c     0x8  xxmemxmalloc.o [3]
  .bss                zero     0x20000434     0x4  mac.o [1]
  .bss                zero     0x20000438     0x4  mac.o [1]
  .bss                zero     0x2000043c     0x4  ProcessEvent.o [1]
  .bss                zero     0x20000440     0x4  ProcessEvent.o [1]
  .bss                zero     0x20000444     0x4  xgetmemchunk.o [3]
  .bss                zero     0x20000448     0x2  delay.o [1]
  .bss                zero     0x2000044a     0x1  delay.o [1]
  .bss                zero     0x2000044b     0x1  stm32l1xx_it.o [1]
  CSTACK                       0x20000450   0x400  <Block>
    CSTACK            uninit   0x20000450   0x400  <Block tail>
  HEAP                         0x20000850   0x200  <Block>
    HEAP              uninit   0x20000850   0x200  <Block tail>
                             - 0x20000a50   0xa50


*******************************************************************************
*** INIT TABLE
***

          Address     Size
          -------     ----
Zero (__iar_zero_init3)
    1 destination range, total size 0x2f0:
          0x2000015c  0x2f0

Copy/packbits (__iar_packbits_init3)
    1 source range, total size 0x4b (21% of destination):
          0x08004ff8   0x4b
    1 destination range, total size 0x15c:
          0x20000000  0x15c



*******************************************************************************
*** MODULE SUMMARY
***

    Module                  ro code  ro data  rw data
    ------                  -------  -------  -------
F:\Manhole\program\STM32L151\Relay\Obj: [1]
    ProcessEvent.o              596       16       80
    SX1276.o                  3 500      112      304
    Xbee.o                      508                80
    delay.o                     180                 3
    gpio.o                      768
    gsm.o                     1 612      196      160
    mac.o                       502       12       20
    main.o                      128
    misc.o                      160
    schdule.o                                       8
    startup_stm32l1xx_md.o      424
    stm32l1xx_exti.o            184
    stm32l1xx_gpio.o            496
    stm32l1xx_it.o              686                 1
    stm32l1xx_rcc.o             400        6       28
    stm32l1xx_syscfg.o           84
    stm32l1xx_usart.o           470
    system_stm32l1xx.o          372        1        4
    uart.o                      376
    -------------------------------------------------
    Total:                   11 446      343      688

command line: [2]
    -------------------------------------------------
    Total:

dl7M_tlf.a: [3]
    abort.o                       6
    div.o                        14
    exit.o                        4
    localeconv.o                108       29      136
    low_level_init.o              4
    printf.o                     36
    putchar.o                    12
    setlocale.o                  20       25      116
    xencoding_sb.o               96
    xfiles.o                              14      144
    xgetmemchunk.o               44                 4
    xmbcurmax.o                  10
    xmbtowc.o                    32
    xprintffull.o             4 438
    xprout.o                     22
    xtls.o                        2
    xwctomb.o                    26
    xxmemxfree.o                128
    xxmemxmalloc.o              176                 8
    -------------------------------------------------
    Total:                    5 178       68      408

m7M_tl.a: [4]
    DblAdd.o                    232
    DblCmpGe.o                   46
    DblCmpLe.o                   46
    DblDiv.o                    598
    DblMul.o                    418
    DblSub.o                    384
    DblToI32.o                   88
    I32ToDbl.o                   48
    ceil.o                       94
    floor.o                      94
    xdnorm.o                     66
    xdscale.o                   272
    -------------------------------------------------
    Total:                    2 386

rt7M_tl.a: [5]
    ABImemcpy_unaligned.o       118
    ABImemset.o                 102
    I64DivMod.o                 238
    I64DivZer.o                   2
    U64Shr.o                     30
    cexit.o                      10
    cmain.o                      26
    cstartup_M.o                 12
    data_init.o                  40
    memchr.o                     88
    packbits_init.o             208
    strchr.o                     22
    strlen.o                     54
    zero_init3.o                 64
    -------------------------------------------------
    Total:                    1 014

shb_l.a: [6]
    exit.o                       20
    -------------------------------------------------
    Total:                       20

    Gaps                         46        2        4
    Linker created                        44    1 536
-----------------------------------------------------
    Grand Total:             20 090      457    2 636


*******************************************************************************
*** ENTRY LIST
***

Entry                      Address   Size  Type      Object
-----                      -------   ----  ----      ------
.iar.init_table$$Base   0x08004e2c          --   Gb  - Linker created -
.iar.init_table$$Limit  0x08004e58          --   Gb  - Linker created -
?main                   0x08004e59         Code  Gb  cmain.o [5]
APBAHBPrescTable        0x2000013c   0x10  Data  Lc  stm32l1xx_rcc.o [1]
BusFault_Handler        0x08004233    0x2  Code  Gb  stm32l1xx_it.o [1]
CSTACK$$Base            0x20000450          --   Gb  - Linker created -
CSTACK$$Limit           0x20000850          --   Gb  - Linker created -
DataACKPacket           0x20000400    0xc  Data  Gb  mac.o [1]
DebugMon_Handler        0x08004239    0x2  Code  Gb  stm32l1xx_it.o [1]
EXTI3_IRQHandler        0x08004119   0x2c  Code  Gb  stm32l1xx_it.o [1]
EXTI4_IRQHandler        0x08004145   0x14  Code  Gb  stm32l1xx_it.o [1]
EXTI_ClearITPendingBit  0x080036c5    0x6  Code  Gb  stm32l1xx_exti.o [1]
EXTI_GetITStatus        0x080036af   0x16  Code  Gb  stm32l1xx_exti.o [1]
EXTI_Init               0x08003629   0x86  Code  Gb  stm32l1xx_exti.o [1]
GPIO_DeInit             0x08002d41   0xc2  Code  Gb  stm32l1xx_gpio.o [1]
GPIO_Init               0x08002e25   0x96  Code  Gb  stm32l1xx_gpio.o [1]
GPIO_PinAFConfig        0x08002ee1   0x50  Code  Gb  stm32l1xx_gpio.o [1]
GPIO_ReadInputDataBit   0x08002ebb   0x16  Code  Gb  stm32l1xx_gpio.o [1]
GPIO_ResetBits          0x08002ed5    0x4  Code  Gb  stm32l1xx_gpio.o [1]
GPIO_SetBits            0x08002ed1    0x4  Code  Gb  stm32l1xx_gpio.o [1]
GPIO_ToggleBits         0x08002ed9    0x8  Code  Gb  stm32l1xx_gpio.o [1]
GPRS                    0x20000280   0xa0  Data  Gb  gsm.o [1]
GPRS_Error              0x080036e1   0x50  Code  Lc  gsm.o [1]
GPRS_Send               0x08003cc9   0x1c  Code  Lc  gsm.o [1]
GSMPowerOn_OFF          0x08003c75   0x54  Code  Gb  gsm.o [1]
HEAP$$Base              0x20000850          --   Gb  - Linker created -
HEAP$$Limit             0x20000a50          --   Gb  - Linker created -
HardFault_Handler       0x0800422f    0x2  Code  Gb  stm32l1xx_it.o [1]
InStream_Read           0x08004b95   0x22  Code  Lc  packbits_init.o [5]
Init_Delay              0x08002f31   0x28  Code  Gb  delay.o [1]
Init_Finished           0x08003227   0xb2  Code  Gb  gpio.o [1]
Init_GPIO               0x08003207   0x20  Code  Gb  gpio.o [1]
Init_GPRS               0x08003ce5   0x12  Code  Gb  gsm.o [1]
Init_GPRS_UART          0x08004961   0xb4  Code  Gb  uart.o [1]
Init_GSM                0x0800304b   0x6e  Code  Lc  gpio.o [1]
Init_LED                0x08002fe5   0x66  Code  Lc  gpio.o [1]
Init_LORA_SPI           0x080030ed  0x11a  Code  Gb  gpio.o [1]
Init_Radio              0x08002c5f   0x98  Code  Gb  SX1276.o [1]
Init_TQ                 0x08004241   0x4a  Code  Lc  ProcessEvent.o [1]
Init_XBEE_GPIO          0x080030b9   0x34  Code  Gb  gpio.o [1]
Init_XBEE_UART          0x080048a9   0xb8  Code  Gb  uart.o [1]
Init_Xbee               0x08004495   0x1a  Code  Gb  Xbee.o [1]
Link                    0x08004f3c    0xc  Data  Gb  mac.o [1]
LoRa_err                0x08002aa3   0x3c  Code  Lc  SX1276.o [1]
LoadInt                 0x08000729   0x6e  Code  Lc  xprintffull.o [3]
MemManage_Handler       0x08004231    0x2  Code  Gb  stm32l1xx_it.o [1]
NMI_Handler             0x0800422d    0x2  Code  Gb  stm32l1xx_it.o [1]
NVIC_Init               0x08003535   0x6a  Code  Gb  misc.o [1]
OS                      0x08004f1c   0x10  Data  Gb  ProcessEvent.o [1]
PLLMulTable             0x2000014c    0xc  Data  Lc  stm32l1xx_rcc.o [1]
PendSV_Handler          0x0800423b    0x2  Code  Gb  stm32l1xx_it.o [1]
Pop_T                   0x0800431b   0x6e  Code  Lc  ProcessEvent.o [1]
PostTask                0x0800428b   0x60  Code  Lc  ProcessEvent.o [1]
Process_Event           0x08004389   0xe8  Code  Lc  ProcessEvent.o [1]
Protocol                0x20000434    0x4  Data  Gb  mac.o [1]
RCC_AHBPeriphClockCmd   0x0800348b   0x20  Code  Gb  stm32l1xx_rcc.o [1]
RCC_AHBPeriphResetCmd   0x080034eb   0x20  Code  Gb  stm32l1xx_rcc.o [1]
RCC_APB1PeriphClockCmd  0x080034cb   0x20  Code  Gb  stm32l1xx_rcc.o [1]
RCC_APB2PeriphClockCmd  0x080034ab   0x20  Code  Gb  stm32l1xx_rcc.o [1]
RCC_GetClocksFreq       0x080033a5   0xe6  Code  Gb  stm32l1xx_rcc.o [1]
RF_SPI_MasterIO         0x08001fc9   0x44  Code  Gb  SX1276.o [1]
RF_SPI_READ_BYTE        0x0800200d   0x3e  Code  Gb  SX1276.o [1]
Radio                   0x08004d00   0x48  Data  Gb  SX1276.o [1]
RadioEvents             0x08004db8   0x28  Data  Gb  SX1276.o [1]
Region$$Table$$Base     0x08004e2c          --   Gb  - Linker created -
Region$$Table$$Limit    0x08004e58          --   Gb  - Linker created -
RxBuffer                0x20000418    0xc  Data  Gb  SX1276.o [1]
RxChainCalibration      0x0800213f   0x9c  Code  Lc  SX1276.o [1]
SVC_Handler             0x08004237    0x2  Code  Gb  stm32l1xx_it.o [1]
SX1276                  0x2000015c  0x124  Data  Gb  SX1276.o [1]
SX1276GetState          0x08002365    0xa  Code  Gb  SX1276.o [1]
SX1276GetTimeOnAir      0x080027df  0x15a  Code  Gb  SX1276.o [1]
SX1276Init              0x080022d7   0x24  Code  Gb  SX1276.o [1]
SX1276IsChannelFree     0x08002325   0x40  Code  Gb  SX1276.o [1]
SX1276LoRaFsk           0x080020e1   0x1c  Code  Gb  SX1276.o [1]
SX1276LoRaSetOpMode     0x080020a5   0x3c  Code  Gb  SX1276.o [1]
SX1276OptimalChannel    0x08002c59    0x6  Code  Lc  SX1276.o [1]
SX1276ReadBuffer        0x08002079   0x2c  Code  Gb  SX1276.o [1]
SX1276ReadFifo          0x0800295b   0x22  Code  Gb  SX1276.o [1]
SX1276ReadRssi          0x080022fb   0x2a  Code  Gb  SX1276.o [1]
SX1276Reset             0x08001f95   0x34  Code  Gb  SX1276.o [1]
SX1276Send              0x080029cf   0x9c  Code  Gb  SX1276.o [1]
SX1276SendingStatus     0x08002c09    0x6  Code  Gb  SX1276.o [1]
SX1276SetChannel        0x080020fd   0x42  Code  Gb  SX1276.o [1]
SX1276SetModem          0x080021db   0x3c  Code  Lc  SX1276.o [1]
SX1276SetPower          0x08002571   0xb8  Code  Gb  SX1276.o [1]
SX1276SetRx             0x08002b05   0xe2  Code  Gb  SX1276.o [1]
SX1276SetRxConfig       0x0800236f  0x202  Code  Gb  SX1276.o [1]
SX1276SetSleep          0x08002a71   0x28  Code  Gb  SX1276.o [1]
SX1276SetStby           0x08002a99    0xa  Code  Gb  SX1276.o [1]
SX1276SetTx             0x0800297d   0x52  Code  Gb  SX1276.o [1]
SX1276SetTxConfig       0x08002629  0x1b6  Code  Gb  SX1276.o [1]
SX1276StartCad          0x08002be7   0x22  Code  Gb  SX1276.o [1]
SX1276WriteBuffer       0x0800204b   0x2e  Code  Gb  SX1276.o [1]
SX1276WriteFifo         0x08002939   0x22  Code  Gb  SX1276.o [1]
SYSCFG_EXTILineConfig   0x080035d5   0x4e  Code  Gb  stm32l1xx_syscfg.o [1]
SensorData              0x20000424    0x8  Data  Gb  schdule.o [1]
SetSysClock             0x08004a73   0xf8  Code  Lc  system_stm32l1xx.o [1]
SysTick_CLKSourceConfig
                        0x0800359f   0x20  Code  Gb  misc.o [1]
SysTick_Handler         0x0800423d    0x2  Code  Gb  stm32l1xx_it.o [1]
SystemCoreClock         0x20000158    0x4  Data  Gb  system_stm32l1xx.o [1]
SystemInit              0x08004a21   0x52  Code  Gb  system_stm32l1xx.o [1]
TQ                      0x20000370   0x3c  Data  Gb  ProcessEvent.o [1]
USART1_IRQHandler       0x08004159   0x56  Code  Gb  stm32l1xx_it.o [1]
USART2_IRQHandler       0x080041af   0x4e  Code  Gb  stm32l1xx_it.o [1]
USART_ClearITPendingBit
                        0x08003ee5   0x1e  Code  Gb  stm32l1xx_usart.o [1]
USART_Cmd               0x08003de9   0x1c  Code  Gb  stm32l1xx_usart.o [1]
USART_GetFlagStatus     0x08003e67   0x1a  Code  Gb  stm32l1xx_usart.o [1]
USART_GetITStatus       0x08003e81   0x64  Code  Gb  stm32l1xx_usart.o [1]
USART_ITConfig          0x08003e15   0x52  Code  Gb  stm32l1xx_usart.o [1]
USART_Init              0x08003d2d   0xb0  Code  Gb  stm32l1xx_usart.o [1]
USART_ReceiveData       0x08003e0d    0x8  Code  Gb  stm32l1xx_usart.o [1]
USART_SendData          0x08003e05    0x8  Code  Gb  stm32l1xx_usart.o [1]
UsageFault_Handler      0x08004235    0x2  Code  Gb  stm32l1xx_it.o [1]
Xbee                    0x200003b0   0x20  Data  Gb  Xbee.o [1]
XbeeSend                0x08004641   0x38  Code  Lc  Xbee.o [1]
XbeeUSARTSend           0x080044af   0x30  Code  Gb  Xbee.o [1]
_EncodingSb_Mbtowc      0x08001e33   0x30  Code  Gb  xencoding_sb.o [3]
_EncodingSb_Wctomb      0x08001e19   0x1a  Code  Gb  xencoding_sb.o [3]
_GenldFull              0x08000fb3  0x24e  Code  Lc  xprintffull.o [3]
_IsdstStr               0x2000008c    0x4  Data  Gb  setlocale.o [3]
_LdtobFull              0x08000bb1  0x3fc  Code  Lc  xprintffull.o [3]
_LitobFull              0x08000aa9  0x106  Code  Lc  xprintffull.o [3]
_LocaleEncoding         0x08001e05    0xe  Code  Gb  setlocale.o [3]
_LocaleReturnString     0x200000ac   0x50  Data  Lc  setlocale.o [3]
_Locale_Profile         0x20000090   0x1c  Data  Gb  setlocale.o [3]
_Locale_aeabi_lconv     0x20000050   0x38  Data  Gb  localeconv.o [3]
_Locale_lconv           0x20000000   0x50  Data  Gb  localeconv.o [3]
_Mbtowc                 0x0800124b   0x20  Code  Gb  xmbtowc.o [3]
_PrintfFull             0x080000f5  0x61e  Code  Gb  xprintffull.o [3]
_Prout                  0x08004ea1   0x16  Code  Gb  xprout.o [3]
_PutcharsFull           0x08001201   0x2e  Code  Lc  xprintffull.o [3]
_PutstrFull             0x08000797  0x30c  Code  Lc  xprintffull.o [3]
_TzoneStr               0x20000088    0x4  Data  Gb  setlocale.o [3]
_Wctomb                 0x080013d1   0x1a  Code  Gb  xwctomb.o [3]
__aeabi_cdcmple         0x08001615         Code  Gb  DblCmpLe.o [4]
__aeabi_cdrcmple        0x08001645         Code  Gb  DblCmpGe.o [4]
__aeabi_d2iz            0x08001785         Code  Gb  DblToI32.o [4]
__aeabi_d2uiz           0x080017b1         Code  Gb  DblToI32.o [4]
__aeabi_dadd            0x08001ea9         Code  Gb  DblAdd.o [4]
__aeabi_ddiv            0x08001b31         Code  Gb  DblDiv.o [4]
__aeabi_dmul            0x0800198d         Code  Gb  DblMul.o [4]
__aeabi_dsub            0x0800180d         Code  Gb  DblSub.o [4]
__aeabi_i2d             0x080017dd         Code  Gb  I32ToDbl.o [4]
__aeabi_ldiv0           0x08001ea5         Code  Gb  I64DivZer.o [5]
__aeabi_llsr            0x08004691         Code  Gb  U64Shr.o [5]
__aeabi_memset          0x08003f05         Code  Gb  ABImemset.o [5]
__aeabi_ui2d            0x080017f1         Code  Gb  I32ToDbl.o [4]
__aeabi_uldivmod        0x080014e5         Code  Gb  I64DivMod.o [5]
__cmain                 0x08004e59         Code  Gb  cmain.o [5]
__data_Aldata           0x2000042c    0x8  Data  Gb  xxmemxmalloc.o [3]
__data_GetMemChunk      0x08001e79   0x2c  Code  Gb  xgetmemchunk.o [3]
__exit                  0x08004c6d   0x14  Code  Gb  exit.o [6]
__iar_Dnorm             0x080015d3   0x42  Code  Gb  xdnorm.o [4]
__iar_Dscale            0x08001675  0x110  Code  Gb  xdscale.o [4]
__iar_Locale_lconv_init
                        0x08001d89   0x3a  Code  Gb  localeconv.o [3]
__iar_Mbcurmax          0x08001315    0xa  Code  Gb  xmbcurmax.o [3]
__iar_Memchr            0x080012bd         Code  Gb  memchr.o [5]
__iar_Memset            0x08003f05         Code  Gb  ABImemset.o [5]
__iar_Memset_word       0x08003f0d         Code  Gb  ABImemset.o [5]
__iar_Stdout            0x200000fc   0x40  Data  Gb  xfiles.o [3]
__iar_Strchr            0x0800126d         Code  Gb  strchr.o [5]
__iar_ceil              0x080032e5         Code  Gb  ceil.o [4]
__iar_ceill             0x080032e5         Code  Gb  ceil.o [4]
__iar_d2uiz             0x080017bd         Code  Gb  DblToI32.o [4]
__iar_dadd              0x08001ebd         Code  Gb  DblAdd.o [4]
__iar_data_init3        0x08004de1   0x28  Code  Gb  data_init.o [5]
__iar_dlib_perthread_access
                        0x08001f91    0x2  Code  Gb  xtls.o [3]
__iar_dsub              0x08001821         Code  Gb  DblSub.o [4]
__iar_dsubStart         0x08001833         Code  Gb  DblSub.o [4]
__iar_floor             0x08003345         Code  Gb  floor.o [4]
__iar_floorl            0x08003345         Code  Gb  floor.o [4]
__iar_packbits_init3    0x08004bb7   0xae  Code  Gb  packbits_init.o [5]
__iar_program_start     0x08004f49         Code  Gb  cstartup_M.o [5]
__iar_ui2d              0x080017f5         Code  Gb  I32ToDbl.o [4]
__iar_unaligned___aeabi_memcpy
                        0x080013ed         Code  Gb  ABImemcpy_unaligned.o [5]
__iar_unaligned___aeabi_memcpy4
                        0x0800140d         Code  Gb  ABImemcpy_unaligned.o [5]
__iar_unaligned___aeabi_memcpy8
                        0x0800140d         Code  Gb  ABImemcpy_unaligned.o [5]
__iar_zero_init3        0x08004d49   0x40  Code  Gb  zero_init3.o [5]
__low_level_init        0x08004e73    0x4  Code  Gb  low_level_init.o [3]
__vector_table          0x08000000         Data  Gb  startup_stm32l1xx_md.o [1]
_call_main              0x08004e65         Code  Gb  cmain.o [5]
_exit                   0x08004e7d         Code  Gb  cexit.o [5]
_main                   0x08004e6f         Code  Gb  cmain.o [5]
abort                   0x08004c65    0x6  Code  Gb  abort.o [3]
address                 0x20000438    0x4  Data  Gb  mac.o [1]
ceil                    0x080032e5         Code  Gb  ceil.o [4]
ceill                   0x080032e5         Code  Gb  ceil.o [4]
clearSettings           0x08002217   0xc0  Code  Lc  SX1276.o [1]
closeNet                0x08003755   0xb0  Code  Gb  gsm.o [1]
creatSendPacket         0x080046b1   0x78  Code  Lc  mac.o [1]
creatXbeePacket         0x080044df  0x162  Code  Gb  Xbee.o [1]
current_tsk             0x2000043c    0x4  Data  Gb  ProcessEvent.o [1]
delay_1ms               0x08002fd1   0x14  Code  Gb  delay.o [1]
delay_ms                0x08002f59   0x3e  Code  Gb  delay.o [1]
delay_s                 0x08002fb5   0x1c  Code  Gb  delay.o [1]
div                     0x08001df5    0xe  Code  Gb  div.o [3]
emptytask               0x2000040c    0xc  Data  Gb  ProcessEvent.o [1]
exit                    0x08004e77    0x4  Code  Gb  exit.o [3]
fac_ms                  0x20000448    0x2  Data  Lc  delay.o [1]
fac_us                  0x2000044a    0x1  Data  Lc  delay.o [1]
floor                   0x08003345         Code  Gb  floor.o [4]
floorl                  0x08003345         Code  Gb  floor.o [4]
fputc                   0x08003731   0x24  Code  Gb  gsm.o [1]
free                    0x08001465   0x7a  Code  Gb  xxmemxfree.o [3]
getPayloadSize          0x080040dd    0xa  Code  Gb  stm32l1xx_it.o [1]
getRSSIValue            0x08004053   0x8a  Code  Gb  stm32l1xx_it.o [1]
getRequest              0x08003b5b  0x11a  Code  Gb  gsm.o [1]
getSNRValue             0x08004049    0xa  Code  Gb  stm32l1xx_it.o [1]
ifPacketValid           0x08004839   0x4e  Code  Lc  mac.o [1]
ifSX1276Correct         0x08002ae5   0x20  Code  Lc  SX1276.o [1]
initHTTP                0x08003955   0xb0  Code  Gb  gsm.o [1]
isCRCError              0x080040e7   0x32  Code  Gb  stm32l1xx_it.o [1]
isEmpty                 0x080042eb   0x30  Code  Lc  ProcessEvent.o [1]
last_tsk                0x20000440    0x4  Data  Gb  ProcessEvent.o [1]
localeconv              0x08001dc3   0x16  Code  Gb  localeconv.o [3]
main                    0x08004c81   0x80  Code  Gb  main.o [1]
malloc                  0x08001321   0xac  Code  Gb  xxmemxmalloc.o [3]
memchr                  0x080012bd         Code  Gb  memchr.o [5]
obuf                    0x20000320   0x50  Data  Lc  xfiles.o [3]
onCadDone               0x08002c35    0x2  Code  Gb  SX1276.o [1]
onChangeChannel         0x08002c33    0x2  Code  Gb  SX1276.o [1]
onInvalid               0x08002c37    0x2  Code  Gb  SX1276.o [1]
onResendFailed          0x08002c39   0x1a  Code  Gb  SX1276.o [1]
onRxDone                0x08002c2b    0x2  Code  Gb  SX1276.o [1]
onRxError               0x08002c31    0x2  Code  Gb  SX1276.o [1]
onRxTimeout             0x08002c2f    0x2  Code  Gb  SX1276.o [1]
onTxBefore              0x08002c17   0x14  Code  Gb  SX1276.o [1]
onTxDone                0x08002c0f    0x8  Code  Gb  SX1276.o [1]
onTxTimeout             0x08002c2d    0x2  Code  Gb  SX1276.o [1]
openNet                 0x08003805  0x150  Code  Gb  gsm.o [1]
papredDataACKPacket     0x08004729   0x5c  Code  Lc  mac.o [1]
printf                  0x08003f6d   0x24  Code  Gb  printf.o [3]
putchar                 0x08004eb9    0xc  Code  Gb  putchar.o [3]
receiveDataCallback     0x08004785   0xb4  Code  Lc  mac.o [1]
rxIrqCallback           0x08003f91   0x9e  Code  Lc  stm32l1xx_it.o [1]
sendByCSMA              0x080048a5    0x2  Code  Lc  mac.o [1]
setCID                  0x08003a05   0x9a  Code  Gb  gsm.o [1]
setURL                  0x08003a9f   0xbc  Code  Gb  gsm.o [1]
strchr                  0x0800126d         Code  Gb  strchr.o [5]
strlen                  0x08001285         Code  Gb  strlen.o [5]
txIrqCallback           0x0800402f   0x1a  Code  Lc  stm32l1xx_it.o [1]
xbee_packet             0x200003d0   0x1c  Data  Gb  Xbee.o [1]
xbee_receive            0x200003ec   0x14  Data  Gb  Xbee.o [1]
xbee_receive_count      0x2000044b    0x1  Data  Gb  stm32l1xx_it.o [1]


[1] = F:\Manhole\program\STM32L151\Relay\Obj
[2] = command line
[3] = dl7M_tlf.a
[4] = m7M_tl.a
[5] = rt7M_tl.a
[6] = shb_l.a

  20 090 bytes of readonly  code memory
     457 bytes of readonly  data memory
   2 636 bytes of readwrite data memory

Errors: none
Warnings: none
