###############################################################################
#
# IAR ELF Linker V7.40.3.8902/W32 for ARM                 27/May/2016  19:25:37
# Copyright 2007-2015 IAR Systems AB.
#
#    Output file  =  F:\Manhole\program\STM32L051\Flash\flash\Exe\flash.out
#    Map file     =  F:\Manhole\program\STM32L051\Flash\flash/List\flash.map
#    Command line =  
#        F:\Manhole\program\STM32L051\Flash\Flash\Obj\main.o
#        F:\Manhole\program\STM32L051\Flash\Flash\Obj\startup_stm32l051xx.o
#        F:\Manhole\program\STM32L051\Flash\Flash\Obj\stm32l0xx_hal.o
#        --redirect _Printf=_PrintfFull --redirect _Scanf=_ScanfFull -o
#        F:\Manhole\program\STM32L051\Flash\flash\Exe\flash.out --map
#        F:\Manhole\program\STM32L051\Flash\flash/List\flash.map --config
#        F:\Manhole\program\STM32L051\Flash/stm32l051xx_flash.icf --semihosting
#        --entry __iar_program_start --vfe
#
###############################################################################

*******************************************************************************
*** RUNTIME MODEL ATTRIBUTES
***

CppFlavor       = *
__SystemLibrary = DLib


*******************************************************************************
*** PLACEMENT SUMMARY
***

"A1":  place at 0x08000000 { ro section .intvec };
"P1":  place in [from 0x08000000 to 0x0800ffff] { ro };
"P2":  place in [from 0x20000000 to 0x20001fff] { rw, block CSTACK, block HEAP };

  Section          Kind        Address   Size  Object
  -------          ----        -------   ----  ------
"A1":                                    0xc0
  .intvec          ro code  0x08000000   0xc0  startup_stm32l051xx.o [1]
                          - 0x080000c0   0xc0

"P1":                                   0x302
  .text            ro code  0x080000c0  0x1e8  main.o [1]
  .text            ro code  0x080002a8    0xc  stm32l0xx_hal.o [1]
  .text            ro code  0x080002b4   0x3c  zero_init3.o [4]
  .text            ro code  0x080002f0   0x28  data_init.o [4]
  .iar.init_table  const    0x08000318   0x10  - Linker created -
  .text            ro code  0x08000328   0x1a  cmain.o [4]
  .text            ro code  0x08000342    0x4  low_level_init.o [3]
  .text            ro code  0x08000346    0x8  exit.o [3]
  .text            ro code  0x0800034e    0x2  startup_stm32l051xx.o [1]
  .text            ro code  0x08000350    0xa  cexit.o [4]
  .text            ro code  0x0800035a    0x2  startup_stm32l051xx.o [1]
  .text            ro code  0x0800035c   0x14  exit.o [5]
  .text            ro code  0x08000370   0x10  startup_stm32l051xx.o [1]
  .text            ro code  0x08000380    0xc  cstartup_M.o [4]
  .text            ro code  0x0800038c    0x2  startup_stm32l051xx.o [1]
  .text            ro code  0x0800038e    0x2  startup_stm32l051xx.o [1]
  .text            ro code  0x08000390    0x2  startup_stm32l051xx.o [1]
  .text            ro code  0x08000392    0x2  startup_stm32l051xx.o [1]
  .text            ro code  0x08000394    0x2  startup_stm32l051xx.o [1]
  .text            ro code  0x08000396    0x2  startup_stm32l051xx.o [1]
  .text            ro code  0x08000398    0x2  startup_stm32l051xx.o [1]
  .text            ro code  0x0800039a    0x2  startup_stm32l051xx.o [1]
  .text            ro code  0x0800039c    0x2  startup_stm32l051xx.o [1]
  .text            ro code  0x0800039e    0x2  startup_stm32l051xx.o [1]
  .text            ro code  0x080003a0    0x2  startup_stm32l051xx.o [1]
  .text            ro code  0x080003a2    0x2  startup_stm32l051xx.o [1]
  .text            ro code  0x080003a4    0x2  startup_stm32l051xx.o [1]
  .text            ro code  0x080003a6    0x2  startup_stm32l051xx.o [1]
  .text            ro code  0x080003a8    0x2  startup_stm32l051xx.o [1]
  .text            ro code  0x080003aa    0x2  startup_stm32l051xx.o [1]
  .text            ro code  0x080003ac    0x2  startup_stm32l051xx.o [1]
  .text            ro code  0x080003ae    0x2  startup_stm32l051xx.o [1]
  .text            ro code  0x080003b0    0x2  startup_stm32l051xx.o [1]
  .text            ro code  0x080003b2    0x2  startup_stm32l051xx.o [1]
  .text            ro code  0x080003b4    0x2  startup_stm32l051xx.o [1]
  .text            ro code  0x080003b6    0x2  startup_stm32l051xx.o [1]
  .text            ro code  0x080003b8    0x2  startup_stm32l051xx.o [1]
  .text            ro code  0x080003ba    0x2  startup_stm32l051xx.o [1]
  .text            ro code  0x080003bc    0x2  startup_stm32l051xx.o [1]
  .text            ro code  0x080003be    0x2  startup_stm32l051xx.o [1]
  .text            ro code  0x080003c0    0x2  startup_stm32l051xx.o [1]
  .rodata          const    0x080003c2    0x0  zero_init3.o [4]
                          - 0x080003c2  0x302

"P2":                                   0x420
  .bss             zero     0x20000000   0x18  main.o [1]
  .bss             zero     0x20000018    0x4  main.o [1]
  .bss             zero     0x2000001c    0x4  stm32l0xx_hal.o [1]
  CSTACK                    0x20000020  0x400  <Block>
    CSTACK         uninit   0x20000020  0x400  <Block tail>
                          - 0x20000420  0x420


*******************************************************************************
*** INIT TABLE
***

          Address     Size
          -------     ----
Zero (__iar_zero_init3)
    1 destination range, total size 0x20:
          0x20000000  0x20



*******************************************************************************
*** MODULE SUMMARY
***

    Module                 ro code  ro data  rw data
    ------                 -------  -------  -------
F:\Manhole\program\STM32L051\Flash\Flash\Obj: [1]
    main.o                     488                28
    startup_stm32l051xx.o      266
    stm32l0xx_hal.o             12                 4
    ------------------------------------------------
    Total:                     766                32

command line: [2]
    ------------------------------------------------
    Total:

dl6M_tlf.a: [3]
    exit.o                       8
    low_level_init.o             4
    ------------------------------------------------
    Total:                      12

rt6M_tl.a: [4]
    cexit.o                     10
    cmain.o                     26
    cstartup_M.o                12
    data_init.o                 40
    zero_init3.o                60
    ------------------------------------------------
    Total:                     148

shb_l.a: [5]
    exit.o                      20
    ------------------------------------------------
    Total:                      20

    Linker created                       16    1 024
----------------------------------------------------
    Grand Total:               946       16    1 056


*******************************************************************************
*** ENTRY LIST
***

Entry                      Address  Size  Type      Object
-----                      -------  ----  ----      ------
.iar.init_table$$Base   0x08000318         --   Gb  - Linker created -
.iar.init_table$$Limit  0x08000328         --   Gb  - Linker created -
?main                   0x08000329        Code  Gb  cmain.o [4]
CSTACK$$Base            0x20000020         --   Gb  - Linker created -
CSTACK$$Limit           0x20000420         --   Gb  - Linker created -
FLASH_WaitForLastOperation
                        0x0800012f  0xdc  Code  Gb  main.o [1]
HAL_FLASH_Program       0x0800020b  0x30  Code  Gb  main.o [1]
HAL_FLASH_Unlock        0x0800023b  0x26  Code  Gb  main.o [1]
HAL_GetTick             0x080002a9   0x6  Code  Wk  stm32l0xx_hal.o [1]
ProcFlash               0x20000000  0x18  Data  Gb  main.o [1]
Region$$Table$$Base     0x08000318         --   Gb  - Linker created -
Region$$Table$$Limit    0x08000328         --   Gb  - Linker created -
SystemInit              0x080000ef  0x40  Code  Gb  main.o [1]
__cmain                 0x08000329        Code  Gb  cmain.o [4]
__exit                  0x0800035d  0x14  Code  Gb  exit.o [5]
__iar_data_init3        0x080002f1  0x28  Code  Gb  data_init.o [4]
__iar_program_start     0x08000381        Code  Gb  cstartup_M.o [4]
__iar_zero_init3        0x080002b5  0x3c  Code  Gb  zero_init3.o [4]
__low_level_init        0x08000343   0x4  Code  Gb  low_level_init.o [3]
__vector_table          0x08000000        Data  Gb  startup_stm32l051xx.o [1]
_call_main              0x08000335        Code  Gb  cmain.o [4]
_exit                   0x08000351        Code  Gb  cexit.o [4]
_main                   0x0800033f        Code  Gb  cmain.o [4]
exit                    0x08000347   0x8  Code  Gb  exit.o [3]
flash_test              0x20000018   0x4  Data  Gb  main.o [1]
main                    0x080000c1  0x2e  Code  Gb  main.o [1]
uwTick                  0x2000001c   0x4  Data  Gb  stm32l0xx_hal.o [1]


[1] = F:\Manhole\program\STM32L051\Flash\Flash\Obj
[2] = command line
[3] = dl6M_tlf.a
[4] = rt6M_tl.a
[5] = shb_l.a

    946 bytes of readonly  code memory
     16 bytes of readonly  data memory
  1 056 bytes of readwrite data memory

Errors: none
Warnings: none
