###############################################################################
#
# IAR ELF Linker V7.40.3.8902/W32 for ARM                 27/May/2016  19:38:08
# Copyright 2007-2015 IAR Systems AB.
#
#    Output file  =  F:\Manhole\program\STM32L051\EWARM\relay\Exe\relay.out
#    Map file     =  F:\Manhole\program\STM32L051\EWARM\relay/List\relay.map
#    Command line =  
#        F:\Manhole\program\STM32L051\EWARM\relay\Obj\delay.o
#        F:\Manhole\program\STM32L051\EWARM\relay\Obj\gpio.o
#        F:\Manhole\program\STM32L051\EWARM\relay\Obj\mac.o
#        F:\Manhole\program\STM32L051\EWARM\relay\Obj\main.o
#        F:\Manhole\program\STM32L051\EWARM\relay\Obj\ProcessEvent.o
#        F:\Manhole\program\STM32L051\EWARM\relay\Obj\schdule.o
#        F:\Manhole\program\STM32L051\EWARM\relay\Obj\startup_stm32l051xx.o
#        F:\Manhole\program\STM32L051\EWARM\relay\Obj\stm32l0xx_hal.o
#        F:\Manhole\program\STM32L051\EWARM\relay\Obj\stm32l0xx_hal_cortex.o
#        F:\Manhole\program\STM32L051\EWARM\relay\Obj\stm32l0xx_hal_dma.o
#        F:\Manhole\program\STM32L051\EWARM\relay\Obj\stm32l0xx_hal_flash.o
#        F:\Manhole\program\STM32L051\EWARM\relay\Obj\stm32l0xx_hal_flash_ex.o
#        F:\Manhole\program\STM32L051\EWARM\relay\Obj\stm32l0xx_hal_flash_ramfunc.o
#        F:\Manhole\program\STM32L051\EWARM\relay\Obj\stm32l0xx_hal_gpio.o
#        F:\Manhole\program\STM32L051\EWARM\relay\Obj\stm32l0xx_hal_i2c.o
#        F:\Manhole\program\STM32L051\EWARM\relay\Obj\stm32l0xx_hal_i2c_ex.o
#        F:\Manhole\program\STM32L051\EWARM\relay\Obj\stm32l0xx_hal_msp.o
#        F:\Manhole\program\STM32L051\EWARM\relay\Obj\stm32l0xx_hal_pwr.o
#        F:\Manhole\program\STM32L051\EWARM\relay\Obj\stm32l0xx_hal_pwr_ex.o
#        F:\Manhole\program\STM32L051\EWARM\relay\Obj\stm32l0xx_hal_rcc.o
#        F:\Manhole\program\STM32L051\EWARM\relay\Obj\stm32l0xx_hal_rcc_ex.o
#        F:\Manhole\program\STM32L051\EWARM\relay\Obj\stm32l0xx_hal_tim.o
#        F:\Manhole\program\STM32L051\EWARM\relay\Obj\stm32l0xx_hal_tim_ex.o
#        F:\Manhole\program\STM32L051\EWARM\relay\Obj\stm32l0xx_hal_uart.o
#        F:\Manhole\program\STM32L051\EWARM\relay\Obj\stm32l0xx_hal_uart_ex.o
#        F:\Manhole\program\STM32L051\EWARM\relay\Obj\stm32l0xx_it.o
#        F:\Manhole\program\STM32L051\EWARM\relay\Obj\SX1276.o
#        F:\Manhole\program\STM32L051\EWARM\relay\Obj\system.o
#        F:\Manhole\program\STM32L051\EWARM\relay\Obj\system_stm32l0xx.o
#        F:\Manhole\program\STM32L051\EWARM\relay\Obj\usart.o --redirect
#        _Printf=_PrintfFull --redirect _Scanf=_ScanfFull -o
#        F:\Manhole\program\STM32L051\EWARM\relay\Exe\relay.out --map
#        F:\Manhole\program\STM32L051\EWARM\relay/List\relay.map --config
#        F:\Manhole\program\STM32L051\EWARM/stm32l051xx_flash.icf --semihosting
#        --entry __iar_program_start --vfe
#
###############################################################################

*******************************************************************************
*** RUNTIME MODEL ATTRIBUTES
***

CppFlavor       = *
__SystemLibrary = DLib


*******************************************************************************
*** PLACEMENT SUMMARY
***

"A1":  place at 0x08000000 { ro section .intvec };
"P1":  place in [from 0x08000000 to 0x0800ffff] { ro };
"P2":  place in [from 0x20000000 to 0x20001fff] { rw, block CSTACK, block HEAP };

  Section            Kind        Address    Size  Object
  -------            ----        -------    ----  ------
"A1":                                       0xc0
  .intvec            ro code  0x08000000    0xc0  startup_stm32l051xx.o [1]
                            - 0x080000c0    0xc0

"P1":                                     0x2adc
  .text              ro code  0x080000c0   0x944  stm32l0xx_hal_rcc.o [1]
  .text              ro code  0x08000a04    0xbc  system.o [1]
  .text              ro code  0x08000ac0    0x5c  stm32l0xx_hal.o [1]
  .text              ro code  0x08000b1c    0xae  I32DivModFast.o [5]
  .text              ro code  0x08000bca     0x2  startup_stm32l051xx.o [1]
  .text              ro code  0x08000bcc    0x34  delay.o [1]
  .text              ro code  0x08000c00   0x174  gpio.o [1]
  .text              ro code  0x08000d74   0x764  SX1276.o [1]
  .text              ro code  0x080014d8    0xcc  usart.o [1]
  .text              ro code  0x080015a4   0x260  stm32l0xx_hal_rcc_ex.o [1]
  .text              ro code  0x08001804   0x118  stm32l0xx_hal_cortex.o [1]
  .text              ro code  0x0800191c    0x38  stm32l0xx_hal_msp.o [1]
  .text              ro code  0x08001954     0x2  IntDivZer.o [5]
  .text              ro code  0x08001956     0x2  startup_stm32l051xx.o [1]
  .text              ro code  0x08001958   0x440  stm32l0xx_hal_gpio.o [1]
  .text              ro code  0x08001d98    0x20  I32ToDbl.o [4]
  .text              ro code  0x08001db8    0xc2  DblDiv.o [4]
  .text              ro code  0x08001e7a     0x2  startup_stm32l051xx.o [1]
  .text              ro code  0x08001e7c    0x2e  DblToI32.o [4]
  .text              ro code  0x08001eaa   0x184  DblMul.o [4]
  .text              ro code  0x0800202e     0x2  startup_stm32l051xx.o [1]
  .text              ro code  0x08002030     0x4  stm32l0xx_hal_flash.o [1]
  .text              ro code  0x08002034   0x7d0  stm32l0xx_hal_uart.o [1]
  .text              ro code  0x08002804   0x1a8  DblAddSub.o [4]
  .text              ro code  0x080029ac    0x74  system_stm32l0xx.o [1]
  .text              ro code  0x08002a20    0x3c  zero_init3.o [5]
  .text              ro code  0x08002a5c    0x30  copy_init3.o [5]
  .text              ro code  0x08002a8c    0x28  stm32l0xx_it.o [1]
  .text              ro code  0x08002ab4    0x28  data_init.o [5]
  .iar.init_table    const    0x08002adc    0x24  - Linker created -
  .text              ro code  0x08002b00    0x1a  cmain.o [5]
  .text              ro code  0x08002b1a     0x4  low_level_init.o [3]
  .text              ro code  0x08002b1e     0xc  main.o [1]
  .text              ro code  0x08002b2a     0x8  exit.o [3]
  .text              ro code  0x08002b32     0x2  startup_stm32l051xx.o [1]
  .text              ro code  0x08002b34     0xa  cexit.o [5]
  .text              ro code  0x08002b3e     0x2  startup_stm32l051xx.o [1]
  .text              ro code  0x08002b40    0x14  exit.o [6]
  .text              ro code  0x08002b54    0x10  startup_stm32l051xx.o [1]
  .text              ro code  0x08002b64     0xc  cstartup_M.o [5]
  .rodata            const    0x08002b70     0x8  system_stm32l0xx.o [1]
  .text              ro code  0x08002b78     0x2  startup_stm32l051xx.o [1]
  .text              ro code  0x08002b7a     0x2  startup_stm32l051xx.o [1]
  .text              ro code  0x08002b7c     0x2  startup_stm32l051xx.o [1]
  .text              ro code  0x08002b7e     0x2  startup_stm32l051xx.o [1]
  .text              ro code  0x08002b80     0x2  startup_stm32l051xx.o [1]
  .text              ro code  0x08002b82     0x2  startup_stm32l051xx.o [1]
  .text              ro code  0x08002b84     0x2  startup_stm32l051xx.o [1]
  .text              ro code  0x08002b86     0x2  startup_stm32l051xx.o [1]
  .text              ro code  0x08002b88     0x2  startup_stm32l051xx.o [1]
  .text              ro code  0x08002b8a     0x2  startup_stm32l051xx.o [1]
  .text              ro code  0x08002b8c     0x2  startup_stm32l051xx.o [1]
  .text              ro code  0x08002b8e     0x2  startup_stm32l051xx.o [1]
  .text              ro code  0x08002b90     0x2  startup_stm32l051xx.o [1]
  .text              ro code  0x08002b92     0x2  startup_stm32l051xx.o [1]
  .text              ro code  0x08002b94     0x2  startup_stm32l051xx.o [1]
  .text              ro code  0x08002b96     0x2  startup_stm32l051xx.o [1]
  .rodata            const    0x08002b98     0x0  zero_init3.o [5]
  .rodata            const    0x08002b98     0x0  copy_init3.o [5]
  Initializer bytes  const    0x08002b98     0x4  <for P2 s0>
                            - 0x08002b9c  0x2adc

"P2":                                      0x610
  P2 s0                       0x20000000     0x4  <Init block>
    .data            inited   0x20000000     0x4  system_stm32l0xx.o [1]
  .bss               zero     0x20000004   0x124  SX1276.o [1]
  .bss               zero     0x20000128    0x70  usart.o [1]
  .bss               zero     0x20000198    0x70  usart.o [1]
  .bss               zero     0x20000208     0x4  stm32l0xx_hal.o [1]
  CSTACK                      0x20000210   0x400  <Block>
    CSTACK           uninit   0x20000210   0x400  <Block tail>
                            - 0x20000610   0x610


*******************************************************************************
*** INIT TABLE
***

          Address     Size
          -------     ----
Zero (__iar_zero_init3)
    1 destination range, total size 0x208:
          0x20000004  0x208

Copy (__iar_copy_init3)
    1 source range, total size 0x4:
          0x08002b98    0x4
    1 destination range, total size 0x4:
          0x20000000    0x4



*******************************************************************************
*** MODULE SUMMARY
***

    Module                  ro code  ro data  rw data
    ------                  -------  -------  -------
F:\Manhole\program\STM32L051\EWARM\relay\Obj: [1]
    SX1276.o                  1 892               292
    delay.o                      52
    gpio.o                      372
    main.o                       12
    startup_stm32l051xx.o       252
    stm32l0xx_hal.o              92                 4
    stm32l0xx_hal_cortex.o      280
    stm32l0xx_hal_flash.o         4
    stm32l0xx_hal_gpio.o      1 088
    stm32l0xx_hal_msp.o          56
    stm32l0xx_hal_rcc.o       2 372
    stm32l0xx_hal_rcc_ex.o      608
    stm32l0xx_hal_uart.o      2 000
    stm32l0xx_it.o               40
    system.o                    188
    system_stm32l0xx.o          116       12        4
    usart.o                     204               224
    -------------------------------------------------
    Total:                    9 628       12      524

command line: [2]
    -------------------------------------------------
    Total:

dl6M_tlf.a: [3]
    exit.o                        8
    low_level_init.o              4
    -------------------------------------------------
    Total:                       12

m6M_tl.a: [4]
    DblAddSub.o                 424
    DblDiv.o                    194
    DblMul.o                    388
    DblToI32.o                   46
    I32ToDbl.o                   32
    -------------------------------------------------
    Total:                    1 084

rt6M_tl.a: [5]
    I32DivModFast.o             174
    IntDivZer.o                   2
    cexit.o                      10
    cmain.o                      26
    copy_init3.o                 48
    cstartup_M.o                 12
    data_init.o                  40
    zero_init3.o                 60
    -------------------------------------------------
    Total:                      372

shb_l.a: [6]
    exit.o                       20
    -------------------------------------------------
    Total:                       20

    Linker created                        36    1 024
-----------------------------------------------------
    Grand Total:             11 116       48    1 548


*******************************************************************************
*** ENTRY LIST
***

Entry                      Address   Size  Type      Object
-----                      -------   ----  ----      ------
.iar.init_table$$Base   0x08002adc          --   Gb  - Linker created -
.iar.init_table$$Limit  0x08002b00          --   Gb  - Linker created -
?main                   0x08002b01         Code  Gb  cmain.o [5]
AHBPrescTable           0x08002a04   0x10  Data  Gb  system_stm32l0xx.o [1]
APBPrescTable           0x08002b70    0x8  Data  Gb  system_stm32l0xx.o [1]
CSTACK$$Base            0x20000210          --   Gb  - Linker created -
CSTACK$$Limit           0x20000610          --   Gb  - Linker created -
EXTI2_3_IRQHandler      0x08002a8d    0xa  Code  Gb  stm32l0xx_it.o [1]
EXTI4_15_IRQHandler     0x08002a97    0xa  Code  Gb  stm32l0xx_it.o [1]
Error_Handler           0x08000abd    0x2  Code  Gb  system.o [1]
FLASH_ReadByte          0x08002031    0x4  Code  Gb  stm32l0xx_hal_flash.o [1]
HAL_GPIO_EXTI_Callback  0x08001d41    0x2  Code  Wk  stm32l0xx_hal_gpio.o [1]
HAL_GPIO_EXTI_IRQHandler
                        0x08001d25   0x14  Code  Gb  stm32l0xx_hal_gpio.o [1]
HAL_GPIO_Init           0x08001959  0x2b0  Code  Gb  stm32l0xx_hal_gpio.o [1]
HAL_GPIO_ReadPin        0x08001c3d   0x5e  Code  Gb  stm32l0xx_hal_gpio.o [1]
HAL_GPIO_WritePin       0x08001ca1   0x6e  Code  Gb  stm32l0xx_hal_gpio.o [1]
HAL_GetTick             0x08000b09    0x6  Code  Wk  stm32l0xx_hal.o [1]
HAL_IncTick             0x08000aff    0xa  Code  Wk  stm32l0xx_hal.o [1]
HAL_Init                0x08000ac1   0x1a  Code  Gb  stm32l0xx_hal.o [1]
HAL_InitTick            0x08000adb   0x24  Code  Wk  stm32l0xx_hal.o [1]
HAL_MspInit             0x0800191d   0x38  Code  Gb  stm32l0xx_hal_msp.o [1]
HAL_NVIC_EnableIRQ      0x08001849   0x1c  Code  Gb  stm32l0xx_hal_cortex.o [1]
HAL_NVIC_SetPriority    0x08001805   0x44  Code  Gb  stm32l0xx_hal_cortex.o [1]
HAL_RCCEx_PeriphCLKConfig
                        0x080015a5  0x1de  Code  Gb  stm32l0xx_hal_rcc_ex.o [1]
HAL_RCC_ClockConfig     0x0800069d  0x226  Code  Gb  stm32l0xx_hal_rcc.o [1]
HAL_RCC_GetHCLKFreq     0x080009b1    0x6  Code  Gb  stm32l0xx_hal_rcc.o [1]
HAL_RCC_GetPCLK1Freq    0x080009b7    0xe  Code  Gb  stm32l0xx_hal_rcc.o [1]
HAL_RCC_GetPCLK2Freq    0x080009d5    0xc  Code  Gb  stm32l0xx_hal_rcc.o [1]
HAL_RCC_GetSysClockFreq
                        0x08000941   0x70  Code  Gb  stm32l0xx_hal_rcc.o [1]
HAL_RCC_OscConfig       0x080000c1  0x5b8  Code  Gb  stm32l0xx_hal_rcc.o [1]
HAL_SYSTICK_CLKSourceConfig
                        0x0800187d   0x2a  Code  Gb  stm32l0xx_hal_cortex.o [1]
HAL_SYSTICK_Callback    0x080018b5    0x2  Code  Wk  stm32l0xx_hal_cortex.o [1]
HAL_SYSTICK_Config      0x08001865   0x18  Code  Gb  stm32l0xx_hal_cortex.o [1]
HAL_SYSTICK_IRQHandler  0x080018ad    0x8  Code  Gb  stm32l0xx_hal_cortex.o [1]
HAL_UART_Init           0x08002035   0x88  Code  Gb  stm32l0xx_hal_uart.o [1]
HAL_UART_MspInit        0x0800152b   0x66  Code  Gb  usart.o [1]
HardFault_Handler       0x08002aa3    0x2  Code  Gb  stm32l0xx_it.o [1]
Init_Delay              0x08000bcd    0x2  Code  Gb  delay.o [1]
Init_GPIO               0x08000c01  0x174  Code  Gb  gpio.o [1]
Init_Radio              0x08001453   0x74  Code  Gb  SX1276.o [1]
Init_System             0x08000a05   0x20  Code  Gb  system.o [1]
MX_USART1_UART_Init     0x080014d9   0x22  Code  Gb  usart.o [1]
MX_USART2_UART_Init     0x080014fb   0x1c  Code  Gb  usart.o [1]
NMI_Handler             0x08002aa1    0x2  Code  Gb  stm32l0xx_it.o [1]
PLLMulTable             0x08002a14    0xc  Data  Gb  system_stm32l0xx.o [1]
PendSV_Handler          0x08002aa7    0x2  Code  Gb  stm32l0xx_it.o [1]
RF_SPI_MasterIO         0x08000da3   0x38  Code  Gb  SX1276.o [1]
RF_SPI_READ_BYTE        0x08000ddb   0x3c  Code  Gb  SX1276.o [1]
Region$$Table$$Base     0x08002adc          --   Gb  - Linker created -
Region$$Table$$Limit    0x08002b00          --   Gb  - Linker created -
SVC_Handler             0x08002aa5    0x2  Code  Gb  stm32l0xx_it.o [1]
SX1276                  0x20000004  0x124  Data  Gb  SX1276.o [1]
SX1276Init              0x08000f11  0x12e  Code  Gb  SX1276.o [1]
SX1276LoRaFsk           0x08000e8f   0x10  Code  Gb  SX1276.o [1]
SX1276LoRaSetOpMode     0x08000e73   0x1c  Code  Gb  SX1276.o [1]
SX1276ReadBuffer        0x08000e45   0x2e  Code  Gb  SX1276.o [1]
SX1276Reset             0x08000d75   0x2e  Code  Gb  SX1276.o [1]
SX1276SetChannel        0x08000ea9   0x32  Code  Gb  SX1276.o [1]
SX1276SetModem          0x08000edb   0x32  Code  Gb  SX1276.o [1]
SX1276SetPower          0x080011bd   0x9a  Code  Gb  SX1276.o [1]
SX1276SetRx             0x0800139d   0xb6  Code  Gb  SX1276.o [1]
SX1276SetRxConfig       0x0800104d  0x162  Code  Gb  SX1276.o [1]
SX1276SetTxConfig       0x08001265  0x130  Code  Gb  SX1276.o [1]
SX1276WriteBuffer       0x08000e17   0x2e  Code  Gb  SX1276.o [1]
SysTick_Handler         0x08002aa9    0xc  Code  Gb  stm32l0xx_it.o [1]
SystemClock_Config      0x08000a25   0x8c  Code  Gb  system.o [1]
SystemCoreClock         0x20000000    0x4  Data  Gb  system_stm32l0xx.o [1]
SystemInit              0x080029ad   0x40  Code  Gb  system_stm32l0xx.o [1]
UART_AdvFeatureConfig   0x080024cd  0x1c2  Code  Gb  stm32l0xx_hal_uart.o [1]
UART_CheckIdleState     0x08002445   0x50  Code  Gb  stm32l0xx_hal_uart.o [1]
UART_SetConfig          0x080020e5  0x34c  Code  Gb  stm32l0xx_hal_uart.o [1]
UART_WaitOnFlagUntilTimeout
                        0x080026f9   0xbc  Code  Gb  stm32l0xx_hal_uart.o [1]
__aeabi_d2uiz           0x08001e7d         Code  Gb  DblToI32.o [4]
__aeabi_dadd            0x08002805         Code  Gb  DblAddSub.o [4]
__aeabi_ddiv            0x08001db9         Code  Gb  DblDiv.o [4]
__aeabi_dmul            0x08001eab         Code  Gb  DblMul.o [4]
__aeabi_idiv0           0x08001955         Code  Gb  IntDivZer.o [5]
__aeabi_ui2d            0x08001d99         Code  Gb  I32ToDbl.o [4]
__aeabi_uidiv           0x08000b1d         Code  Gb  I32DivModFast.o [5]
__aeabi_uidivmod        0x08000b1d         Code  Gb  I32DivModFast.o [5]
__cmain                 0x08002b01         Code  Gb  cmain.o [5]
__exit                  0x08002b41   0x14  Code  Gb  exit.o [6]
__iar_copy_init3        0x08002a5d   0x30  Code  Gb  copy_init3.o [5]
__iar_d2uiz             0x08001e81         Code  Gb  DblToI32.o [4]
__iar_data_init3        0x08002ab5   0x28  Code  Gb  data_init.o [5]
__iar_program_start     0x08002b65         Code  Gb  cstartup_M.o [5]
__iar_ui2d              0x08001d9d         Code  Gb  I32ToDbl.o [4]
__iar_zero_init3        0x08002a21   0x3c  Code  Gb  zero_init3.o [5]
__low_level_init        0x08002b1b    0x4  Code  Gb  low_level_init.o [3]
__vector_table          0x08000000         Data  Gb  startup_stm32l051xx.o [1]
_call_main              0x08002b0d         Code  Gb  cmain.o [5]
_exit                   0x08002b35         Code  Gb  cexit.o [5]
_main                   0x08002b17         Code  Gb  cmain.o [5]
assert_failed           0x08000abf    0x2  Code  Gb  system.o [1]
delay_ms                0x08000bcf    0xa  Code  Gb  delay.o [1]
exit                    0x08002b2b    0x8  Code  Gb  exit.o [3]
huart1                  0x20000128   0x70  Data  Gb  usart.o [1]
huart2                  0x20000198   0x70  Data  Gb  usart.o [1]
main                    0x08002b1f    0xc  Code  Gb  main.o [1]
uwTick                  0x20000208    0x4  Data  Gb  stm32l0xx_hal.o [1]


[1] = F:\Manhole\program\STM32L051\EWARM\relay\Obj
[2] = command line
[3] = dl6M_tlf.a
[4] = m6M_tl.a
[5] = rt6M_tl.a
[6] = shb_l.a

  11 116 bytes of readonly  code memory
      48 bytes of readonly  data memory
   1 548 bytes of readwrite data memory

Errors: none
Warnings: none
